2226  14:58:55.318567 stat64("/etc/localtime", {st_dev=makedev(1, 0), st_ino=32808, st_mode=S_IFREG|0777, st_nlink=1, st_uid=0, st_gid=0, st_blksize=4096, st_blocks=8, st_size=127, st_atime=2018/09/25-10:24:01, st_mtime=2017/12/25-07:59:33, st_ctime=2018/09/18-10:23:00}) = 0 <0.000059>
1798  14:58:55.358861 access("/var/run/IsDefaultMac", F_OK) = -1 ENOENT (No such file or directory) <0.000160>
2226  14:58:56.319178 stat64("/etc/localtime", {st_dev=makedev(1, 0), st_ino=32808, st_mode=S_IFREG|0777, st_nlink=1, st_uid=0, st_gid=0, st_blksize=4096, st_blocks=8, st_size=127, st_atime=2018/09/25-10:24:01, st_mtime=2017/12/25-07:59:33, st_ctime=2018/09/18-10:23:00}) = 0 <0.000037>
1798  14:58:56.381875 access("/var/run/IsDefaultMac", F_OK) = -1 ENOENT (No such file or directory) <0.000117>
2226  14:58:57.319609 stat64("/etc/localtime", {st_dev=makedev(1, 0), st_ino=32808, st_mode=S_IFREG|0777, st_nlink=1, st_uid=0, st_gid=0, st_blksize=4096, st_blocks=8, st_size=127, st_atime=2018/09/25-10:24:01, st_mtime=2017/12/25-07:59:33, st_ctime=2018/09/18-10:23:00}) = 0 <0.000058>
1798  14:58:57.406939 access("/var/run/IsDefaultMac", F_OK) = -1 ENOENT (No such file or directory) <0.000114>
2226  14:58:58.321793 stat64("/etc/localtime", {st_dev=makedev(1, 0), st_ino=32808, st_mode=S_IFREG|0777, st_nlink=1, st_uid=0, st_gid=0, st_blksize=4096, st_blocks=8, st_size=127, st_atime=2018/09/25-10:24:01, st_mtime=2017/12/25-07:59:33, st_ctime=2018/09/18-10:23:00}) = 0 <0.000063>
1798  14:58:58.435509 access("/var/run/IsDefaultMac", F_OK) = -1 ENOENT (No such file or directory) <0.000120>
2226  14:58:59.330558 stat64("/etc/localtime", {st_dev=makedev(1, 0), st_ino=32808, st_mode=S_IFREG|0777, st_nlink=1, st_uid=0, st_gid=0, st_blksize=4096, st_blocks=8, st_size=127, st_atime=2018/09/25-10:24:01, st_mtime=2017/12/25-07:59:33, st_ctime=2018/09/18-10:23:00}) = 0 <0.000039>
1798  14:58:59.476181 access("/var/run/IsDefaultMac", F_OK) = -1 ENOENT (No such file or directory) <0.000075>
2226  14:59:00.335151 stat64("/etc/localtime", {st_dev=makedev(1, 0), st_ino=32808, st_mode=S_IFREG|0777, st_nlink=1, st_uid=0, st_gid=0, st_blksize=4096, st_blocks=8, st_size=127, st_atime=2018/09/25-10:24:01, st_mtime=2017/12/25-07:59:33, st_ctime=2018/09/18-10:23:00}) = 0 <0.000076>
1798  14:59:00.782645 access("/var/run/IsDefaultMac", F_OK) = -1 ENOENT (No such file or directory) <0.000073>
2226  14:59:01.335669 stat64("/etc/localtime", {st_dev=makedev(1, 0), st_ino=32808, st_mode=S_IFREG|0777, st_nlink=1, st_uid=0, st_gid=0, st_blksize=4096, st_blocks=8, st_size=127, st_atime=2018/09/25-10:24:01, st_mtime=2017/12/25-07:59:33, st_ctime=2018/09/18-10:23:00}) = 0 <0.000073>
1798  14:59:01.815639 access("/var/run/IsDefaultMac", F_OK) = -1 ENOENT (No such file or directory) <0.000096>
2226  14:59:02.338241 stat64("/etc/localtime", {st_dev=makedev(1, 0), st_ino=32808, st_mode=S_IFREG|0777, st_nlink=1, st_uid=0, st_gid=0, st_blksize=4096, st_blocks=8, st_size=127, st_atime=2018/09/25-10:24:01, st_mtime=2017/12/25-07:59:33, st_ctime=2018/09/18-10:23:00}) = 0 <0.000040>
1798  14:59:02.887320 access("/var/run/IsDefaultMac", F_OK) = -1 ENOENT (No such file or directory) <0.000114>
2226  14:59:03.341026 stat64("/etc/localtime", {st_dev=makedev(1, 0), st_ino=32808, st_mode=S_IFREG|0777, st_nlink=1, st_uid=0, st_gid=0, st_blksize=4096, st_blocks=8, st_size=127, st_atime=2018/09/25-10:24:01, st_mtime=2017/12/25-07:59:33, st_ctime=2018/09/18-10:23:00}) = 0 <0.000042>
1798  14:59:03.935633 access("/var/run/IsDefaultMac", F_OK) = -1 ENOENT (No such file or directory) <0.000076>
2226  14:59:04.341748 stat64("/etc/localtime", {st_dev=makedev(1, 0), st_ino=32808, st_mode=S_IFREG|0777, st_nlink=1, st_uid=0, st_gid=0, st_blksize=4096, st_blocks=8, st_size=127, st_atime=2018/09/25-10:24:01, st_mtime=2017/12/25-07:59:33, st_ctime=2018/09/18-10:23:00}) = 0 <0.000049>
1798  14:59:04.964263 access("/var/run/IsDefaultMac", F_OK) = -1 ENOENT (No such file or directory) <0.000106>
2226  14:59:05.342263 stat64("/etc/localtime", {st_dev=makedev(1, 0), st_ino=32808, st_mode=S_IFREG|0777, st_nlink=1, st_uid=0, st_gid=0, st_blksize=4096, st_blocks=8, st_size=127, st_atime=2018/09/25-10:24:01, st_mtime=2017/12/25-07:59:33, st_ctime=2018/09/18-10:23:00}) = 0 <0.000060>
1798  14:59:06.024648 access("/var/run/IsDefaultMac", F_OK) = -1 ENOENT (No such file or directory) <0.000115>
2226  14:59:06.342979 stat64("/etc/localtime", {st_dev=makedev(1, 0), st_ino=32808, st_mode=S_IFREG|0777, st_nlink=1, st_uid=0, st_gid=0, st_blksize=4096, st_blocks=8, st_size=127, st_atime=2018/09/25-10:24:01, st_mtime=2017/12/25-07:59:33, st_ctime=2018/09/18-10:23:00}) = 0 <0.000059>
1798  14:59:07.067025 access("/var/run/IsDefaultMac", F_OK) = -1 ENOENT (No such file or directory) <0.000086>
2226  14:59:07.343465 stat64("/etc/localtime", {st_dev=makedev(1, 0), st_ino=32808, st_mode=S_IFREG|0777, st_nlink=1, st_uid=0, st_gid=0, st_blksize=4096, st_blocks=8, st_size=127, st_atime=2018/09/25-10:24:01, st_mtime=2017/12/25-07:59:33, st_ctime=2018/09/18-10:23:00}) = 0 <0.000044>
1798  14:59:08.202491 access("/var/run/IsDefaultMac", F_OK) = -1 ENOENT (No such file or directory) <0.000218>
2226  14:59:08.343925 stat64("/etc/localtime", {st_dev=makedev(1, 0), st_ino=32808, st_mode=S_IFREG|0777, st_nlink=1, st_uid=0, st_gid=0, st_blksize=4096, st_blocks=8, st_size=127, st_atime=2018/09/25-10:24:01, st_mtime=2017/12/25-07:59:33, st_ctime=2018/09/18-10:23:00}) = 0 <0.000076>
1996  14:59:08.864018 open("/var/log/dpc_log.log", O_WRONLY|O_CREAT|O_APPEND, 0666) = 100 <0.000203>
1798  14:59:09.240823 access("/var/run/IsDefaultMac", F_OK) = -1 ENOENT (No such file or directory) <0.000069>
2226  14:59:09.344622 stat64("/etc/localtime", {st_dev=makedev(1, 0), st_ino=32808, st_mode=S_IFREG|0777, st_nlink=1, st_uid=0, st_gid=0, st_blksize=4096, st_blocks=8, st_size=127, st_atime=2018/09/25-10:24:01, st_mtime=2017/12/25-07:59:33, st_ctime=2018/09/18-10:23:00}) = 0 <0.000058>
2159  14:59:10.238199 open("/var/log/proto.log", O_WRONLY|O_CREAT|O_APPEND, 0666) = 100 <0.000084>
1798  14:59:10.265574 access("/var/run/IsDefaultMac", F_OK) = -1 ENOENT (No such file or directory) <0.000162>
2226  14:59:10.345056 stat64("/etc/localtime", {st_dev=makedev(1, 0), st_ino=32808, st_mode=S_IFREG|0777, st_nlink=1, st_uid=0, st_gid=0, st_blksize=4096, st_blocks=8, st_size=127, st_atime=2018/09/25-10:24:01, st_mtime=2017/12/25-07:59:33, st_ctime=2018/09/18-10:23:00}) = 0 <0.000055>
1798  14:59:11.291307 access("/var/run/IsDefaultMac", F_OK) = -1 ENOENT (No such file or directory) <0.000113>
2226  14:59:11.349602 stat64("/etc/localtime", {st_dev=makedev(1, 0), st_ino=32808, st_mode=S_IFREG|0777, st_nlink=1, st_uid=0, st_gid=0, st_blksize=4096, st_blocks=8, st_size=127, st_atime=2018/09/25-10:24:01, st_mtime=2017/12/25-07:59:33, st_ctime=2018/09/18-10:23:00}) = 0 <0.000043>
2226  14:59:12.350039 stat64("/etc/localtime", {st_dev=makedev(1, 0), st_ino=32808, st_mode=S_IFREG|0777, st_nlink=1, st_uid=0, st_gid=0, st_blksize=4096, st_blocks=8, st_size=127, st_atime=2018/09/25-10:24:01, st_mtime=2017/12/25-07:59:33, st_ctime=2018/09/18-10:23:00}) = 0 <0.000057>
1798  14:59:12.378418 access("/var/run/IsDefaultMac", F_OK) = -1 ENOENT (No such file or directory) <0.000073>
2226  14:59:13.350477 stat64("/etc/localtime", {st_dev=makedev(1, 0), st_ino=32808, st_mode=S_IFREG|0777, st_nlink=1, st_uid=0, st_gid=0, st_blksize=4096, st_blocks=8, st_size=127, st_atime=2018/09/25-10:24:01, st_mtime=2017/12/25-07:59:33, st_ctime=2018/09/18-10:23:00}) = 0 <0.000057>
1798  14:59:13.404150 access("/var/run/IsDefaultMac", F_OK) = -1 ENOENT (No such file or directory) <0.000069>
2226  14:59:14.350887 stat64("/etc/localtime", {st_dev=makedev(1, 0), st_ino=32808, st_mode=S_IFREG|0777, st_nlink=1, st_uid=0, st_gid=0, st_blksize=4096, st_blocks=8, st_size=127, st_atime=2018/09/25-10:24:01, st_mtime=2017/12/25-07:59:33, st_ctime=2018/09/18-10:23:00}) = 0 <0.000032>
1798  14:59:14.430096 access("/var/run/IsDefaultMac", F_OK) = -1 ENOENT (No such file or directory) <0.000115>
2226  14:59:15.351358 stat64("/etc/localtime", {st_dev=makedev(1, 0), st_ino=32808, st_mode=S_IFREG|0777, st_nlink=1, st_uid=0, st_gid=0, st_blksize=4096, st_blocks=8, st_size=127, st_atime=2018/09/25-10:24:01, st_mtime=2017/12/25-07:59:33, st_ctime=2018/09/18-10:23:00}) = 0 <0.000057>
1798  14:59:15.466208 access("/var/run/IsDefaultMac", F_OK) = -1 ENOENT (No such file or directory) <0.000138>
2226  14:59:16.351855 stat64("/etc/localtime", {st_dev=makedev(1, 0), st_ino=32808, st_mode=S_IFREG|0777, st_nlink=1, st_uid=0, st_gid=0, st_blksize=4096, st_blocks=8, st_size=127, st_atime=2018/09/25-10:24:01, st_mtime=2017/12/25-07:59:33, st_ctime=2018/09/18-10:23:00}) = 0 <0.000043>
1798  14:59:16.492144 access("/var/run/IsDefaultMac", F_OK) = -1 ENOENT (No such file or directory) <0.000139>
2226  14:59:17.352307 stat64("/etc/localtime", {st_dev=makedev(1, 0), st_ino=32808, st_mode=S_IFREG|0777, st_nlink=1, st_uid=0, st_gid=0, st_blksize=4096, st_blocks=8, st_size=127, st_atime=2018/09/25-10:24:01, st_mtime=2017/12/25-07:59:33, st_ctime=2018/09/18-10:23:00}) = 0 <0.000060>
1798  14:59:17.530002 access("/var/run/IsDefaultMac", F_OK) = -1 ENOENT (No such file or directory) <0.000095>
2226  14:59:18.352788 stat64("/etc/localtime", {st_dev=makedev(1, 0), st_ino=32808, st_mode=S_IFREG|0777, st_nlink=1, st_uid=0, st_gid=0, st_blksize=4096, st_blocks=8, st_size=127, st_atime=2018/09/25-10:24:01, st_mtime=2017/12/25-07:59:33, st_ctime=2018/09/18-10:23:00}) = 0 <0.000034>
1798  14:59:18.557017 access("/var/run/IsDefaultMac", F_OK) = -1 ENOENT (No such file or directory) <0.000069>
2226  14:59:19.353334 stat64("/etc/localtime", {st_dev=makedev(1, 0), st_ino=32808, st_mode=S_IFREG|0777, st_nlink=1, st_uid=0, st_gid=0, st_blksize=4096, st_blocks=8, st_size=127, st_atime=2018/09/25-10:24:01, st_mtime=2017/12/25-07:59:33, st_ctime=2018/09/18-10:23:00}) = 0 <0.000064>
1798  14:59:19.653866 access("/var/run/IsDefaultMac", F_OK) = -1 ENOENT (No such file or directory) <0.000176>
2226  14:59:20.353842 stat64("/etc/localtime", {st_dev=makedev(1, 0), st_ino=32808, st_mode=S_IFREG|0777, st_nlink=1, st_uid=0, st_gid=0, st_blksize=4096, st_blocks=8, st_size=127, st_atime=2018/09/25-10:24:01, st_mtime=2017/12/25-07:59:33, st_ctime=2018/09/18-10:23:00}) = 0 <0.000065>
1798  14:59:20.683848 access("/var/run/IsDefaultMac", F_OK) = -1 ENOENT (No such file or directory) <0.000092>
2226  14:59:21.354325 stat64("/etc/localtime", {st_dev=makedev(1, 0), st_ino=32808, st_mode=S_IFREG|0777, st_nlink=1, st_uid=0, st_gid=0, st_blksize=4096, st_blocks=8, st_size=127, st_atime=2018/09/25-10:24:01, st_mtime=2017/12/25-07:59:33, st_ctime=2018/09/18-10:23:00}) = 0 <0.000061>
1798  14:59:21.705698 access("/var/run/IsDefaultMac", F_OK) = -1 ENOENT (No such file or directory) <0.000094>
2226  14:59:22.354854 stat64("/etc/localtime", {st_dev=makedev(1, 0), st_ino=32808, st_mode=S_IFREG|0777, st_nlink=1, st_uid=0, st_gid=0, st_blksize=4096, st_blocks=8, st_size=127, st_atime=2018/09/25-10:24:01, st_mtime=2017/12/25-07:59:33, st_ctime=2018/09/18-10:23:00}) = 0 <0.000056>
2159  14:59:22.415184 open("/var/log/proto.log", O_WRONLY|O_CREAT|O_APPEND, 0666) = 100 <0.000084>
1798  14:59:22.726340 access("/var/run/IsDefaultMac", F_OK) = -1 ENOENT (No such file or directory) <0.000217>
2226  14:59:23.355464 stat64("/etc/localtime", {st_dev=makedev(1, 0), st_ino=32808, st_mode=S_IFREG|0777, st_nlink=1, st_uid=0, st_gid=0, st_blksize=4096, st_blocks=8, st_size=127, st_atime=2018/09/25-10:24:01, st_mtime=2017/12/25-07:59:33, st_ctime=2018/09/18-10:23:00}) = 0 <0.000037>
2226  14:59:24.355872 stat64("/etc/localtime", {st_dev=makedev(1, 0), st_ino=32808, st_mode=S_IFREG|0777, st_nlink=1, st_uid=0, st_gid=0, st_blksize=4096, st_blocks=8, st_size=127, st_atime=2018/09/25-10:24:01, st_mtime=2017/12/25-07:59:33, st_ctime=2018/09/18-10:23:00}) = 0 <0.000057>
1798  14:59:24.834210 access("/var/run/IsDefaultMac", F_OK) = -1 ENOENT (No such file or directory) <0.000069>
2226  14:59:25.356300 stat64("/etc/localtime", {st_dev=makedev(1, 0), st_ino=32808, st_mode=S_IFREG|0777, st_nlink=1, st_uid=0, st_gid=0, st_blksize=4096, st_blocks=8, st_size=127, st_atime=2018/09/25-10:24:01, st_mtime=2017/12/25-07:59:33, st_ctime=2018/09/18-10:23:00}) = 0 <0.000056>
1798  14:59:25.866076 access("/var/run/IsDefaultMac", F_OK) = -1 ENOENT (No such file or directory) <0.000124>
2226  14:59:26.356738 stat64("/etc/localtime", {st_dev=makedev(1, 0), st_ino=32808, st_mode=S_IFREG|0777, st_nlink=1, st_uid=0, st_gid=0, st_blksize=4096, st_blocks=8, st_size=127, st_atime=2018/09/25-10:24:01, st_mtime=2017/12/25-07:59:33, st_ctime=2018/09/18-10:23:00}) = 0 <0.000058>
1798  14:59:26.893289 access("/var/run/IsDefaultMac", F_OK) = -1 ENOENT (No such file or directory) <0.000092>
2226  14:59:27.357189 stat64("/etc/localtime", {st_dev=makedev(1, 0), st_ino=32808, st_mode=S_IFREG|0777, st_nlink=1, st_uid=0, st_gid=0, st_blksize=4096, st_blocks=8, st_size=127, st_atime=2018/09/25-10:24:01, st_mtime=2017/12/25-07:59:33, st_ctime=2018/09/18-10:23:00}) = 0 <0.000060>
1798  14:59:27.924579 access("/var/run/IsDefaultMac", F_OK) = -1 ENOENT (No such file or directory) <0.000075>
2226  14:59:28.357700 stat64("/etc/localtime", {st_dev=makedev(1, 0), st_ino=32808, st_mode=S_IFREG|0777, st_nlink=1, st_uid=0, st_gid=0, st_blksize=4096, st_blocks=8, st_size=127, st_atime=2018/09/25-10:24:01, st_mtime=2017/12/25-07:59:33, st_ctime=2018/09/18-10:23:00}) = 0 <0.000053>
1798  14:59:28.952059 access("/var/run/IsDefaultMac", F_OK) = -1 ENOENT (No such file or directory) <0.000492>
2226  14:59:29.358135 stat64("/etc/localtime", {st_dev=makedev(1, 0), st_ino=32808, st_mode=S_IFREG|0777, st_nlink=1, st_uid=0, st_gid=0, st_blksize=4096, st_blocks=8, st_size=127, st_atime=2018/09/25-10:24:01, st_mtime=2017/12/25-07:59:33, st_ctime=2018/09/18-10:23:00}) = 0 <0.000057>
1798  14:59:29.978749 access("/var/run/IsDefaultMac", F_OK) = -1 ENOENT (No such file or directory) <0.000164>
2226  14:59:30.358626 stat64("/etc/localtime", {st_dev=makedev(1, 0), st_ino=32808, st_mode=S_IFREG|0777, st_nlink=1, st_uid=0, st_gid=0, st_blksize=4096, st_blocks=8, st_size=127, st_atime=2018/09/25-10:24:01, st_mtime=2017/12/25-07:59:33, st_ctime=2018/09/18-10:23:00}) = 0 <0.000059>
1798  14:59:31.056320 access("/var/run/IsDefaultMac", F_OK) = -1 ENOENT (No such file or directory) <0.000136>
2226  14:59:31.359092 stat64("/etc/localtime", {st_dev=makedev(1, 0), st_ino=32808, st_mode=S_IFREG|0777, st_nlink=1, st_uid=0, st_gid=0, st_blksize=4096, st_blocks=8, st_size=127, st_atime=2018/09/25-10:24:01, st_mtime=2017/12/25-07:59:33, st_ctime=2018/09/18-10:23:00}) = 0 <0.001049>
1798  14:59:32.072004 access("/var/run/IsDefaultMac", F_OK) = -1 ENOENT (No such file or directory) <0.000095>
2226  14:59:32.361619 stat64("/etc/localtime", {st_dev=makedev(1, 0), st_ino=32808, st_mode=S_IFREG|0777, st_nlink=1, st_uid=0, st_gid=0, st_blksize=4096, st_blocks=8, st_size=127, st_atime=2018/09/25-10:24:01, st_mtime=2017/12/25-07:59:33, st_ctime=2018/09/18-10:23:00}) = 0 <0.000059>
1798  14:59:33.101298 access("/var/run/IsDefaultMac", F_OK) = -1 ENOENT (No such file or directory) <0.000091>
2226  14:59:33.362047 stat64("/etc/localtime", {st_dev=makedev(1, 0), st_ino=32808, st_mode=S_IFREG|0777, st_nlink=1, st_uid=0, st_gid=0, st_blksize=4096, st_blocks=8, st_size=127, st_atime=2018/09/25-10:24:01, st_mtime=2017/12/25-07:59:33, st_ctime=2018/09/18-10:23:00}) = 0 <0.000057>
1798  14:59:34.126935 access("/var/run/IsDefaultMac", F_OK) = -1 ENOENT (No such file or directory) <0.000081>
2226  14:59:34.362467 stat64("/etc/localtime", {st_dev=makedev(1, 0), st_ino=32808, st_mode=S_IFREG|0777, st_nlink=1, st_uid=0, st_gid=0, st_blksize=4096, st_blocks=8, st_size=127, st_atime=2018/09/25-10:24:01, st_mtime=2017/12/25-07:59:33, st_ctime=2018/09/18-10:23:00}) = 0 <0.000094>
1798  14:59:35.152474 access("/var/run/IsDefaultMac", F_OK) = -1 ENOENT (No such file or directory) <0.000122>
2226  14:59:35.363181 stat64("/etc/localtime", {st_dev=makedev(1, 0), st_ino=32808, st_mode=S_IFREG|0777, st_nlink=1, st_uid=0, st_gid=0, st_blksize=4096, st_blocks=8, st_size=127, st_atime=2018/09/25-10:24:01, st_mtime=2017/12/25-07:59:33, st_ctime=2018/09/18-10:23:00}) = 0 <0.000065>
1798  14:59:36.183720 access("/var/run/IsDefaultMac", F_OK) = -1 ENOENT (No such file or directory) <0.000068>
2226  14:59:36.364231 stat64("/etc/localtime", {st_dev=makedev(1, 0), st_ino=32808, st_mode=S_IFREG|0777, st_nlink=1, st_uid=0, st_gid=0, st_blksize=4096, st_blocks=8, st_size=127, st_atime=2018/09/25-10:24:01, st_mtime=2017/12/25-07:59:33, st_ctime=2018/09/18-10:23:00}) = 0 <0.000058>
1798  14:59:37.201567 access("/var/run/IsDefaultMac", F_OK) = -1 ENOENT (No such file or directory) <0.000154>
2226  14:59:37.364888 stat64("/etc/localtime", {st_dev=makedev(1, 0), st_ino=32808, st_mode=S_IFREG|0777, st_nlink=1, st_uid=0, st_gid=0, st_blksize=4096, st_blocks=8, st_size=127, st_atime=2018/09/25-10:24:01, st_mtime=2017/12/25-07:59:33, st_ctime=2018/09/18-10:23:00}) = 0 <0.000086>
1798  14:59:38.227290 access("/var/run/IsDefaultMac", F_OK) = -1 ENOENT (No such file or directory) <0.000093>
2226  14:59:38.365432 stat64("/etc/localtime", {st_dev=makedev(1, 0), st_ino=32808, st_mode=S_IFREG|0777, st_nlink=1, st_uid=0, st_gid=0, st_blksize=4096, st_blocks=8, st_size=127, st_atime=2018/09/25-10:24:01, st_mtime=2017/12/25-07:59:33, st_ctime=2018/09/18-10:23:00}) = 0 <0.000091>
1798  14:59:39.242525 access("/var/run/IsDefaultMac", F_OK) = -1 ENOENT (No such file or directory) <0.000105>
2226  14:59:39.365943 stat64("/etc/localtime", {st_dev=makedev(1, 0), st_ino=32808, st_mode=S_IFREG|0777, st_nlink=1, st_uid=0, st_gid=0, st_blksize=4096, st_blocks=8, st_size=127, st_atime=2018/09/25-10:24:01, st_mtime=2017/12/25-07:59:33, st_ctime=2018/09/18-10:23:00}) = 0 <0.000070>
1996  14:59:39.693409 open("/var/log/dpc_log.log", O_WRONLY|O_CREAT|O_APPEND, 0666) = 100 <0.000062>
1798  14:59:40.257923 access("/var/run/IsDefaultMac", F_OK) = -1 ENOENT (No such file or directory) <0.000223>
2226  14:59:40.366639 stat64("/etc/localtime", {st_dev=makedev(1, 0), st_ino=32808, st_mode=S_IFREG|0777, st_nlink=1, st_uid=0, st_gid=0, st_blksize=4096, st_blocks=8, st_size=127, st_atime=2018/09/25-10:24:01, st_mtime=2017/12/25-07:59:33, st_ctime=2018/09/18-10:23:00}) = 0 <0.000137>
1798  14:59:41.282439 access("/var/run/IsDefaultMac", F_OK) = -1 ENOENT (No such file or directory) <0.000093>
2226  14:59:41.367154 stat64("/etc/localtime", {st_dev=makedev(1, 0), st_ino=32808, st_mode=S_IFREG|0777, st_nlink=1, st_uid=0, st_gid=0, st_blksize=4096, st_blocks=8, st_size=127, st_atime=2018/09/25-10:24:01, st_mtime=2017/12/25-07:59:33, st_ctime=2018/09/18-10:23:00}) = 0 <0.000041>
1798  14:59:42.310963 access("/var/run/IsDefaultMac", F_OK) = -1 ENOENT (No such file or directory) <0.000128>
2226  14:59:42.367557 stat64("/etc/localtime", {st_dev=makedev(1, 0), st_ino=32808, st_mode=S_IFREG|0777, st_nlink=1, st_uid=0, st_gid=0, st_blksize=4096, st_blocks=8, st_size=127, st_atime=2018/09/25-10:24:01, st_mtime=2017/12/25-07:59:33, st_ctime=2018/09/18-10:23:00}) = 0 <0.000057>
2159  14:59:42.700137 open("/var/log/proto.log", O_WRONLY|O_CREAT|O_APPEND, 0666) = 100 <0.000180>
1798  14:59:43.343790 access("/var/run/IsDefaultMac", F_OK) = -1 ENOENT (No such file or directory) <0.000228>
2226  14:59:43.368084 stat64("/etc/localtime", {st_dev=makedev(1, 0), st_ino=32808, st_mode=S_IFREG|0777, st_nlink=1, st_uid=0, st_gid=0, st_blksize=4096, st_blocks=8, st_size=127, st_atime=2018/09/25-10:24:01, st_mtime=2017/12/25-07:59:33, st_ctime=2018/09/18-10:23:00}) = 0 <0.000062>
2226  14:59:44.368545 stat64("/etc/localtime", {st_dev=makedev(1, 0), st_ino=32808, st_mode=S_IFREG|0777, st_nlink=1, st_uid=0, st_gid=0, st_blksize=4096, st_blocks=8, st_size=127, st_atime=2018/09/25-10:24:01, st_mtime=2017/12/25-07:59:33, st_ctime=2018/09/18-10:23:00}) = 0 <0.000089>
1798  14:59:44.376008 access("/var/run/IsDefaultMac", F_OK) = -1 ENOENT (No such file or directory) <0.000069>
2226  14:59:45.369051 stat64("/etc/localtime", {st_dev=makedev(1, 0), st_ino=32808, st_mode=S_IFREG|0777, st_nlink=1, st_uid=0, st_gid=0, st_blksize=4096, st_blocks=8, st_size=127, st_atime=2018/09/25-10:24:01, st_mtime=2017/12/25-07:59:33, st_ctime=2018/09/18-10:23:00}) = 0 <0.000039>
1798  14:59:45.401159 access("/var/run/IsDefaultMac", F_OK) = -1 ENOENT (No such file or directory) <0.000105>
2226  14:59:46.373498 stat64("/etc/localtime", {st_dev=makedev(1, 0), st_ino=32808, st_mode=S_IFREG|0777, st_nlink=1, st_uid=0, st_gid=0, st_blksize=4096, st_blocks=8, st_size=127, st_atime=2018/09/25-10:24:01, st_mtime=2017/12/25-07:59:33, st_ctime=2018/09/18-10:23:00}) = 0 <0.000047>
1798  14:59:46.432143 access("/var/run/IsDefaultMac", F_OK) = -1 ENOENT (No such file or directory) <0.000061>
2226  14:59:47.375538 stat64("/etc/localtime", {st_dev=makedev(1, 0), st_ino=32808, st_mode=S_IFREG|0777, st_nlink=1, st_uid=0, st_gid=0, st_blksize=4096, st_blocks=8, st_size=127, st_atime=2018/09/25-10:24:01, st_mtime=2017/12/25-07:59:33, st_ctime=2018/09/18-10:23:00}) = 0 <0.000058>
1798  14:59:47.458303 access("/var/run/IsDefaultMac", F_OK) = -1 ENOENT (No such file or directory) <0.000067>
2226  14:59:48.376324 stat64("/etc/localtime", {st_dev=makedev(1, 0), st_ino=32808, st_mode=S_IFREG|0777, st_nlink=1, st_uid=0, st_gid=0, st_blksize=4096, st_blocks=8, st_size=127, st_atime=2018/09/25-10:24:01, st_mtime=2017/12/25-07:59:33, st_ctime=2018/09/18-10:23:00}) = 0 <0.000046>
1798  14:59:48.484072 access("/var/run/IsDefaultMac", F_OK) = -1 ENOENT (No such file or directory) <0.000061>
2226  14:59:49.376775 stat64("/etc/localtime", {st_dev=makedev(1, 0), st_ino=32808, st_mode=S_IFREG|0777, st_nlink=1, st_uid=0, st_gid=0, st_blksize=4096, st_blocks=8, st_size=127, st_atime=2018/09/25-10:24:01, st_mtime=2017/12/25-07:59:33, st_ctime=2018/09/18-10:23:00}) = 0 <0.000055>
1798  14:59:49.509889 access("/var/run/IsDefaultMac", F_OK) = -1 ENOENT (No such file or directory) <0.000236>
2226  14:59:50.377258 stat64("/etc/localtime", {st_dev=makedev(1, 0), st_ino=32808, st_mode=S_IFREG|0777, st_nlink=1, st_uid=0, st_gid=0, st_blksize=4096, st_blocks=8, st_size=127, st_atime=2018/09/25-10:24:01, st_mtime=2017/12/25-07:59:33, st_ctime=2018/09/18-10:23:00}) = 0 <0.000067>
1798  14:59:50.544088 access("/var/run/IsDefaultMac", F_OK) = -1 ENOENT (No such file or directory) <0.000323>
2159  14:59:50.794125 open("/var/log/proto.log", O_WRONLY|O_CREAT|O_APPEND, 0666) = 100 <0.000083>
2226  14:59:51.377792 stat64("/etc/localtime", {st_dev=makedev(1, 0), st_ino=32808, st_mode=S_IFREG|0777, st_nlink=1, st_uid=0, st_gid=0, st_blksize=4096, st_blocks=8, st_size=127, st_atime=2018/09/25-10:24:01, st_mtime=2017/12/25-07:59:33, st_ctime=2018/09/18-10:23:00}) = 0 <0.000059>
1798  14:59:51.575714 access("/var/run/IsDefaultMac", F_OK) = -1 ENOENT (No such file or directory) <0.001256>
2226  14:59:52.378272 stat64("/etc/localtime", {st_dev=makedev(1, 0), st_ino=32808, st_mode=S_IFREG|0777, st_nlink=1, st_uid=0, st_gid=0, st_blksize=4096, st_blocks=8, st_size=127, st_atime=2018/09/25-10:24:01, st_mtime=2017/12/25-07:59:33, st_ctime=2018/09/18-10:23:00}) = 0 <0.000056>
1798  14:59:52.592825 access("/var/run/IsDefaultMac", F_OK) = -1 ENOENT (No such file or directory) <0.000099>
2226  14:59:53.378744 stat64("/etc/localtime", {st_dev=makedev(1, 0), st_ino=32808, st_mode=S_IFREG|0777, st_nlink=1, st_uid=0, st_gid=0, st_blksize=4096, st_blocks=8, st_size=127, st_atime=2018/09/25-10:24:01, st_mtime=2017/12/25-07:59:33, st_ctime=2018/09/18-10:23:00}) = 0 <0.000081>
1798  14:59:53.710621 access("/var/run/IsDefaultMac", F_OK) = -1 ENOENT (No such file or directory) <0.000216>
2226  14:59:54.379239 stat64("/etc/localtime", {st_dev=makedev(1, 0), st_ino=32808, st_mode=S_IFREG|0777, st_nlink=1, st_uid=0, st_gid=0, st_blksize=4096, st_blocks=8, st_size=127, st_atime=2018/09/25-10:24:01, st_mtime=2017/12/25-07:59:33, st_ctime=2018/09/18-10:23:00}) = 0 <0.000118>
1798  14:59:54.899427 access("/var/run/IsDefaultMac", F_OK) = -1 ENOENT (No such file or directory) <0.000153>
2226  14:59:55.379856 stat64("/etc/localtime", {st_dev=makedev(1, 0), st_ino=32808, st_mode=S_IFREG|0777, st_nlink=1, st_uid=0, st_gid=0, st_blksize=4096, st_blocks=8, st_size=127, st_atime=2018/09/25-10:24:01, st_mtime=2017/12/25-07:59:33, st_ctime=2018/09/18-10:23:00}) = 0 <0.000066>
1798  14:59:55.927084 access("/var/run/IsDefaultMac", F_OK) = -1 ENOENT (No such file or directory) <0.000094>
2226  14:59:56.380568 stat64("/etc/localtime", {st_dev=makedev(1, 0), st_ino=32808, st_mode=S_IFREG|0777, st_nlink=1, st_uid=0, st_gid=0, st_blksize=4096, st_blocks=8, st_size=127, st_atime=2018/09/25-10:24:01, st_mtime=2017/12/25-07:59:33, st_ctime=2018/09/18-10:23:00}) = 0 <0.000039>
1798  14:59:56.960759 access("/var/run/IsDefaultMac", F_OK) = -1 ENOENT (No such file or directory) <0.000121>
2226  14:59:57.380988 stat64("/etc/localtime", {st_dev=makedev(1, 0), st_ino=32808, st_mode=S_IFREG|0777, st_nlink=1, st_uid=0, st_gid=0, st_blksize=4096, st_blocks=8, st_size=127, st_atime=2018/09/25-10:24:01, st_mtime=2017/12/25-07:59:33, st_ctime=2018/09/18-10:23:00}) = 0 <0.000057>
1798  14:59:57.987149 access("/var/run/IsDefaultMac", F_OK) = -1 ENOENT (No such file or directory) <0.000092>
2226  14:59:58.383489 stat64("/etc/localtime", {st_dev=makedev(1, 0), st_ino=32808, st_mode=S_IFREG|0777, st_nlink=1, st_uid=0, st_gid=0, st_blksize=4096, st_blocks=8, st_size=127, st_atime=2018/09/25-10:24:01, st_mtime=2017/12/25-07:59:33, st_ctime=2018/09/18-10:23:00}) = 0 <0.000058>
1798  14:59:59.014178 access("/var/run/IsDefaultMac", F_OK) = -1 ENOENT (No such file or directory) <0.000093>
2226  14:59:59.383983 stat64("/etc/localtime", {st_dev=makedev(1, 0), st_ino=32808, st_mode=S_IFREG|0777, st_nlink=1, st_uid=0, st_gid=0, st_blksize=4096, st_blocks=8, st_size=127, st_atime=2018/09/25-10:24:01, st_mtime=2017/12/25-07:59:33, st_ctime=2018/09/18-10:23:00}) = 0 <0.000059>
1798  15:00:00.040936 access("/var/run/IsDefaultMac", F_OK) = -1 ENOENT (No such file or directory) <0.000166>
2226  15:00:00.384496 stat64("/etc/localtime", {st_dev=makedev(1, 0), st_ino=32808, st_mode=S_IFREG|0777, st_nlink=1, st_uid=0, st_gid=0, st_blksize=4096, st_blocks=8, st_size=127, st_atime=2018/09/25-10:24:01, st_mtime=2017/12/25-07:59:33, st_ctime=2018/09/18-10:23:00}) = 0 <0.000057>
2224  15:00:00.396291 access("/home/root/", F_OK) = 0 <0.000079>
2224  15:00:00.396497 access("/home/root/15m/", F_OK) = 0 <0.000089>
2224  15:00:00.396681 access("/home/root/24h", F_OK) = 0 <0.000041>
21457 15:00:00.470759 execve("/bin/sh", ["sh", "-c", "rm -f /home/root/15m/*"], ["CONSOLE=/dev/console", "SHELL=/bin/sh", "TERM=linux", "OLDPWD=/run/package/image", "SYSTEM_CONFIG_ALLOW=1", "INIT_VERSION=sysvinit-2.88", "PATH=/sbin:/usr/sbin:/bin:/usr/bin", "runlevel=3", "RUNLEVEL=3", "PWD=/run/cips", "VERBOSE=no", "previous=N", "PREVLEVEL=N", "SHLVL=5", "HOME=/run/cips/", "_=./netserve", "RCP_HOST=127.0.0.1", "LAUREL_CHASSIS_TARGET=magnum", "LAUREL_CHASSIS_TYPE=1800", "LAUREL_BOARD_CATEGORY=fcp", "LC_ALL=C", "BCM_CONFIG_FILE=/run/cips/config-sand.bcm", "DPP_DB_PATH=/run/cips/db/"]) = 0 <0.070051>
21457 15:00:00.541629 access("/etc/ld.so.preload", R_OK) = -1 ENOENT (No such file or directory) <0.000050>
21457 15:00:00.541874 open("/etc/ld.so.cache", O_RDONLY|O_CLOEXEC) = 6 <0.000057>
21457 15:00:00.542283 open("/lib/libtinfo.so.5", O_RDONLY|O_CLOEXEC) = 6 <0.000056>
21457 15:00:00.543040 open("/lib/libdl.so.2", O_RDONLY|O_CLOEXEC) = 6 <0.000056>
21457 15:00:00.543739 open("/lib/libc.so.6", O_RDONLY|O_CLOEXEC) = 6 <0.000056>
21457 15:00:00.545658 open("/dev/tty", O_RDWR|O_NONBLOCK|O_LARGEFILE) = -1 ENXIO (No such device or address) <0.000065>
21457 15:00:00.546293 readlink("/proc/self/fd/0", "/dev/pts/0", 4095) = 10 <0.000164>
21457 15:00:00.546558 stat64("/dev/pts/0", {st_dev=makedev(0, 10), st_ino=3, st_mode=S_IFCHR|0620, st_nlink=1, st_uid=0, st_gid=5, st_blksize=1024, st_blocks=0, st_rdev=makedev(136, 0), st_atime=2018/09/18-10:23:23, st_mtime=2018/09/25-01:58:32, st_ctime=2018/09/18-10:23:23}) = 0 <0.000038>
21457 15:00:00.546766 open("/dev/pts/0", O_RDWR|O_NONBLOCK|O_LARGEFILE) = 6 <0.000059>
21457 15:00:00.547797 open("/proc/meminfo", O_RDONLY|O_CLOEXEC) = 6 <0.000057>
21457 15:00:00.549604 stat64("/run/cips", {st_dev=makedev(0, 18), st_ino=9366, st_mode=S_IFDIR|0777, st_nlink=4, st_uid=0, st_gid=0, st_blksize=4096, st_blocks=0, st_size=640, st_atime=2018/09/18-10:22:58, st_mtime=2018/09/18-10:24:20, st_ctime=2018/09/18-10:24:20}) = 0 <0.000039>
21457 15:00:00.549802 stat64(".", {st_dev=makedev(0, 18), st_ino=9366, st_mode=S_IFDIR|0777, st_nlink=4, st_uid=0, st_gid=0, st_blksize=4096, st_blocks=0, st_size=640, st_atime=2018/09/18-10:22:58, st_mtime=2018/09/18-10:24:20, st_ctime=2018/09/18-10:24:20}) = 0 <0.000038>
21457 15:00:00.550204 stat64(".", {st_dev=makedev(0, 18), st_ino=9366, st_mode=S_IFDIR|0777, st_nlink=4, st_uid=0, st_gid=0, st_blksize=4096, st_blocks=0, st_size=640, st_atime=2018/09/18-10:22:58, st_mtime=2018/09/18-10:24:20, st_ctime=2018/09/18-10:24:20}) = 0 <0.000039>
21457 15:00:00.550463 stat64("/sbin/sh", 0xff8fa348) = -1 ENOENT (No such file or directory) <0.000037>
21457 15:00:00.550603 stat64("/usr/sbin/sh", 0xff8fa348) = -1 ENOENT (No such file or directory) <0.000038>
21457 15:00:00.550734 stat64("/bin/sh", {st_dev=makedev(1, 0), st_ino=22573, st_mode=S_IFREG|0777, st_nlink=1, st_uid=0, st_gid=0, st_blksize=4096, st_blocks=6168, st_size=3152370, st_atime=2018/09/25-10:24:01, st_mtime=2017/12/25-07:59:25, st_ctime=2018/06/07-11:37:52}) = 0 <0.000038>
21457 15:00:00.550930 stat64("/bin/sh", {st_dev=makedev(1, 0), st_ino=22573, st_mode=S_IFREG|0777, st_nlink=1, st_uid=0, st_gid=0, st_blksize=4096, st_blocks=6168, st_size=3152370, st_atime=2018/09/25-10:24:01, st_mtime=2017/12/25-07:59:25, st_ctime=2018/06/07-11:37:52}) = 0 <0.000038>
21457 15:00:00.551443 access("/bin/sh", X_OK) = 0 <0.000038>
21457 15:00:00.551585 stat64("/bin/sh", {st_dev=makedev(1, 0), st_ino=22573, st_mode=S_IFREG|0777, st_nlink=1, st_uid=0, st_gid=0, st_blksize=4096, st_blocks=6168, st_size=3152370, st_atime=2018/09/25-10:24:01, st_mtime=2017/12/25-07:59:25, st_ctime=2018/06/07-11:37:52}) = 0 <0.000038>
21457 15:00:00.552077 access("/bin/sh", R_OK) = 0 <0.000038>
21457 15:00:00.552206 stat64("/bin/sh", {st_dev=makedev(1, 0), st_ino=22573, st_mode=S_IFREG|0777, st_nlink=1, st_uid=0, st_gid=0, st_blksize=4096, st_blocks=6168, st_size=3152370, st_atime=2018/09/25-10:24:01, st_mtime=2017/12/25-07:59:25, st_ctime=2018/06/07-11:37:52}) = 0 <0.000038>
21457 15:00:00.552401 stat64("/bin/sh", {st_dev=makedev(1, 0), st_ino=22573, st_mode=S_IFREG|0777, st_nlink=1, st_uid=0, st_gid=0, st_blksize=4096, st_blocks=6168, st_size=3152370, st_atime=2018/09/25-10:24:01, st_mtime=2017/12/25-07:59:25, st_ctime=2018/06/07-11:37:52}) = 0 <0.000038>
21457 15:00:00.552897 access("/bin/sh", X_OK) = 0 <0.000038>
21457 15:00:00.553026 stat64("/bin/sh", {st_dev=makedev(1, 0), st_ino=22573, st_mode=S_IFREG|0777, st_nlink=1, st_uid=0, st_gid=0, st_blksize=4096, st_blocks=6168, st_size=3152370, st_atime=2018/09/25-10:24:01, st_mtime=2017/12/25-07:59:25, st_ctime=2018/06/07-11:37:52}) = 0 <0.000038>
21457 15:00:00.553506 access("/bin/sh", R_OK) = 0 <0.000038>
21457 15:00:00.554415 openat(AT_FDCWD, "/home/root/15m/", O_RDONLY|O_NONBLOCK|O_LARGEFILE|O_DIRECTORY|O_CLOEXEC) = 6 <0.000056>
21457 15:00:00.555103 stat64(".", {st_dev=makedev(0, 18), st_ino=9366, st_mode=S_IFDIR|0777, st_nlink=4, st_uid=0, st_gid=0, st_blksize=4096, st_blocks=0, st_size=640, st_atime=2018/09/18-10:22:58, st_mtime=2018/09/18-10:24:20, st_ctime=2018/09/18-10:24:20}) = 0 <0.000038>
21457 15:00:00.555394 stat64("/sbin/rm", 0xff8fa338) = -1 ENOENT (No such file or directory) <0.000051>
21457 15:00:00.555638 stat64("/usr/sbin/rm", 0xff8fa338) = -1 ENOENT (No such file or directory) <0.000042>
21457 15:00:00.555786 stat64("/bin/rm", {st_dev=makedev(1, 0), st_ino=22554, st_mode=S_IFREG|0777, st_nlink=1, st_uid=0, st_gid=0, st_blksize=4096, st_blocks=136, st_size=62648, st_atime=2018/09/25-10:30:00, st_mtime=2017/12/25-07:59:25, st_ctime=2018/06/07-11:37:52}) = 0 <0.000038>
21457 15:00:00.556141 stat64("/bin/rm", {st_dev=makedev(1, 0), st_ino=22554, st_mode=S_IFREG|0777, st_nlink=1, st_uid=0, st_gid=0, st_blksize=4096, st_blocks=136, st_size=62648, st_atime=2018/09/25-10:30:00, st_mtime=2017/12/25-07:59:25, st_ctime=2018/06/07-11:37:52}) = 0 <0.000038>
21457 15:00:00.560812 access("/bin/rm", X_OK) = 0 <0.000043>
21457 15:00:00.560981 stat64("/bin/rm", {st_dev=makedev(1, 0), st_ino=22554, st_mode=S_IFREG|0777, st_nlink=1, st_uid=0, st_gid=0, st_blksize=4096, st_blocks=136, st_size=62648, st_atime=2018/09/25-10:30:00, st_mtime=2017/12/25-07:59:25, st_ctime=2018/06/07-11:37:52}) = 0 <0.000035>
21457 15:00:00.561546 access("/bin/rm", R_OK) = 0 <0.000039>
21457 15:00:00.561690 stat64("/bin/rm", {st_dev=makedev(1, 0), st_ino=22554, st_mode=S_IFREG|0777, st_nlink=1, st_uid=0, st_gid=0, st_blksize=4096, st_blocks=136, st_size=62648, st_atime=2018/09/25-10:30:00, st_mtime=2017/12/25-07:59:25, st_ctime=2018/06/07-11:37:52}) = 0 <0.000032>
21457 15:00:00.561887 stat64("/bin/rm", {st_dev=makedev(1, 0), st_ino=22554, st_mode=S_IFREG|0777, st_nlink=1, st_uid=0, st_gid=0, st_blksize=4096, st_blocks=136, st_size=62648, st_atime=2018/09/25-10:30:00, st_mtime=2017/12/25-07:59:25, st_ctime=2018/06/07-11:37:52}) = 0 <0.000037>
21457 15:00:00.562369 access("/bin/rm", X_OK) = 0 <0.000039>
21457 15:00:00.562505 stat64("/bin/rm", {st_dev=makedev(1, 0), st_ino=22554, st_mode=S_IFREG|0777, st_nlink=1, st_uid=0, st_gid=0, st_blksize=4096, st_blocks=136, st_size=62648, st_atime=2018/09/25-10:30:00, st_mtime=2017/12/25-07:59:25, st_ctime=2018/06/07-11:37:52}) = 0 <0.000031>
21457 15:00:00.563045 access("/bin/rm", R_OK) = 0 <0.000038>
21457 15:00:00.563943 execve("/bin/rm", ["rm", "-f", "/home/root/15m/ge_Slot9_2018_9_25_14_45", "/home/root/15m/ptpport_Slot3_2018_9_25_14_45", "/home/root/15m/ptpslave_Slot3_2018_9_25_14_45", "/home/root/15m/xe_Slot30_2018_9_25_14_45", "/home/root/15m/xe_Slot31_2018_9_25_14_45", "/home/root/15m/xe_Slot8_2018_9_25_14_45"], ["CONSOLE=/dev/console", "TERM=linux", "SHELL=/bin/sh", "LC_ALL=C", "SYSTEM_CONFIG_ALLOW=1", "INIT_VERSION=sysvinit-2.88", "BCM_CONFIG_FILE=/run/cips/config-sand.bcm", "PATH=/sbin:/usr/sbin:/bin:/usr/bin", "_=/bin/rm", "RUNLEVEL=3", "runlevel=3", "RCP_HOST=127.0.0.1", "PWD=/run/cips", "LAUREL_CHASSIS_TARGET=magnum", "VERBOSE=no", "PREVLEVEL=N", "previous=N", "DPP_DB_PATH=/run/cips/db/", "HOME=/run/cips/", "SHLVL=6", "LAUREL_CHASSIS_TYPE=1800", "LAUREL_BOARD_CATEGORY=fcp"]) = 0 <0.001255>
21457 15:00:00.570019 access("/etc/ld.so.preload", R_OK) = -1 ENOENT (No such file or directory) <0.000063>
21457 15:00:00.570235 open("/etc/ld.so.cache", O_RDONLY|O_CLOEXEC) = 6 <0.000031>
21457 15:00:00.570631 open("/lib/libc.so.6", O_RDONLY|O_CLOEXEC) = 6 <0.000042>
21457 15:00:00.574122 newfstatat(AT_FDCWD, "/home/root/15m/ge_Slot9_2018_9_25_14_45", {st_dev=makedev(1, 0), st_ino=716, st_mode=S_IFREG|0644, st_nlink=1, st_uid=0, st_gid=0, st_blksize=4096, st_blocks=8, st_size=2048, st_atime=2018/09/25-14:47:02, st_mtime=2018/09/25-14:45:00, st_ctime=2018/09/25-14:45:00}, AT_SYMLINK_NOFOLLOW) = 0 <0.000039>
21457 15:00:00.574381 unlinkat(AT_FDCWD, "/home/root/15m/ge_Slot9_2018_9_25_14_45", 0) = 0 <0.000127>
21457 15:00:00.574613 newfstatat(AT_FDCWD, "/home/root/15m/ptpport_Slot3_2018_9_25_14_45", {st_dev=makedev(1, 0), st_ino=717, st_mode=S_IFREG|0644, st_nlink=1, st_uid=0, st_gid=0, st_blksize=4096, st_blocks=8, st_size=96, st_atime=2018/09/25-14:46:59, st_mtime=2018/09/25-14:45:01, st_ctime=2018/09/25-14:45:01}, AT_SYMLINK_NOFOLLOW) = 0 <0.000025>
21457 15:00:00.574814 unlinkat(AT_FDCWD, "/home/root/15m/ptpport_Slot3_2018_9_25_14_45", 0) = 0 <0.000053>
21457 15:00:00.574964 newfstatat(AT_FDCWD, "/home/root/15m/ptpslave_Slot3_2018_9_25_14_45", {st_dev=makedev(1, 0), st_ino=718, st_mode=S_IFREG|0644, st_nlink=1, st_uid=0, st_gid=0, st_blksize=4096, st_blocks=8, st_size=120, st_atime=2018/09/25-14:47:00, st_mtime=2018/09/25-14:45:01, st_ctime=2018/09/25-14:45:01}, AT_SYMLINK_NOFOLLOW) = 0 <0.000080>
21457 15:00:00.575195 unlinkat(AT_FDCWD, "/home/root/15m/ptpslave_Slot3_2018_9_25_14_45", 0) = 0 <0.000071>
21457 15:00:00.575361 newfstatat(AT_FDCWD, "/home/root/15m/xe_Slot30_2018_9_25_14_45", {st_dev=makedev(1, 0), st_ino=714, st_mode=S_IFREG|0644, st_nlink=1, st_uid=0, st_gid=0, st_blksize=4096, st_blocks=8, st_size=1640, st_atime=2018/09/25-14:47:03, st_mtime=2018/09/25-14:45:00, st_ctime=2018/09/25-14:45:00}, AT_SYMLINK_NOFOLLOW) = 0 <0.000062>
21457 15:00:00.575585 unlinkat(AT_FDCWD, "/home/root/15m/xe_Slot30_2018_9_25_14_45", 0) = 0 <0.000088>
21457 15:00:00.575767 newfstatat(AT_FDCWD, "/home/root/15m/xe_Slot31_2018_9_25_14_45", {st_dev=makedev(1, 0), st_ino=715, st_mode=S_IFREG|0644, st_nlink=1, st_uid=0, st_gid=0, st_blksize=4096, st_blocks=8, st_size=1640, st_atime=2018/09/25-14:47:04, st_mtime=2018/09/25-14:45:00, st_ctime=2018/09/25-14:45:00}, AT_SYMLINK_NOFOLLOW) = 0 <0.000038>
21457 15:00:00.576169 unlinkat(AT_FDCWD, "/home/root/15m/xe_Slot31_2018_9_25_14_45", 0) = 0 <0.000083>
21457 15:00:00.576438 newfstatat(AT_FDCWD, "/home/root/15m/xe_Slot8_2018_9_25_14_45", {st_dev=makedev(1, 0), st_ino=713, st_mode=S_IFREG|0644, st_nlink=1, st_uid=0, st_gid=0, st_blksize=4096, st_blocks=8, st_size=1640, st_atime=2018/09/25-14:47:01, st_mtime=2018/09/25-14:45:00, st_ctime=2018/09/25-14:45:00}, AT_SYMLINK_NOFOLLOW) = 0 <0.000048>
21457 15:00:00.576668 unlinkat(AT_FDCWD, "/home/root/15m/xe_Slot8_2018_9_25_14_45", 0) = 0 <0.000066>
21457 15:00:00.577621 +++ exited with 0 +++
1198  15:00:00.577806 --- SIGCHLD {si_signo=SIGCHLD, si_code=CLD_EXITED, si_pid=21457, si_status=0, si_utime=0, si_stime=7} ---
2224  15:00:00.579073 stat64("/etc/localtime", {st_dev=makedev(1, 0), st_ino=32808, st_mode=S_IFREG|0777, st_nlink=1, st_uid=0, st_gid=0, st_blksize=4096, st_blocks=8, st_size=127, st_atime=2018/09/25-10:24:01, st_mtime=2017/12/25-07:59:33, st_ctime=2018/09/18-10:23:00}) = 0 <0.000043>
2224  15:00:00.582051 access("/home/root/15m/xe_Slot8_2018_9_25_15_0", F_OK) = -1 ENOENT (No such file or directory) <0.000065>
2224  15:00:00.582245 access("/home/root/15m/xe_Slot8_2018_9_25_15_0", F_OK) = -1 ENOENT (No such file or directory) <0.000042>
2224  15:00:00.582384 open("/home/root/15m/xe_Slot8_2018_9_25_15_0", O_RDWR|O_CREAT|O_TRUNC, 0666) = 100 <0.000093>
2224  15:00:00.584207 stat64("/home/root/15m/xe_Slot8_2018_9_25_15_0", {st_dev=makedev(1, 0), st_ino=713, st_mode=S_IFREG|0644, st_nlink=1, st_uid=0, st_gid=0, st_blksize=4096, st_blocks=8, st_size=416, st_atime=2018/09/25-15:00:00, st_mtime=2018/09/25-15:00:00, st_ctime=2018/09/25-15:00:00}) = 0 <0.000041>
2224  15:00:00.593164 access("/home/root/15m/xe_Slot8_2018_9_25_15_0", F_OK) = 0 <0.000060>
2224  15:00:00.593378 access("/home/root/15m/xe_Slot8_2018_9_25_15_0", F_OK) = 0 <0.000060>
2224  15:00:00.593556 open("/home/root/15m/xe_Slot8_2018_9_25_15_0", O_RDWR) = 100 <0.000062>
2224  15:00:00.595166 stat64("/home/root/15m/xe_Slot8_2018_9_25_15_0", {st_dev=makedev(1, 0), st_ino=713, st_mode=S_IFREG|0644, st_nlink=1, st_uid=0, st_gid=0, st_blksize=4096, st_blocks=8, st_size=824, st_atime=2018/09/25-15:00:00, st_mtime=2018/09/25-15:00:00, st_ctime=2018/09/25-15:00:00}) = 0 <0.000041>
2224  15:00:00.601883 access("/home/root/15m/xe_Slot8_2018_9_25_15_0", F_OK) = 0 <0.000043>
2224  15:00:00.602065 access("/home/root/15m/xe_Slot8_2018_9_25_15_0", F_OK) = 0 <0.000041>
2224  15:00:00.602232 open("/home/root/15m/xe_Slot8_2018_9_25_15_0", O_RDWR) = 100 <0.000041>
2224  15:00:00.608223 stat64("/home/root/15m/xe_Slot8_2018_9_25_15_0", {st_dev=makedev(1, 0), st_ino=713, st_mode=S_IFREG|0644, st_nlink=1, st_uid=0, st_gid=0, st_blksize=4096, st_blocks=8, st_size=1232, st_atime=2018/09/25-15:00:00, st_mtime=2018/09/25-15:00:00, st_ctime=2018/09/25-15:00:00}) = 0 <0.000033>
2224  15:00:00.614511 access("/home/root/15m/xe_Slot8_2018_9_25_15_0", F_OK) = 0 <0.000036>
2224  15:00:00.614663 access("/home/root/15m/xe_Slot8_2018_9_25_15_0", F_OK) = 0 <0.000043>
2224  15:00:00.614795 open("/home/root/15m/xe_Slot8_2018_9_25_15_0", O_RDWR) = 100 <0.000042>
2224  15:00:00.616131 stat64("/home/root/15m/xe_Slot8_2018_9_25_15_0", {st_dev=makedev(1, 0), st_ino=713, st_mode=S_IFREG|0644, st_nlink=1, st_uid=0, st_gid=0, st_blksize=4096, st_blocks=8, st_size=1640, st_atime=2018/09/25-15:00:00, st_mtime=2018/09/25-15:00:00, st_ctime=2018/09/25-15:00:00}) = 0 <0.000049>
2224  15:00:00.623238 access("/home/root/15m/xe_Slot30_2018_9_25_15_0", F_OK) = -1 ENOENT (No such file or directory) <0.000070>
2224  15:00:00.623466 access("/home/root/15m/xe_Slot30_2018_9_25_15_0", F_OK) = -1 ENOENT (No such file or directory) <0.000048>
2224  15:00:00.623628 open("/home/root/15m/xe_Slot30_2018_9_25_15_0", O_RDWR|O_CREAT|O_TRUNC, 0666) = 100 <0.000138>
2224  15:00:00.625142 stat64("/home/root/15m/xe_Slot30_2018_9_25_15_0", {st_dev=makedev(1, 0), st_ino=714, st_mode=S_IFREG|0644, st_nlink=1, st_uid=0, st_gid=0, st_blksize=4096, st_blocks=8, st_size=416, st_atime=2018/09/25-15:00:00, st_mtime=2018/09/25-15:00:00, st_ctime=2018/09/25-15:00:00}) = 0 <0.000041>
2224  15:00:00.628186 access("/home/root/15m/xe_Slot30_2018_9_25_15_0", F_OK) = 0 <0.000037>
2224  15:00:00.628319 access("/home/root/15m/xe_Slot30_2018_9_25_15_0", F_OK) = 0 <0.000042>
2224  15:00:00.628458 open("/home/root/15m/xe_Slot30_2018_9_25_15_0", O_RDWR) = 100 <0.000042>
2224  15:00:00.632021 stat64("/home/root/15m/xe_Slot30_2018_9_25_15_0", {st_dev=makedev(1, 0), st_ino=714, st_mode=S_IFREG|0644, st_nlink=1, st_uid=0, st_gid=0, st_blksize=4096, st_blocks=8, st_size=824, st_atime=2018/09/25-15:00:00, st_mtime=2018/09/25-15:00:00, st_ctime=2018/09/25-15:00:00}) = 0 <0.000041>
2224  15:00:00.635633 access("/home/root/15m/xe_Slot30_2018_9_25_15_0", F_OK) = 0 <0.000042>
2224  15:00:00.635776 access("/home/root/15m/xe_Slot30_2018_9_25_15_0", F_OK) = 0 <0.000041>
2224  15:00:00.635913 open("/home/root/15m/xe_Slot30_2018_9_25_15_0", O_RDWR) = 100 <0.000041>
2224  15:00:00.637147 stat64("/home/root/15m/xe_Slot30_2018_9_25_15_0", {st_dev=makedev(1, 0), st_ino=714, st_mode=S_IFREG|0644, st_nlink=1, st_uid=0, st_gid=0, st_blksize=4096, st_blocks=8, st_size=1232, st_atime=2018/09/25-15:00:00, st_mtime=2018/09/25-15:00:00, st_ctime=2018/09/25-15:00:00}) = 0 <0.000041>
2224  15:00:00.644177 access("/home/root/15m/xe_Slot30_2018_9_25_15_0", F_OK) = 0 <0.000044>
2224  15:00:00.644359 access("/home/root/15m/xe_Slot30_2018_9_25_15_0", F_OK) = 0 <0.000029>
2224  15:00:00.644479 open("/home/root/15m/xe_Slot30_2018_9_25_15_0", O_RDWR) = 100 <0.000062>
2224  15:00:00.645855 stat64("/home/root/15m/xe_Slot30_2018_9_25_15_0", {st_dev=makedev(1, 0), st_ino=714, st_mode=S_IFREG|0644, st_nlink=1, st_uid=0, st_gid=0, st_blksize=4096, st_blocks=8, st_size=1640, st_atime=2018/09/25-15:00:00, st_mtime=2018/09/25-15:00:00, st_ctime=2018/09/25-15:00:00}) = 0 <0.000041>
2224  15:00:00.648967 access("/home/root/15m/xe_Slot31_2018_9_25_15_0", F_OK) = -1 ENOENT (No such file or directory) <0.000060>
2224  15:00:00.649132 access("/home/root/15m/xe_Slot31_2018_9_25_15_0", F_OK) = -1 ENOENT (No such file or directory) <0.000036>
2224  15:00:00.649267 open("/home/root/15m/xe_Slot31_2018_9_25_15_0", O_RDWR|O_CREAT|O_TRUNC, 0666) = 100 <0.000068>
2224  15:00:00.650664 stat64("/home/root/15m/xe_Slot31_2018_9_25_15_0", {st_dev=makedev(1, 0), st_ino=715, st_mode=S_IFREG|0644, st_nlink=1, st_uid=0, st_gid=0, st_blksize=4096, st_blocks=8, st_size=416, st_atime=2018/09/25-15:00:00, st_mtime=2018/09/25-15:00:00, st_ctime=2018/09/25-15:00:00}) = 0 <0.000041>
2224  15:00:00.653640 access("/home/root/15m/xe_Slot31_2018_9_25_15_0", F_OK) = 0 <0.000041>
2224  15:00:00.653780 access("/home/root/15m/xe_Slot31_2018_9_25_15_0", F_OK) = 0 <0.000041>
2224  15:00:00.653916 open("/home/root/15m/xe_Slot31_2018_9_25_15_0", O_RDWR) = 100 <0.000041>
2224  15:00:00.655293 stat64("/home/root/15m/xe_Slot31_2018_9_25_15_0", {st_dev=makedev(1, 0), st_ino=715, st_mode=S_IFREG|0644, st_nlink=1, st_uid=0, st_gid=0, st_blksize=4096, st_blocks=8, st_size=824, st_atime=2018/09/25-15:00:00, st_mtime=2018/09/25-15:00:00, st_ctime=2018/09/25-15:00:00}) = 0 <0.000050>
2224  15:00:00.658246 access("/home/root/15m/xe_Slot31_2018_9_25_15_0", F_OK) = 0 <0.000075>
2224  15:00:00.658434 access("/home/root/15m/xe_Slot31_2018_9_25_15_0", F_OK) = 0 <0.000035>
2224  15:00:00.658564 open("/home/root/15m/xe_Slot31_2018_9_25_15_0", O_RDWR) = 100 <0.000041>
2224  15:00:00.659888 stat64("/home/root/15m/xe_Slot31_2018_9_25_15_0", {st_dev=makedev(1, 0), st_ino=715, st_mode=S_IFREG|0644, st_nlink=1, st_uid=0, st_gid=0, st_blksize=4096, st_blocks=8, st_size=1232, st_atime=2018/09/25-15:00:00, st_mtime=2018/09/25-15:00:00, st_ctime=2018/09/25-15:00:00}) = 0 <0.000046>
2224  15:00:00.662801 access("/home/root/15m/xe_Slot31_2018_9_25_15_0", F_OK) = 0 <0.000040>
2224  15:00:00.662936 access("/home/root/15m/xe_Slot31_2018_9_25_15_0", F_OK) = 0 <0.000045>
2224  15:00:00.663084 open("/home/root/15m/xe_Slot31_2018_9_25_15_0", O_RDWR) = 100 <0.000047>
2224  15:00:00.664439 stat64("/home/root/15m/xe_Slot31_2018_9_25_15_0", {st_dev=makedev(1, 0), st_ino=715, st_mode=S_IFREG|0644, st_nlink=1, st_uid=0, st_gid=0, st_blksize=4096, st_blocks=8, st_size=1640, st_atime=2018/09/25-15:00:00, st_mtime=2018/09/25-15:00:00, st_ctime=2018/09/25-15:00:00}) = 0 <0.000045>
2224  15:00:00.704854 access("/home/root/15m/ge_Slot9_2018_9_25_15_0", F_OK) = -1 ENOENT (No such file or directory) <0.000068>
2224  15:00:00.705080 access("/home/root/15m/ge_Slot9_2018_9_25_15_0", F_OK) = -1 ENOENT (No such file or directory) <0.000041>
2224  15:00:00.705220 open("/home/root/15m/ge_Slot9_2018_9_25_15_0", O_RDWR|O_CREAT|O_TRUNC, 0666) = 100 <0.000089>
2224  15:00:00.706739 stat64("/home/root/15m/ge_Slot9_2018_9_25_15_0", {st_dev=makedev(1, 0), st_ino=716, st_mode=S_IFREG|0644, st_nlink=1, st_uid=0, st_gid=0, st_blksize=4096, st_blocks=8, st_size=416, st_atime=2018/09/25-15:00:00, st_mtime=2018/09/25-15:00:00, st_ctime=2018/09/25-15:00:00}) = 0 <0.000041>
2224  15:00:00.747128 access("/home/root/15m/ge_Slot9_2018_9_25_15_0", F_OK) = 0 <0.000053>
2224  15:00:00.747331 access("/home/root/15m/ge_Slot9_2018_9_25_15_0", F_OK) = 0 <0.000051>
2224  15:00:00.747482 open("/home/root/15m/ge_Slot9_2018_9_25_15_0", O_RDWR) = 100 <0.000053>
2224  15:00:00.749012 stat64("/home/root/15m/ge_Slot9_2018_9_25_15_0", {st_dev=makedev(1, 0), st_ino=716, st_mode=S_IFREG|0644, st_nlink=1, st_uid=0, st_gid=0, st_blksize=4096, st_blocks=8, st_size=824, st_atime=2018/09/25-15:00:00, st_mtime=2018/09/25-15:00:00, st_ctime=2018/09/25-15:00:00}) = 0 <0.000081>
2224  15:00:00.796076 access("/home/root/15m/ge_Slot9_2018_9_25_15_0", F_OK) = 0 <0.000045>
2224  15:00:00.796265 access("/home/root/15m/ge_Slot9_2018_9_25_15_0", F_OK) = 0 <0.000044>
2224  15:00:00.796415 open("/home/root/15m/ge_Slot9_2018_9_25_15_0", O_RDWR) = 100 <0.000044>
2224  15:00:00.798798 stat64("/home/root/15m/ge_Slot9_2018_9_25_15_0", {st_dev=makedev(1, 0), st_ino=716, st_mode=S_IFREG|0644, st_nlink=1, st_uid=0, st_gid=0, st_blksize=4096, st_blocks=8, st_size=1232, st_atime=2018/09/25-15:00:00, st_mtime=2018/09/25-15:00:00, st_ctime=2018/09/25-15:00:00}) = 0 <0.000057>
2224  15:00:00.803116 access("/home/root/15m/ge_Slot9_2018_9_25_15_0", F_OK) = 0 <0.000053>
2224  15:00:00.803267 access("/home/root/15m/ge_Slot9_2018_9_25_15_0", F_OK) = 0 <0.000041>
2224  15:00:00.803412 open("/home/root/15m/ge_Slot9_2018_9_25_15_0", O_RDWR) = 100 <0.000042>
2224  15:00:00.804879 stat64("/home/root/15m/ge_Slot9_2018_9_25_15_0", {st_dev=makedev(1, 0), st_ino=716, st_mode=S_IFREG|0644, st_nlink=1, st_uid=0, st_gid=0, st_blksize=4096, st_blocks=8, st_size=1640, st_atime=2018/09/25-15:00:00, st_mtime=2018/09/25-15:00:00, st_ctime=2018/09/25-15:00:00}) = 0 <0.000044>
2224  15:00:00.809139 access("/home/root/15m/ge_Slot9_2018_9_25_15_0", F_OK) = 0 <0.000076>
2224  15:00:00.809372 access("/home/root/15m/ge_Slot9_2018_9_25_15_0", F_OK) = 0 <0.000051>
2224  15:00:00.809570 open("/home/root/15m/ge_Slot9_2018_9_25_15_0", O_RDWR) = 100 <0.000050>
2224  15:00:00.810893 stat64("/home/root/15m/ge_Slot9_2018_9_25_15_0", {st_dev=makedev(1, 0), st_ino=716, st_mode=S_IFREG|0644, st_nlink=1, st_uid=0, st_gid=0, st_blksize=4096, st_blocks=8, st_size=2048, st_atime=2018/09/25-15:00:00, st_mtime=2018/09/25-15:00:00, st_ctime=2018/09/25-15:00:00}) = 0 <0.000041>
1798  15:00:01.091220 access("/var/run/IsDefaultMac", F_OK) = -1 ENOENT (No such file or directory) <0.000101>
2224  15:00:01.319901 access("/home/root/15m/ptpport_Slot3_2018_9_25_15_0", F_OK) = -1 ENOENT (No such file or directory) <0.000076>
2224  15:00:01.320157 access("/home/root/15m/ptpport_Slot3_2018_9_25_15_0", F_OK) = -1 ENOENT (No such file or directory) <0.000041>
2224  15:00:01.320297 open("/home/root/15m/ptpport_Slot3_2018_9_25_15_0", O_RDWR|O_CREAT|O_TRUNC, 0666) = 100 <0.000093>
2224  15:00:01.324266 stat64("/home/root/15m/ptpport_Slot3_2018_9_25_15_0", {st_dev=makedev(1, 0), st_ino=717, st_mode=S_IFREG|0644, st_nlink=1, st_uid=0, st_gid=0, st_blksize=4096, st_blocks=8, st_size=96, st_atime=2018/09/25-15:00:01, st_mtime=2018/09/25-15:00:01, st_ctime=2018/09/25-15:00:01}) = 0 <0.000041>
2224  15:00:01.324575 access("/home/root/15m/ptpslave_Slot3_2018_9_25_15_0", F_OK) = -1 ENOENT (No such file or directory) <0.000063>
2224  15:00:01.324737 access("/home/root/15m/ptpslave_Slot3_2018_9_25_15_0", F_OK) = -1 ENOENT (No such file or directory) <0.000041>
2224  15:00:01.324890 open("/home/root/15m/ptpslave_Slot3_2018_9_25_15_0", O_RDWR|O_CREAT|O_TRUNC, 0666) = 100 <0.000044>
