2396  15:10:40.550792 lstat64("/run/CIPS1T_Cfg.bin", {st_dev=makedev(0, 20), st_ino=811, st_mode=S_IFREG|0644, st_nlink=1, st_uid=0, st_gid=0, st_blksize=4096, st_blocks=8, st_size=1004, st_atime=2018/09/25-15:10:37, st_mtime=2018/09/18-11:28:36, st_ctime=2018/09/18-11:28:36}) = 0 <0.000127>
2396  15:10:40.551315 open("/run/CIPS1T_Cfg.bin", O_RDONLY) = 100 <0.000052>
3293  15:10:40.731102 stat64("/etc/localtime", {st_dev=makedev(1, 0), st_ino=30625, st_mode=S_IFREG|0755, st_nlink=1, st_uid=0, st_gid=0, st_blksize=1024, st_blocks=2, st_size=118, st_atime=2018/09/25-15:08:53, st_mtime=2018/06/02-04:57:29, st_ctime=2018/06/02-04:57:29}) = 0 <0.000046>
2397  15:10:40.985040 access("/home/root/BindingDb.txt", F_OK) = 0 <0.000030>
2390  15:10:40.989428 open("/dev/cpugpio", O_RDWR <unfinished ...>
20240 15:10:41.022394 execve("/bin/sh", ["sh", "-c", "cp /home/root/BindingDb.txt /mnt"], ["CONSOLE=/dev/console", "OLDPWD=/home", "HOME=/run/cips/", "runlevel=5", "INIT_VERSION=sysvinit-2.88", "TERM=linux", "PATH=/sbin:/usr/sbin:/bin:/usr/bin:/sbin", "RUNLEVEL=5", "PREVLEVEL=N", "SHELL=/bin/sh", "previous=N", "PWD=/run/cips", "BCM_CONFIG_FILE=/run/cips/config-sand.bcm", "VERBOSE=no", "LAUREL_CHASSIS_TARGET=magnum", "LAUREL_CHASSIS_TYPE=1800", "LAUREL_BOARD_CATEGORY=fcp", "RCP_HOST=169.254.13.3", "LC_ALL=C", "DPP_DB_PATH=/run/cips/db/"]) = 0 <0.051323>
20240 15:10:41.074198 access("/etc/ld.so.preload", R_OK) = -1 ENOENT (No such file or directory) <0.000029>
20240 15:10:41.074354 open("/etc/ld.so.cache", O_RDONLY|O_CLOEXEC) = 8 <0.000029>
20240 15:10:41.074554 open("/lib/libm.so.6", O_RDONLY|O_CLOEXEC) = 8 <0.000028>
20240 15:10:41.074931 open("/lib/libc.so.6", O_RDONLY|O_CLOEXEC) = 8 <0.000031>
20240 15:10:41.076650 stat64("/run/cips", {st_dev=makedev(0, 20), st_ino=3571, st_mode=S_IFDIR|0755, st_nlink=4, st_uid=0, st_gid=0, st_blksize=4096, st_blocks=0, st_size=660, st_atime=2018/09/17-10:50:28, st_mtime=2018/09/18-11:30:43, st_ctime=2018/09/18-11:30:43}) = 0 <0.000026>
20240 15:10:41.076829 stat64(".", {st_dev=makedev(0, 20), st_ino=3571, st_mode=S_IFDIR|0755, st_nlink=4, st_uid=0, st_gid=0, st_blksize=4096, st_blocks=0, st_size=660, st_atime=2018/09/17-10:50:28, st_mtime=2018/09/18-11:30:43, st_ctime=2018/09/18-11:30:43}) = 0 <0.000019>
20240 15:10:41.077283 stat64("/sbin/cp", 0xfff60638) = -1 ENOENT (No such file or directory) <0.000021>
20240 15:10:41.077384 stat64("/usr/sbin/cp", 0xfff60638) = -1 ENOENT (No such file or directory) <0.000019>
20240 15:10:41.077460 stat64("/bin/cp", {st_dev=makedev(1, 0), st_ino=20090, st_mode=S_IFREG|0755, st_nlink=1, st_uid=0, st_gid=0, st_blksize=1024, st_blocks=2146, st_size=1091828, st_atime=2018/09/25-11:28:39, st_mtime=2017/06/14-06:20:59, st_ctime=2017/06/14-06:20:59}) = 0 <0.000024>
20241 15:10:41.078240 execve("/bin/cp", ["cp", "/home/root/BindingDb.txt", "/mnt"], ["RCP_HOST=169.254.13.3", "CONSOLE=/dev/console", "HOME=/run/cips/", "OLDPWD=/home", "runlevel=5", "INIT_VERSION=sysvinit-2.88", "LAUREL_CHASSIS_TYPE=1800", "LAUREL_BOARD_CATEGORY=fcp", "TERM=linux", "PATH=/sbin:/usr/sbin:/bin:/usr/bin:/sbin", "RUNLEVEL=5", "PREVLEVEL=N", "SHELL=/bin/sh", "DPP_DB_PATH=/run/cips/db/", "LAUREL_CHASSIS_TARGET=magnum", "LC_ALL=C", "PWD=/run/cips", "previous=N", "BCM_CONFIG_FILE=/run/cips/config-sand.bcm", "VERBOSE=no"]) = 0 <0.000367>
20241 15:10:41.079003 access("/etc/ld.so.preload", R_OK) = -1 ENOENT (No such file or directory) <0.000041>
20241 15:10:41.079145 open("/etc/ld.so.cache", O_RDONLY|O_CLOEXEC) = 8 <0.000042>
20241 15:10:41.079471 open("/lib/libm.so.6", O_RDONLY|O_CLOEXEC) = 8 <0.000040>
20241 15:10:41.080014 open("/lib/libc.so.6", O_RDONLY|O_CLOEXEC) = 8 <0.000040>
20241 15:10:41.081747 stat64("/home/root/BindingDb.txt", {st_dev=makedev(1, 0), st_ino=44005, st_mode=S_IFREG|0755, st_nlink=1, st_uid=0, st_gid=0, st_blksize=1024, st_blocks=0, st_size=0, st_atime=2018/09/24-16:38:19, st_mtime=2018/09/19-16:38:12, st_ctime=2018/09/19-16:38:12}) = 0 <0.000043>
20241 15:10:41.081943 stat64("/mnt", {st_dev=makedev(0, 22), st_ino=20482, st_mode=S_IFDIR|0777, st_nlink=3, st_uid=0, st_gid=0, st_blksize=1048576, st_blocks=8, st_size=4096, st_atime=2018/09/18-11:10:04, st_mtime=2018/09/25-15:10:32, st_ctime=2018/09/25-15:10:32}) = 0 <0.000040>
20241 15:10:41.082270 stat64("/home/root/BindingDb.txt", {st_dev=makedev(1, 0), st_ino=44005, st_mode=S_IFREG|0755, st_nlink=1, st_uid=0, st_gid=0, st_blksize=1024, st_blocks=0, st_size=0, st_atime=2018/09/24-16:38:19, st_mtime=2018/09/19-16:38:12, st_ctime=2018/09/19-16:38:12}) = 0 <0.000041>
20241 15:10:41.082443 lstat64("/mnt/BindingDb.txt", {st_dev=makedev(0, 22), st_ino=20484, st_mode=S_IFREG|0755, st_nlink=1, st_uid=0, st_gid=0, st_blksize=1048576, st_blocks=0, st_size=0, st_atime=2018/09/25-15:10:32, st_mtime=2018/09/25-15:10:32, st_ctime=2018/09/25-15:10:32}) = 0 <0.000558>
20241 15:10:41.083155 open("/home/root/BindingDb.txt", O_RDONLY|O_LARGEFILE) = 8 <0.000041>
20241 15:10:41.083279 open("/mnt/BindingDb.txt", O_WRONLY|O_CREAT|O_EXCL|O_LARGEFILE, 0100755) = -1 EEXIST (File exists) <0.000510>
20241 15:10:41.083896 unlink("/mnt/BindingDb.txt") = 0 <0.000574>
20241 15:10:41.084559 open("/mnt/BindingDb.txt", O_WRONLY|O_CREAT|O_EXCL|O_LARGEFILE, 0100755 <unfinished ...>
2390  15:10:41.105684 <... open resumed> ) = 100 <0.083899>
20241 15:10:41.412164 <... open resumed> ) = 9 <0.327562>
20241 15:10:41.413854 +++ exited with 0 +++
20240 15:10:41.413980 --- SIGCHLD {si_signo=SIGCHLD, si_code=CLD_EXITED, si_pid=20241, si_status=0, si_utime=0, si_stime=0} ---
20240 15:10:41.414454 +++ exited with 0 +++
2424  15:10:41.415196 --- SIGCHLD {si_signo=SIGCHLD, si_code=CLD_EXITED, si_pid=20240, si_status=0, si_utime=0, si_stime=5} ---
2396  15:10:41.490019 open("/dev/i2c_info", O_RDWR) = 100 <0.000067>
20242 15:10:41.527105 execve("/bin/sh", ["sh", "-c", "ftpput 169.254.6.5 -u root  -p root  /BindingDb.txt /home/root/BindingDb.txt"], ["CONSOLE=/dev/console", "OLDPWD=/home", "HOME=/run/cips/", "runlevel=5", "INIT_VERSION=sysvinit-2.88", "TERM=linux", "PATH=/sbin:/usr/sbin:/bin:/usr/bin:/sbin", "RUNLEVEL=5", "PREVLEVEL=N", "SHELL=/bin/sh", "previous=N", "PWD=/run/cips", "BCM_CONFIG_FILE=/run/cips/config-sand.bcm", "VERBOSE=no", "LAUREL_CHASSIS_TARGET=magnum", "LAUREL_CHASSIS_TYPE=1800", "LAUREL_BOARD_CATEGORY=fcp", "RCP_HOST=169.254.13.3", "LC_ALL=C", "DPP_DB_PATH=/run/cips/db/"]) = 0 <0.051735>
20242 15:10:41.579260 access("/etc/ld.so.preload", R_OK) = -1 ENOENT (No such file or directory) <0.000025>
20242 15:10:41.579413 open("/etc/ld.so.cache", O_RDONLY|O_CLOEXEC) = 8 <0.000028>
20242 15:10:41.579613 open("/lib/libm.so.6", O_RDONLY|O_CLOEXEC) = 8 <0.000027>
20242 15:10:41.579987 open("/lib/libc.so.6", O_RDONLY|O_CLOEXEC) = 8 <0.000030>
20242 15:10:41.581770 stat64("/run/cips", {st_dev=makedev(0, 20), st_ino=3571, st_mode=S_IFDIR|0755, st_nlink=4, st_uid=0, st_gid=0, st_blksize=4096, st_blocks=0, st_size=660, st_atime=2018/09/17-10:50:28, st_mtime=2018/09/18-11:30:43, st_ctime=2018/09/18-11:30:43}) = 0 <0.000025>
20242 15:10:41.581949 stat64(".", {st_dev=makedev(0, 20), st_ino=3571, st_mode=S_IFDIR|0755, st_nlink=4, st_uid=0, st_gid=0, st_blksize=4096, st_blocks=0, st_size=660, st_atime=2018/09/17-10:50:28, st_mtime=2018/09/18-11:30:43, st_ctime=2018/09/18-11:30:43}) = 0 <0.000020>
20242 15:10:41.582365 stat64("/sbin/ftpput", 0xffdc3bb8) = -1 ENOENT (No such file or directory) <0.000020>
20242 15:10:41.582455 stat64("/usr/sbin/ftpput", 0xffdc3bb8) = -1 ENOENT (No such file or directory) <0.000019>
20242 15:10:41.582532 stat64("/bin/ftpput", 0xffdc3bb8) = -1 ENOENT (No such file or directory) <0.000018>
20242 15:10:41.582608 stat64("/usr/bin/ftpput", {st_dev=makedev(1, 0), st_ino=20090, st_mode=S_IFREG|0755, st_nlink=1, st_uid=0, st_gid=0, st_blksize=1024, st_blocks=2146, st_size=1091828, st_atime=2018/09/25-11:28:39, st_mtime=2017/06/14-06:20:59, st_ctime=2017/06/14-06:20:59}) = 0 <0.000023>
20243 15:10:41.583465 execve("/usr/bin/ftpput", ["ftpput", "169.254.6.5", "-u", "root", "-p", "root", "/BindingDb.txt", "/home/root/BindingDb.txt"], ["RCP_HOST=169.254.13.3", "CONSOLE=/dev/console", "HOME=/run/cips/", "OLDPWD=/home", "runlevel=5", "INIT_VERSION=sysvinit-2.88", "LAUREL_CHASSIS_TYPE=1800", "LAUREL_BOARD_CATEGORY=fcp", "TERM=linux", "PATH=/sbin:/usr/sbin:/bin:/usr/bin:/sbin", "RUNLEVEL=5", "PREVLEVEL=N", "SHELL=/bin/sh", "DPP_DB_PATH=/run/cips/db/", "LAUREL_CHASSIS_TARGET=magnum", "LC_ALL=C", "PWD=/run/cips", "previous=N", "BCM_CONFIG_FILE=/run/cips/config-sand.bcm", "VERBOSE=no"]) = 0 <0.000444>
20243 15:10:41.584387 access("/etc/ld.so.preload", R_OK) = -1 ENOENT (No such file or directory) <0.000025>
20243 15:10:41.584525 open("/etc/ld.so.cache", O_RDONLY|O_CLOEXEC) = 8 <0.000027>
20243 15:10:41.584723 open("/lib/libm.so.6", O_RDONLY|O_CLOEXEC) = 8 <0.000026>
20243 15:10:41.585145 open("/lib/libc.so.6", O_RDONLY|O_CLOEXEC) = 8 <0.000031>
20243 15:10:41.587119 open("/etc/nsswitch.conf", O_RDONLY|O_CLOEXEC) = 8 <0.000030>
20243 15:10:41.587598 open("/etc/ld.so.cache", O_RDONLY|O_CLOEXEC) = 8 <0.000027>
20243 15:10:41.587798 open("/lib/tls/ppce5500/libnss_db.so.2", O_RDONLY|O_CLOEXEC) = -1 ENOENT (No such file or directory) <0.000023>
20243 15:10:41.587887 stat64("/lib/tls/ppce5500", 0xfffe4e18) = -1 ENOENT (No such file or directory) <0.000018>
20243 15:10:41.587964 open("/lib/tls/libnss_db.so.2", O_RDONLY|O_CLOEXEC) = -1 ENOENT (No such file or directory) <0.000021>
20243 15:10:41.588041 stat64("/lib/tls", 0xfffe4e18) = -1 ENOENT (No such file or directory) <0.000019>
20243 15:10:41.588116 open("/lib/ppce5500/libnss_db.so.2", O_RDONLY|O_CLOEXEC) = -1 ENOENT (No such file or directory) <0.000020>
20243 15:10:41.588192 stat64("/lib/ppce5500", 0xfffe4e18) = -1 ENOENT (No such file or directory) <0.000018>
20243 15:10:41.588266 open("/lib/libnss_db.so.2", O_RDONLY|O_CLOEXEC) = -1 ENOENT (No such file or directory) <0.000020>
20243 15:10:41.588342 stat64("/lib", {st_dev=makedev(1, 0), st_ino=4001, st_mode=S_IFDIR|0755, st_nlink=5, st_uid=0, st_gid=0, st_blksize=1024, st_blocks=4, st_size=2048, st_atime=2018/06/02-04:55:39, st_mtime=2017/06/14-06:21:00, st_ctime=2017/06/14-06:21:00}) = 0 <0.000018>
20243 15:10:41.588494 open("/usr/lib/tls/ppce5500/libnss_db.so.2", O_RDONLY|O_CLOEXEC) = -1 ENOENT (No such file or directory) <0.000024>
20243 15:10:41.588584 stat64("/usr/lib/tls/ppce5500", 0xfffe4e18) = -1 ENOENT (No such file or directory) <0.000017>
20243 15:10:41.588661 open("/usr/lib/tls/libnss_db.so.2", O_RDONLY|O_CLOEXEC) = -1 ENOENT (No such file or directory) <0.000020>
20243 15:10:41.588743 stat64("/usr/lib/tls", 0xfffe4e18) = -1 ENOENT (No such file or directory) <0.000019>
20243 15:10:41.588820 open("/usr/lib/ppce5500/libnss_db.so.2", O_RDONLY|O_CLOEXEC) = -1 ENOENT (No such file or directory) <0.000022>
20243 15:10:41.588897 stat64("/usr/lib/ppce5500", 0xfffe4e18) = -1 ENOENT (No such file or directory) <0.000018>
20243 15:10:41.588973 open("/usr/lib/libnss_db.so.2", O_RDONLY|O_CLOEXEC) = -1 ENOENT (No such file or directory) <0.000059>
20243 15:10:41.589092 stat64("/usr/lib", {st_dev=makedev(1, 0), st_ino=28304, st_mode=S_IFDIR|0755, st_nlink=7, st_uid=0, st_gid=0, st_blksize=1024, st_blocks=2, st_size=1024, st_atime=2017/06/14-06:21:02, st_mtime=2018/09/18-11:28:47, st_ctime=2018/09/18-11:28:47}) = 0 <0.000020>
20243 15:10:41.589304 open("/etc/ld.so.cache", O_RDONLY|O_CLOEXEC) = 8 <0.000027>
20243 15:10:41.589498 open("/lib/libnss_files.so.2", O_RDONLY|O_CLOEXEC) = 8 <0.000028>
20243 15:10:41.590045 open("/etc/services", O_RDONLY|O_CLOEXEC) = 8 <0.000026>
20243 15:10:41.596317 open("/home/root/BindingDb.txt", O_RDONLY|O_LARGEFILE) = 10 <0.000032>
20243 15:10:41.601825 +++ exited with 0 +++
20242 15:10:41.601911 --- SIGCHLD {si_signo=SIGCHLD, si_code=CLD_EXITED, si_pid=20243, si_status=0, si_utime=0, si_stime=0} ---
20242 15:10:41.602251 +++ exited with 0 +++
3245  15:10:41.602350 --- SIGCHLD {si_signo=SIGCHLD, si_code=CLD_EXITED, si_pid=20242, si_status=0, si_utime=0, si_stime=5} ---
3226  15:10:41.715083 open("/var/log/proto.log", O_WRONLY|O_CREAT|O_APPEND, 0666) = 100 <0.000062>
3293  15:10:41.731709 stat64("/etc/localtime", {st_dev=makedev(1, 0), st_ino=30625, st_mode=S_IFREG|0755, st_nlink=1, st_uid=0, st_gid=0, st_blksize=1024, st_blocks=2, st_size=118, st_atime=2018/09/25-15:08:53, st_mtime=2018/06/02-04:57:29, st_ctime=2018/06/02-04:57:29}) = 0 <0.000059>
2390  15:10:42.714459 open("/dev/cpugpio", O_RDWR) = 100 <0.000103>
3293  15:10:42.733225 stat64("/etc/localtime", {st_dev=makedev(1, 0), st_ino=30625, st_mode=S_IFREG|0755, st_nlink=1, st_uid=0, st_gid=0, st_blksize=1024, st_blocks=2, st_size=118, st_atime=2018/09/25-15:08:53, st_mtime=2018/06/02-04:57:29, st_ctime=2018/06/02-04:57:29}) = 0 <0.000039>
2392  15:10:42.833941 open("/dev/mdio_info", O_RDWR) = 100 <0.000067>
2396  15:10:42.858334 open("/dev/cpugpio", O_RDWR) = 100 <0.183196>
2396  15:10:43.042170 open("/dev/i2c_info", O_RDWR) = 100 <0.000576>
2396  15:10:43.419288 open("/var/run/maxTxL3vpn", O_RDONLY) = 100 <0.000049>
20244 15:10:43.459555 execve("/bin/sh", ["sh", "-c", "export | grep \"export TZ=\""], ["CONSOLE=/dev/console", "OLDPWD=/home", "HOME=/run/cips/", "runlevel=5", "INIT_VERSION=sysvinit-2.88", "TERM=linux", "PATH=/sbin:/usr/sbin:/bin:/usr/bin:/sbin", "RUNLEVEL=5", "PREVLEVEL=N", "SHELL=/bin/sh", "previous=N", "PWD=/run/cips", "BCM_CONFIG_FILE=/run/cips/config-sand.bcm", "VERBOSE=no", "LAUREL_CHASSIS_TARGET=magnum", "LAUREL_CHASSIS_TYPE=1800", "LAUREL_BOARD_CATEGORY=fcp", "RCP_HOST=169.254.13.3", "LC_ALL=C", "DPP_DB_PATH=/run/cips/db/"]) = 0 <0.050761>
20244 15:10:43.510756 access("/etc/ld.so.preload", R_OK) = -1 ENOENT (No such file or directory) <0.000030>
20244 15:10:43.510918 open("/etc/ld.so.cache", O_RDONLY|O_CLOEXEC) = 8 <0.000030>
20244 15:10:43.511170 open("/lib/libm.so.6", O_RDONLY|O_CLOEXEC) = 8 <0.000028>
20244 15:10:43.511609 open("/lib/libc.so.6", O_RDONLY|O_CLOEXEC) = 8 <0.000027>
20244 15:10:43.513550 stat64("/run/cips", {st_dev=makedev(0, 20), st_ino=3571, st_mode=S_IFDIR|0755, st_nlink=4, st_uid=0, st_gid=0, st_blksize=4096, st_blocks=0, st_size=660, st_atime=2018/09/17-10:50:28, st_mtime=2018/09/18-11:30:43, st_ctime=2018/09/18-11:30:43}) = 0 <0.000029>
20244 15:10:43.513721 stat64(".", {st_dev=makedev(0, 20), st_ino=3571, st_mode=S_IFDIR|0755, st_nlink=4, st_uid=0, st_gid=0, st_blksize=4096, st_blocks=0, st_size=660, st_atime=2018/09/17-10:50:28, st_mtime=2018/09/18-11:30:43, st_ctime=2018/09/18-11:30:43}) = 0 <0.000027>
20244 15:10:43.514672 stat64("/sbin/grep", 0xffcc5558) = -1 ENOENT (No such file or directory) <0.000031>
20244 15:10:43.514806 stat64("/usr/sbin/grep", 0xffcc5558) = -1 ENOENT (No such file or directory) <0.000027>
20244 15:10:43.514925 stat64("/bin/grep", {st_dev=makedev(1, 0), st_ino=20090, st_mode=S_IFREG|0755, st_nlink=1, st_uid=0, st_gid=0, st_blksize=1024, st_blocks=2146, st_size=1091828, st_atime=2018/09/25-11:28:39, st_mtime=2017/06/14-06:20:59, st_ctime=2017/06/14-06:20:59}) = 0 <0.000034>
20245 15:10:43.515948 +++ exited with 0 +++
20246 15:10:43.516027 execve("/bin/grep", ["grep", "export TZ="], ["RCP_HOST=169.254.13.3", "CONSOLE=/dev/console", "HOME=/run/cips/", "OLDPWD=/home", "runlevel=5", "INIT_VERSION=sysvinit-2.88", "LAUREL_CHASSIS_TYPE=1800", "LAUREL_BOARD_CATEGORY=fcp", "TERM=linux", "PATH=/sbin:/usr/sbin:/bin:/usr/bin:/sbin", "RUNLEVEL=5", "PREVLEVEL=N", "SHELL=/bin/sh", "DPP_DB_PATH=/run/cips/db/", "LAUREL_CHASSIS_TARGET=magnum", "LC_ALL=C", "PWD=/run/cips", "previous=N", "BCM_CONFIG_FILE=/run/cips/config-sand.bcm", "VERBOSE=no"] <unfinished ...>
20244 15:10:43.516189 --- SIGCHLD {si_signo=SIGCHLD, si_code=CLD_EXITED, si_pid=20245, si_status=0, si_utime=0, si_stime=0} ---
20246 15:10:43.516560 <... execve resumed> ) = 0 <0.000397>
20246 15:10:43.516785 access("/etc/ld.so.preload", R_OK) = -1 ENOENT (No such file or directory) <0.000025>
20246 15:10:43.516909 open("/etc/ld.so.cache", O_RDONLY|O_CLOEXEC) = 8 <0.000028>
20246 15:10:43.517144 open("/lib/libm.so.6", O_RDONLY|O_CLOEXEC) = 8 <0.000029>
20246 15:10:43.517526 open("/lib/libc.so.6", O_RDONLY|O_CLOEXEC) = 8 <0.000030>
20246 15:10:43.519741 +++ exited with 1 +++
20244 15:10:43.519824 --- SIGCHLD {si_signo=SIGCHLD, si_code=CLD_EXITED, si_pid=20246, si_status=1, si_utime=0, si_stime=0} ---
20244 15:10:43.520178 +++ exited with 1 +++
3303  15:10:43.520292 --- SIGCHLD {si_signo=SIGCHLD, si_code=CLD_EXITED, si_pid=20244, si_status=1, si_utime=0, si_stime=5} ---
2396  15:10:43.654359 lstat64("/run/CIPS1T_Cfg.bin", {st_dev=makedev(0, 20), st_ino=811, st_mode=S_IFREG|0644, st_nlink=1, st_uid=0, st_gid=0, st_blksize=4096, st_blocks=8, st_size=1004, st_atime=2018/09/25-15:10:40, st_mtime=2018/09/18-11:28:36, st_ctime=2018/09/18-11:28:36}) = 0 <0.000048>
2396  15:10:43.654794 open("/run/CIPS1T_Cfg.bin", O_RDONLY) = 100 <0.000048>
3293  15:10:43.733613 stat64("/etc/localtime", {st_dev=makedev(1, 0), st_ino=30625, st_mode=S_IFREG|0755, st_nlink=1, st_uid=0, st_gid=0, st_blksize=1024, st_blocks=2, st_size=118, st_atime=2018/09/25-15:08:53, st_mtime=2018/06/02-04:57:29, st_ctime=2018/06/02-04:57:29}) = 0 <0.000032>
2390  15:10:43.779780 open("/dev/cpugpio", O_RDWR) = 100 <0.000134>
3293  15:10:44.733988 stat64("/etc/localtime", {st_dev=makedev(1, 0), st_ino=30625, st_mode=S_IFREG|0755, st_nlink=1, st_uid=0, st_gid=0, st_blksize=1024, st_blocks=2, st_size=118, st_atime=2018/09/25-15:08:53, st_mtime=2018/06/02-04:57:29, st_ctime=2018/06/02-04:57:29}) = 0 <0.000028>
2396  15:10:44.978311 open("/dev/i2c_info", O_RDWR) = 100 <0.000055>
2390  15:10:44.981066 open("/dev/cpugpio", O_RDWR) = 100 <0.000217>
2396  15:10:45.275352 open("/dev/cpugpio", O_RDWR) = 100 <0.000045>
2396  15:10:45.275633 open("/dev/i2c_info", O_RDWR) = 100 <0.000026>
2396  15:10:45.325479 open("/var/run/maxTxL3vpn", O_RDONLY) = 100 <0.000086>
20247 15:10:45.366322 execve("/bin/sh", ["sh", "-c", "export | grep \"export TZ=\""], ["CONSOLE=/dev/console", "OLDPWD=/home", "HOME=/run/cips/", "runlevel=5", "INIT_VERSION=sysvinit-2.88", "TERM=linux", "PATH=/sbin:/usr/sbin:/bin:/usr/bin:/sbin", "RUNLEVEL=5", "PREVLEVEL=N", "SHELL=/bin/sh", "previous=N", "PWD=/run/cips", "BCM_CONFIG_FILE=/run/cips/config-sand.bcm", "VERBOSE=no", "LAUREL_CHASSIS_TARGET=magnum", "LAUREL_CHASSIS_TYPE=1800", "LAUREL_BOARD_CATEGORY=fcp", "RCP_HOST=169.254.13.3", "LC_ALL=C", "DPP_DB_PATH=/run/cips/db/"]) = 0 <0.050597>
20247 15:10:45.417346 access("/etc/ld.so.preload", R_OK) = -1 ENOENT (No such file or directory) <0.000025>
20247 15:10:45.417502 open("/etc/ld.so.cache", O_RDONLY|O_CLOEXEC) = 8 <0.000030>
20247 15:10:45.417731 open("/lib/libm.so.6", O_RDONLY|O_CLOEXEC) = 8 <0.000028>
20247 15:10:45.418110 open("/lib/libc.so.6", O_RDONLY|O_CLOEXEC) = 8 <0.000032>
20247 15:10:45.419847 stat64("/run/cips", {st_dev=makedev(0, 20), st_ino=3571, st_mode=S_IFDIR|0755, st_nlink=4, st_uid=0, st_gid=0, st_blksize=4096, st_blocks=0, st_size=660, st_atime=2018/09/17-10:50:28, st_mtime=2018/09/18-11:30:43, st_ctime=2018/09/18-11:30:43}) = 0 <0.000025>
20247 15:10:45.420026 stat64(".", {st_dev=makedev(0, 20), st_ino=3571, st_mode=S_IFDIR|0755, st_nlink=4, st_uid=0, st_gid=0, st_blksize=4096, st_blocks=0, st_size=660, st_atime=2018/09/17-10:50:28, st_mtime=2018/09/18-11:30:43, st_ctime=2018/09/18-11:30:43}) = 0 <0.000019>
20247 15:10:45.420898 stat64("/sbin/grep", 0xffcd3528) = -1 ENOENT (No such file or directory) <0.000034>
20247 15:10:45.421079 stat64("/usr/sbin/grep", 0xffcd3528) = -1 ENOENT (No such file or directory) <0.000030>
20247 15:10:45.421186 stat64("/bin/grep", {st_dev=makedev(1, 0), st_ino=20090, st_mode=S_IFREG|0755, st_nlink=1, st_uid=0, st_gid=0, st_blksize=1024, st_blocks=2146, st_size=1091828, st_atime=2018/09/25-11:28:39, st_mtime=2017/06/14-06:20:59, st_ctime=2017/06/14-06:20:59}) = 0 <0.000032>
20248 15:10:45.422254 +++ exited with 0 +++
20249 15:10:45.422333 execve("/bin/grep", ["grep", "export TZ="], ["RCP_HOST=169.254.13.3", "CONSOLE=/dev/console", "HOME=/run/cips/", "OLDPWD=/home", "runlevel=5", "INIT_VERSION=sysvinit-2.88", "LAUREL_CHASSIS_TYPE=1800", "LAUREL_BOARD_CATEGORY=fcp", "TERM=linux", "PATH=/sbin:/usr/sbin:/bin:/usr/bin:/sbin", "RUNLEVEL=5", "PREVLEVEL=N", "SHELL=/bin/sh", "DPP_DB_PATH=/run/cips/db/", "LAUREL_CHASSIS_TARGET=magnum", "LC_ALL=C", "PWD=/run/cips", "previous=N", "BCM_CONFIG_FILE=/run/cips/config-sand.bcm", "VERBOSE=no"] <unfinished ...>
20247 15:10:45.422498 --- SIGCHLD {si_signo=SIGCHLD, si_code=CLD_EXITED, si_pid=20248, si_status=0, si_utime=0, si_stime=0} ---
20249 15:10:45.422923 <... execve resumed> ) = 0 <0.000454>
20249 15:10:45.423207 access("/etc/ld.so.preload", R_OK) = -1 ENOENT (No such file or directory) <0.000030>
20249 15:10:45.423334 open("/etc/ld.so.cache", O_RDONLY|O_CLOEXEC) = 8 <0.000046>
20249 15:10:45.423644 open("/lib/libm.so.6", O_RDONLY|O_CLOEXEC) = 8 <0.000028>
20249 15:10:45.424074 open("/lib/libc.so.6", O_RDONLY|O_CLOEXEC) = 8 <0.000028>
20249 15:10:45.426487 +++ exited with 1 +++
20247 15:10:45.426552 --- SIGCHLD {si_signo=SIGCHLD, si_code=CLD_EXITED, si_pid=20249, si_status=1, si_utime=0, si_stime=0} ---
20247 15:10:45.426884 +++ exited with 1 +++
2460  15:10:45.427002 --- SIGCHLD {si_signo=SIGCHLD, si_code=CLD_EXITED, si_pid=20247, si_status=1, si_utime=0, si_stime=5} ---
2396  15:10:45.583812 lstat64("/run/CIPS1T_Cfg.bin", {st_dev=makedev(0, 20), st_ino=811, st_mode=S_IFREG|0644, st_nlink=1, st_uid=0, st_gid=0, st_blksize=4096, st_blocks=8, st_size=1004, st_atime=2018/09/25-15:10:43, st_mtime=2018/09/18-11:28:36, st_ctime=2018/09/18-11:28:36}) = 0 <0.000380>
2396  15:10:45.584431 open("/run/CIPS1T_Cfg.bin", O_RDONLY) = 100 <0.000073>
3293  15:10:45.734385 stat64("/etc/localtime", {st_dev=makedev(1, 0), st_ino=30625, st_mode=S_IFREG|0755, st_nlink=1, st_uid=0, st_gid=0, st_blksize=1024, st_blocks=2, st_size=118, st_atime=2018/09/25-15:08:53, st_mtime=2018/06/02-04:57:29, st_ctime=2018/06/02-04:57:29}) = 0 <0.000045>
3226  15:10:45.881343 open("/var/log/proto.log", O_WRONLY|O_CREAT|O_APPEND, 0666) = 100 <0.000083>
3293  15:10:46.734739 stat64("/etc/localtime", {st_dev=makedev(1, 0), st_ino=30625, st_mode=S_IFREG|0755, st_nlink=1, st_uid=0, st_gid=0, st_blksize=1024, st_blocks=2, st_size=118, st_atime=2018/09/25-15:08:53, st_mtime=2018/06/02-04:57:29, st_ctime=2018/06/02-04:57:29}) = 0 <0.000030>
2390  15:10:47.593071 open("/dev/cpugpio", O_RDWR <unfinished ...>
2396  15:10:47.593879 open("/dev/i2c_info", O_RDWR) = 103 <0.000052>
2390  15:10:47.595836 <... open resumed> ) = 100 <0.002681>
3293  15:10:47.735156 stat64("/etc/localtime", {st_dev=makedev(1, 0), st_ino=30625, st_mode=S_IFREG|0755, st_nlink=1, st_uid=0, st_gid=0, st_blksize=1024, st_blocks=2, st_size=118, st_atime=2018/09/25-15:08:53, st_mtime=2018/06/02-04:57:29, st_ctime=2018/06/02-04:57:29}) = 0 <0.000065>
2396  15:10:47.792823 open("/dev/cpugpio", O_RDWR) = 100 <0.000100>
2396  15:10:47.793405 open("/dev/i2c_info", O_RDWR) = 100 <0.016069>
2396  15:10:47.863289 open("/var/run/maxTxL3vpn", O_RDONLY) = 100 <0.000062>
20250 15:10:47.904838 execve("/bin/sh", ["sh", "-c", "export | grep \"export TZ=\""], ["CONSOLE=/dev/console", "OLDPWD=/home", "HOME=/run/cips/", "runlevel=5", "INIT_VERSION=sysvinit-2.88", "TERM=linux", "PATH=/sbin:/usr/sbin:/bin:/usr/bin:/sbin", "RUNLEVEL=5", "PREVLEVEL=N", "SHELL=/bin/sh", "previous=N", "PWD=/run/cips", "BCM_CONFIG_FILE=/run/cips/config-sand.bcm", "VERBOSE=no", "LAUREL_CHASSIS_TARGET=magnum", "LAUREL_CHASSIS_TYPE=1800", "LAUREL_BOARD_CATEGORY=fcp", "RCP_HOST=169.254.13.3", "LC_ALL=C", "DPP_DB_PATH=/run/cips/db/"]) = 0 <0.051011>
20250 15:10:47.956313 access("/etc/ld.so.preload", R_OK) = -1 ENOENT (No such file or directory) <0.000027>
20250 15:10:47.956469 open("/etc/ld.so.cache", O_RDONLY|O_CLOEXEC) = 8 <0.000029>
20250 15:10:47.956669 open("/lib/libm.so.6", O_RDONLY|O_CLOEXEC) = 8 <0.000029>
20250 15:10:47.957135 open("/lib/libc.so.6", O_RDONLY|O_CLOEXEC) = 8 <0.000032>
20250 15:10:47.958921 stat64("/run/cips", {st_dev=makedev(0, 20), st_ino=3571, st_mode=S_IFDIR|0755, st_nlink=4, st_uid=0, st_gid=0, st_blksize=4096, st_blocks=0, st_size=660, st_atime=2018/09/17-10:50:28, st_mtime=2018/09/18-11:30:43, st_ctime=2018/09/18-11:30:43}) = 0 <0.000025>
20250 15:10:47.959101 stat64(".", {st_dev=makedev(0, 20), st_ino=3571, st_mode=S_IFDIR|0755, st_nlink=4, st_uid=0, st_gid=0, st_blksize=4096, st_blocks=0, st_size=660, st_atime=2018/09/17-10:50:28, st_mtime=2018/09/18-11:30:43, st_ctime=2018/09/18-11:30:43}) = 0 <0.000020>
20250 15:10:47.959971 stat64("/sbin/grep", 0xfff844e8) = -1 ENOENT (No such file or directory) <0.000034>
20250 15:10:47.960107 stat64("/usr/sbin/grep", 0xfff844e8) = -1 ENOENT (No such file or directory) <0.000020>
20250 15:10:47.960195 stat64("/bin/grep", {st_dev=makedev(1, 0), st_ino=20090, st_mode=S_IFREG|0755, st_nlink=1, st_uid=0, st_gid=0, st_blksize=1024, st_blocks=2146, st_size=1091828, st_atime=2018/09/25-11:28:39, st_mtime=2017/06/14-06:20:59, st_ctime=2017/06/14-06:20:59}) = 0 <0.000032>
20251 15:10:47.961325 +++ exited with 0 +++
20252 15:10:47.961407 execve("/bin/grep", ["grep", "export TZ="], ["RCP_HOST=169.254.13.3", "CONSOLE=/dev/console", "HOME=/run/cips/", "OLDPWD=/home", "runlevel=5", "INIT_VERSION=sysvinit-2.88", "LAUREL_CHASSIS_TYPE=1800", "LAUREL_BOARD_CATEGORY=fcp", "TERM=linux", "PATH=/sbin:/usr/sbin:/bin:/usr/bin:/sbin", "RUNLEVEL=5", "PREVLEVEL=N", "SHELL=/bin/sh", "DPP_DB_PATH=/run/cips/db/", "LAUREL_CHASSIS_TARGET=magnum", "LC_ALL=C", "PWD=/run/cips", "previous=N", "BCM_CONFIG_FILE=/run/cips/config-sand.bcm", "VERBOSE=no"] <unfinished ...>
20250 15:10:47.961583 --- SIGCHLD {si_signo=SIGCHLD, si_code=CLD_EXITED, si_pid=20251, si_status=0, si_utime=0, si_stime=0} ---
20252 15:10:47.961909 <... execve resumed> ) = 0 <0.000358>
20252 15:10:47.962206 access("/etc/ld.so.preload", R_OK) = -1 ENOENT (No such file or directory) <0.000040>
20252 15:10:47.962374 open("/etc/ld.so.cache", O_RDONLY|O_CLOEXEC) = 8 <0.000029>
20252 15:10:47.962885 open("/lib/libm.so.6", O_RDONLY|O_CLOEXEC) = 8 <0.000043>
20252 15:10:47.964317 open("/lib/libc.so.6", O_RDONLY|O_CLOEXEC) = 8 <0.000039>
20252 15:10:47.966677 +++ exited with 1 +++
20250 15:10:47.966760 --- SIGCHLD {si_signo=SIGCHLD, si_code=CLD_EXITED, si_pid=20252, si_status=1, si_utime=0, si_stime=0} ---
20250 15:10:47.967085 +++ exited with 1 +++
3322  15:10:47.967202 --- SIGCHLD {si_signo=SIGCHLD, si_code=CLD_EXITED, si_pid=20250, si_status=1, si_utime=0, si_stime=5} ---
2396  15:10:47.976535 lstat64("/run/CIPS1T_Cfg.bin", {st_dev=makedev(0, 20), st_ino=811, st_mode=S_IFREG|0644, st_nlink=1, st_uid=0, st_gid=0, st_blksize=4096, st_blocks=8, st_size=1004, st_atime=2018/09/25-15:10:45, st_mtime=2018/09/18-11:28:36, st_ctime=2018/09/18-11:28:36}) = 0 <0.000029>
2396  15:10:47.976782 open("/run/CIPS1T_Cfg.bin", O_RDONLY) = 100 <0.000183>
2392  15:10:47.978513 open("/dev/mdio_info", O_RDWR) = 100 <0.000092>
3293  15:10:48.735559 stat64("/etc/localtime", {st_dev=makedev(1, 0), st_ino=30625, st_mode=S_IFREG|0755, st_nlink=1, st_uid=0, st_gid=0, st_blksize=1024, st_blocks=2, st_size=118, st_atime=2018/09/25-15:08:53, st_mtime=2018/06/02-04:57:29, st_ctime=2018/06/02-04:57:29}) = 0 <0.000047>
3293  15:10:49.736072 stat64("/etc/localtime", {st_dev=makedev(1, 0), st_ino=30625, st_mode=S_IFREG|0755, st_nlink=1, st_uid=0, st_gid=0, st_blksize=1024, st_blocks=2, st_size=118, st_atime=2018/09/25-15:08:53, st_mtime=2018/06/02-04:57:29, st_ctime=2018/06/02-04:57:29}) = 0 <0.000126>
2397  15:10:49.992941 access("/home/root/BindingDb.txt", F_OK) = 0 <0.000053>
20253 15:10:50.031521 execve("/bin/sh", ["sh", "-c", "cp /home/root/BindingDb.txt /mnt"], ["CONSOLE=/dev/console", "OLDPWD=/home", "HOME=/run/cips/", "runlevel=5", "INIT_VERSION=sysvinit-2.88", "TERM=linux", "PATH=/sbin:/usr/sbin:/bin:/usr/bin:/sbin", "RUNLEVEL=5", "PREVLEVEL=N", "SHELL=/bin/sh", "previous=N", "PWD=/run/cips", "BCM_CONFIG_FILE=/run/cips/config-sand.bcm", "VERBOSE=no", "LAUREL_CHASSIS_TARGET=magnum", "LAUREL_CHASSIS_TYPE=1800", "LAUREL_BOARD_CATEGORY=fcp", "RCP_HOST=169.254.13.3", "LC_ALL=C", "DPP_DB_PATH=/run/cips/db/"] <unfinished ...>
3226  15:10:50.077639 open("/var/log/proto.log", O_WRONLY|O_CREAT|O_APPEND, 0666) = 100 <0.000259>
20253 15:10:50.084400 <... execve resumed> ) = 0 <0.052678>
20253 15:10:50.084702 access("/etc/ld.so.preload", R_OK) = -1 ENOENT (No such file or directory) <0.000021>
20253 15:10:50.084848 open("/etc/ld.so.cache", O_RDONLY|O_CLOEXEC) = 8 <0.000115>
20253 15:10:50.085244 open("/lib/libm.so.6", O_RDONLY|O_CLOEXEC) = 8 <0.000033>
20253 15:10:50.085652 open("/lib/libc.so.6", O_RDONLY|O_CLOEXEC) = 8 <0.000030>
20253 15:10:50.087372 stat64("/run/cips", {st_dev=makedev(0, 20), st_ino=3571, st_mode=S_IFDIR|0755, st_nlink=4, st_uid=0, st_gid=0, st_blksize=4096, st_blocks=0, st_size=660, st_atime=2018/09/17-10:50:28, st_mtime=2018/09/18-11:30:43, st_ctime=2018/09/18-11:30:43}) = 0 <0.000024>
20253 15:10:50.087548 stat64(".", {st_dev=makedev(0, 20), st_ino=3571, st_mode=S_IFDIR|0755, st_nlink=4, st_uid=0, st_gid=0, st_blksize=4096, st_blocks=0, st_size=660, st_atime=2018/09/17-10:50:28, st_mtime=2018/09/18-11:30:43, st_ctime=2018/09/18-11:30:43}) = 0 <0.000018>
20253 15:10:50.087948 stat64("/sbin/cp", 0xffda8b18) = -1 ENOENT (No such file or directory) <0.000021>
20253 15:10:50.088039 stat64("/usr/sbin/cp", 0xffda8b18) = -1 ENOENT (No such file or directory) <0.000019>
20253 15:10:50.088128 stat64("/bin/cp", {st_dev=makedev(1, 0), st_ino=20090, st_mode=S_IFREG|0755, st_nlink=1, st_uid=0, st_gid=0, st_blksize=1024, st_blocks=2146, st_size=1091828, st_atime=2018/09/25-11:28:39, st_mtime=2017/06/14-06:20:59, st_ctime=2017/06/14-06:20:59}) = 0 <0.000023>
20254 15:10:50.088941 execve("/bin/cp", ["cp", "/home/root/BindingDb.txt", "/mnt"], ["RCP_HOST=169.254.13.3", "CONSOLE=/dev/console", "HOME=/run/cips/", "OLDPWD=/home", "runlevel=5", "INIT_VERSION=sysvinit-2.88", "LAUREL_CHASSIS_TYPE=1800", "LAUREL_BOARD_CATEGORY=fcp", "TERM=linux", "PATH=/sbin:/usr/sbin:/bin:/usr/bin:/sbin", "RUNLEVEL=5", "PREVLEVEL=N", "SHELL=/bin/sh", "DPP_DB_PATH=/run/cips/db/", "LAUREL_CHASSIS_TARGET=magnum", "LC_ALL=C", "PWD=/run/cips", "previous=N", "BCM_CONFIG_FILE=/run/cips/config-sand.bcm", "VERBOSE=no"]) = 0 <0.000339>
20254 15:10:50.089675 access("/etc/ld.so.preload", R_OK) = -1 ENOENT (No such file or directory) <0.000026>
20254 15:10:50.089814 open("/etc/ld.so.cache", O_RDONLY|O_CLOEXEC) = 8 <0.000027>
20254 15:10:50.090009 open("/lib/libm.so.6", O_RDONLY|O_CLOEXEC) = 8 <0.000027>
20254 15:10:50.090374 open("/lib/libc.so.6", O_RDONLY|O_CLOEXEC) = 8 <0.000029>
20254 15:10:50.091962 stat64("/home/root/BindingDb.txt", {st_dev=makedev(1, 0), st_ino=44005, st_mode=S_IFREG|0755, st_nlink=1, st_uid=0, st_gid=0, st_blksize=1024, st_blocks=0, st_size=0, st_atime=2018/09/24-16:38:19, st_mtime=2018/09/19-16:38:12, st_ctime=2018/09/19-16:38:12}) = 0 <0.000025>
20254 15:10:50.092136 stat64("/mnt", {st_dev=makedev(0, 22), st_ino=20482, st_mode=S_IFDIR|0777, st_nlink=3, st_uid=0, st_gid=0, st_blksize=1048576, st_blocks=8, st_size=4096, st_atime=2018/09/18-11:10:04, st_mtime=2018/09/25-15:10:42, st_ctime=2018/09/25-15:10:42}) = 0 <0.000023>
20254 15:10:50.092396 stat64("/home/root/BindingDb.txt", {st_dev=makedev(1, 0), st_ino=44005, st_mode=S_IFREG|0755, st_nlink=1, st_uid=0, st_gid=0, st_blksize=1024, st_blocks=0, st_size=0, st_atime=2018/09/24-16:38:19, st_mtime=2018/09/19-16:38:12, st_ctime=2018/09/19-16:38:12}) = 0 <0.000022>
20254 15:10:50.092535 lstat64("/mnt/BindingDb.txt", {st_dev=makedev(0, 22), st_ino=20484, st_mode=S_IFREG|0755, st_nlink=1, st_uid=0, st_gid=0, st_blksize=1048576, st_blocks=0, st_size=0, st_atime=2018/09/25-15:10:42, st_mtime=2018/09/25-15:10:42, st_ctime=2018/09/25-15:10:42}) = 0 <0.001293>
20254 15:10:50.093985 open("/home/root/BindingDb.txt", O_RDONLY|O_LARGEFILE) = 8 <0.000061>
20254 15:10:50.094116 open("/mnt/BindingDb.txt", O_WRONLY|O_CREAT|O_EXCL|O_LARGEFILE, 0100755) = -1 EEXIST (File exists) <0.000453>
20254 15:10:50.094705 unlink("/mnt/BindingDb.txt") = 0 <0.000620>
20254 15:10:50.095415 open("/mnt/BindingDb.txt", O_WRONLY|O_CREAT|O_EXCL|O_LARGEFILE, 0100755) = 9 <0.074854>
20254 15:10:50.171593 +++ exited with 0 +++
20253 15:10:50.171676 --- SIGCHLD {si_signo=SIGCHLD, si_code=CLD_EXITED, si_pid=20254, si_status=0, si_utime=0, si_stime=0} ---
20253 15:10:50.172032 +++ exited with 0 +++
27200 15:10:50.172113 --- SIGCHLD {si_signo=SIGCHLD, si_code=CLD_EXITED, si_pid=20253, si_status=0, si_utime=0, si_stime=5} ---
20255 15:10:50.709321 execve("/bin/sh", ["sh", "-c", "ftpput 169.254.6.5 -u root  -p root  /BindingDb.txt /home/root/BindingDb.txt"], ["CONSOLE=/dev/console", "OLDPWD=/home", "HOME=/run/cips/", "runlevel=5", "INIT_VERSION=sysvinit-2.88", "TERM=linux", "PATH=/sbin:/usr/sbin:/bin:/usr/bin:/sbin", "RUNLEVEL=5", "PREVLEVEL=N", "SHELL=/bin/sh", "previous=N", "PWD=/run/cips", "BCM_CONFIG_FILE=/run/cips/config-sand.bcm", "VERBOSE=no", "LAUREL_CHASSIS_TARGET=magnum", "LAUREL_CHASSIS_TYPE=1800", "LAUREL_BOARD_CATEGORY=fcp", "RCP_HOST=169.254.13.3", "LC_ALL=C", "DPP_DB_PATH=/run/cips/db/"]) = 0 <0.050934>
20255 15:10:50.760696 access("/etc/ld.so.preload", R_OK) = -1 ENOENT (No such file or directory) <0.000027>
20255 15:10:50.760855 open("/etc/ld.so.cache", O_RDONLY|O_CLOEXEC) = 8 <0.000029>
20255 15:10:50.761095 open("/lib/libm.so.6", O_RDONLY|O_CLOEXEC) = 8 <0.000029>
20255 15:10:50.761486 open("/lib/libc.so.6", O_RDONLY|O_CLOEXEC) = 8 <0.000030>
20255 15:10:50.763218 stat64("/run/cips", {st_dev=makedev(0, 20), st_ino=3571, st_mode=S_IFDIR|0755, st_nlink=4, st_uid=0, st_gid=0, st_blksize=4096, st_blocks=0, st_size=660, st_atime=2018/09/17-10:50:28, st_mtime=2018/09/18-11:30:43, st_ctime=2018/09/18-11:30:43}) = 0 <0.000027>
20255 15:10:50.763408 stat64(".", {st_dev=makedev(0, 20), st_ino=3571, st_mode=S_IFDIR|0755, st_nlink=4, st_uid=0, st_gid=0, st_blksize=4096, st_blocks=0, st_size=660, st_atime=2018/09/17-10:50:28, st_mtime=2018/09/18-11:30:43, st_ctime=2018/09/18-11:30:43}) = 0 <0.000019>
20255 15:10:50.763825 stat64("/sbin/ftpput", 0xfffe4a08) = -1 ENOENT (No such file or directory) <0.000019>
20255 15:10:50.763916 stat64("/usr/sbin/ftpput", 0xfffe4a08) = -1 ENOENT (No such file or directory) <0.000018>
20255 15:10:50.763991 stat64("/bin/ftpput", 0xfffe4a08) = -1 ENOENT (No such file or directory) <0.000018>
20255 15:10:50.764067 stat64("/usr/bin/ftpput", {st_dev=makedev(1, 0), st_ino=20090, st_mode=S_IFREG|0755, st_nlink=1, st_uid=0, st_gid=0, st_blksize=1024, st_blocks=2146, st_size=1091828, st_atime=2018/09/25-11:28:39, st_mtime=2017/06/14-06:20:59, st_ctime=2017/06/14-06:20:59}) = 0 <0.000024>
20256 15:10:50.765173 execve("/usr/bin/ftpput", ["ftpput", "169.254.6.5", "-u", "root", "-p", "root", "/BindingDb.txt", "/home/root/BindingDb.txt"], ["RCP_HOST=169.254.13.3", "CONSOLE=/dev/console", "HOME=/run/cips/", "OLDPWD=/home", "runlevel=5", "INIT_VERSION=sysvinit-2.88", "LAUREL_CHASSIS_TYPE=1800", "LAUREL_BOARD_CATEGORY=fcp", "TERM=linux", "PATH=/sbin:/usr/sbin:/bin:/usr/bin:/sbin", "RUNLEVEL=5", "PREVLEVEL=N", "SHELL=/bin/sh", "DPP_DB_PATH=/run/cips/db/", "LAUREL_CHASSIS_TARGET=magnum", "LC_ALL=C", "PWD=/run/cips", "previous=N", "BCM_CONFIG_FILE=/run/cips/config-sand.bcm", "VERBOSE=no"]) = 0 <0.000517>
3293  15:10:50.765900 stat64("/etc/localtime", {st_dev=makedev(1, 0), st_ino=30625, st_mode=S_IFREG|0755, st_nlink=1, st_uid=0, st_gid=0, st_blksize=1024, st_blocks=2, st_size=118, st_atime=2018/09/25-15:08:53, st_mtime=2018/06/02-04:57:29, st_ctime=2018/06/02-04:57:29}) = 0 <0.000031>
20256 15:10:50.766214 access("/etc/ld.so.preload", R_OK) = -1 ENOENT (No such file or directory) <0.000027>
20256 15:10:50.766357 open("/etc/ld.so.cache", O_RDONLY|O_CLOEXEC) = 8 <0.000035>
20256 15:10:50.766581 open("/lib/libm.so.6", O_RDONLY|O_CLOEXEC) = 8 <0.000028>
20256 15:10:50.766970 open("/lib/libc.so.6", O_RDONLY|O_CLOEXEC) = 8 <0.000030>
20256 15:10:50.768924 open("/etc/nsswitch.conf", O_RDONLY|O_CLOEXEC) = 8 <0.000072>
20256 15:10:50.769469 open("/etc/ld.so.cache", O_RDONLY|O_CLOEXEC) = 8 <0.000028>
20256 15:10:50.769677 open("/lib/tls/ppce5500/libnss_db.so.2", O_RDONLY|O_CLOEXEC) = -1 ENOENT (No such file or directory) <0.000023>
20256 15:10:50.769766 stat64("/lib/tls/ppce5500", 0xffd56408) = -1 ENOENT (No such file or directory) <0.000018>
20256 15:10:50.769845 open("/lib/tls/libnss_db.so.2", O_RDONLY|O_CLOEXEC) = -1 ENOENT (No such file or directory) <0.000020>
20256 15:10:50.769921 stat64("/lib/tls", 0xffd56408) = -1 ENOENT (No such file or directory) <0.000021>
20256 15:10:50.770025 open("/lib/ppce5500/libnss_db.so.2", O_RDONLY|O_CLOEXEC) = -1 ENOENT (No such file or directory) <0.000021>
20256 15:10:50.770103 stat64("/lib/ppce5500", 0xffd56408) = -1 ENOENT (No such file or directory) <0.000018>
20256 15:10:50.770179 open("/lib/libnss_db.so.2", O_RDONLY|O_CLOEXEC) = -1 ENOENT (No such file or directory) <0.000020>
20256 15:10:50.770255 stat64("/lib", {st_dev=makedev(1, 0), st_ino=4001, st_mode=S_IFDIR|0755, st_nlink=5, st_uid=0, st_gid=0, st_blksize=1024, st_blocks=4, st_size=2048, st_atime=2018/06/02-04:55:39, st_mtime=2017/06/14-06:21:00, st_ctime=2017/06/14-06:21:00}) = 0 <0.000018>
20256 15:10:50.770382 open("/usr/lib/tls/ppce5500/libnss_db.so.2", O_RDONLY|O_CLOEXEC) = -1 ENOENT (No such file or directory) <0.000020>
20256 15:10:50.770459 stat64("/usr/lib/tls/ppce5500", 0xffd56408) = -1 ENOENT (No such file or directory) <0.000018>
20256 15:10:50.770534 open("/usr/lib/tls/libnss_db.so.2", O_RDONLY|O_CLOEXEC) = -1 ENOENT (No such file or directory) <0.000020>
20256 15:10:50.770610 stat64("/usr/lib/tls", 0xffd56408) = -1 ENOENT (No such file or directory) <0.000019>
20256 15:10:50.770697 open("/usr/lib/ppce5500/libnss_db.so.2", O_RDONLY|O_CLOEXEC) = -1 ENOENT (No such file or directory) <0.000021>
20256 15:10:50.770774 stat64("/usr/lib/ppce5500", 0xffd56408) = -1 ENOENT (No such file or directory) <0.000018>
20256 15:10:50.770848 open("/usr/lib/libnss_db.so.2", O_RDONLY|O_CLOEXEC) = -1 ENOENT (No such file or directory) <0.000021>
20256 15:10:50.770940 stat64("/usr/lib", {st_dev=makedev(1, 0), st_ino=28304, st_mode=S_IFDIR|0755, st_nlink=7, st_uid=0, st_gid=0, st_blksize=1024, st_blocks=2, st_size=1024, st_atime=2017/06/14-06:21:02, st_mtime=2018/09/18-11:28:47, st_ctime=2018/09/18-11:28:47}) = 0 <0.000020>
20256 15:10:50.771146 open("/etc/ld.so.cache", O_RDONLY|O_CLOEXEC) = 8 <0.000025>
20256 15:10:50.771336 open("/lib/libnss_files.so.2", O_RDONLY|O_CLOEXEC) = 8 <0.000028>
20256 15:10:50.771875 open("/etc/services", O_RDONLY|O_CLOEXEC) = 8 <0.000027>
20256 15:10:50.789130 open("/home/root/BindingDb.txt", O_RDONLY|O_LARGEFILE) = 10 <0.000032>
20256 15:10:50.792222 +++ exited with 0 +++
20255 15:10:50.792328 --- SIGCHLD {si_signo=SIGCHLD, si_code=CLD_EXITED, si_pid=20256, si_status=0, si_utime=0, si_stime=0} ---
20255 15:10:50.792873 +++ exited with 0 +++
3246  15:10:50.792999 --- SIGCHLD {si_signo=SIGCHLD, si_code=CLD_EXITED, si_pid=20255, si_status=0, si_utime=0, si_stime=5} ---
3293  15:10:51.766201 stat64("/etc/localtime", {st_dev=makedev(1, 0), st_ino=30625, st_mode=S_IFREG|0755, st_nlink=1, st_uid=0, st_gid=0, st_blksize=1024, st_blocks=2, st_size=118, st_atime=2018/09/25-15:08:53, st_mtime=2018/06/02-04:57:29, st_ctime=2018/06/02-04:57:29}) = 0 <0.000028>
2396  15:10:51.848707 open("/dev/i2c_info", O_RDWR) = 100 <0.000055>
2390  15:10:51.850747 open("/dev/cpugpio", O_RDWR) = 100 <0.000051>
3293  15:10:52.766518 stat64("/etc/localtime", {st_dev=makedev(1, 0), st_ino=30625, st_mode=S_IFREG|0755, st_nlink=1, st_uid=0, st_gid=0, st_blksize=1024, st_blocks=2, st_size=118, st_atime=2018/09/25-15:08:53, st_mtime=2018/06/02-04:57:29, st_ctime=2018/06/02-04:57:29}) = 0 <0.000029>
2396  15:10:52.834219 open("/dev/cpugpio", O_RDWR) = 100 <0.000058>
2396  15:10:52.834523 open("/dev/i2c_info", O_RDWR) = 100 <0.000045>
2390  15:10:52.949702 open("/dev/cpugpio", O_RDWR) = 100 <0.000108>
2396  15:10:53.168605 open("/var/run/maxTxL3vpn", O_RDONLY) = 100 <0.000050>
20257 15:10:53.210291 execve("/bin/sh", ["sh", "-c", "export | grep \"export TZ=\""], ["CONSOLE=/dev/console", "OLDPWD=/home", "HOME=/run/cips/", "runlevel=5", "INIT_VERSION=sysvinit-2.88", "TERM=linux", "PATH=/sbin:/usr/sbin:/bin:/usr/bin:/sbin", "RUNLEVEL=5", "PREVLEVEL=N", "SHELL=/bin/sh", "previous=N", "PWD=/run/cips", "BCM_CONFIG_FILE=/run/cips/config-sand.bcm", "VERBOSE=no", "LAUREL_CHASSIS_TARGET=magnum", "LAUREL_CHASSIS_TYPE=1800", "LAUREL_BOARD_CATEGORY=fcp", "RCP_HOST=169.254.13.3", "LC_ALL=C", "DPP_DB_PATH=/run/cips/db/"]) = 0 <0.054652>
20257 15:10:53.269298 access("/etc/ld.so.preload", R_OK) = -1 ENOENT (No such file or directory) <0.000026>
20257 15:10:53.269459 open("/etc/ld.so.cache", O_RDONLY|O_CLOEXEC) = 8 <0.000030>
20257 15:10:53.269660 open("/lib/libm.so.6", O_RDONLY|O_CLOEXEC) = 8 <0.000028>
20257 15:10:53.270034 open("/lib/libc.so.6", O_RDONLY|O_CLOEXEC) = 8 <0.000029>
20257 15:10:53.271739 stat64("/run/cips", {st_dev=makedev(0, 20), st_ino=3571, st_mode=S_IFDIR|0755, st_nlink=4, st_uid=0, st_gid=0, st_blksize=4096, st_blocks=0, st_size=660, st_atime=2018/09/17-10:50:28, st_mtime=2018/09/18-11:30:43, st_ctime=2018/09/18-11:30:43}) = 0 <0.000026>
20257 15:10:53.271918 stat64(".", {st_dev=makedev(0, 20), st_ino=3571, st_mode=S_IFDIR|0755, st_nlink=4, st_uid=0, st_gid=0, st_blksize=4096, st_blocks=0, st_size=660, st_atime=2018/09/17-10:50:28, st_mtime=2018/09/18-11:30:43, st_ctime=2018/09/18-11:30:43}) = 0 <0.000019>
20257 15:10:53.272760 stat64("/sbin/grep", 0xfff316c8) = -1 ENOENT (No such file or directory) <0.000033>
20257 15:10:53.272899 stat64("/usr/sbin/grep", 0xfff316c8) = -1 ENOENT (No such file or directory) <0.000028>
20257 15:10:53.272996 stat64("/bin/grep", {st_dev=makedev(1, 0), st_ino=20090, st_mode=S_IFREG|0755, st_nlink=1, st_uid=0, st_gid=0, st_blksize=1024, st_blocks=2146, st_size=1091828, st_atime=2018/09/25-11:28:39, st_mtime=2017/06/14-06:20:59, st_ctime=2017/06/14-06:20:59}) = 0 <0.000083>
20258 15:10:53.274121 +++ exited with 0 +++
20259 15:10:53.274196 execve("/bin/grep", ["grep", "export TZ="], ["RCP_HOST=169.254.13.3", "CONSOLE=/dev/console", "HOME=/run/cips/", "OLDPWD=/home", "runlevel=5", "INIT_VERSION=sysvinit-2.88", "LAUREL_CHASSIS_TYPE=1800", "LAUREL_BOARD_CATEGORY=fcp", "TERM=linux", "PATH=/sbin:/usr/sbin:/bin:/usr/bin:/sbin", "RUNLEVEL=5", "PREVLEVEL=N", "SHELL=/bin/sh", "DPP_DB_PATH=/run/cips/db/", "LAUREL_CHASSIS_TARGET=magnum", "LC_ALL=C", "PWD=/run/cips", "previous=N", "BCM_CONFIG_FILE=/run/cips/config-sand.bcm", "VERBOSE=no"] <unfinished ...>
20257 15:10:53.274360 --- SIGCHLD {si_signo=SIGCHLD, si_code=CLD_EXITED, si_pid=20258, si_status=0, si_utime=0, si_stime=0} ---
20259 15:10:53.274662 <... execve resumed> ) = 0 <0.000328>
20259 15:10:53.274917 access("/etc/ld.so.preload", R_OK) = -1 ENOENT (No such file or directory) <0.000024>
20259 15:10:53.275042 open("/etc/ld.so.cache", O_RDONLY|O_CLOEXEC) = 8 <0.000028>
20259 15:10:53.275237 open("/lib/libm.so.6", O_RDONLY|O_CLOEXEC) = 8 <0.000027>
20259 15:10:53.275607 open("/lib/libc.so.6", O_RDONLY|O_CLOEXEC) = 8 <0.000030>
20259 15:10:53.277827 +++ exited with 1 +++
20257 15:10:53.277912 --- SIGCHLD {si_signo=SIGCHLD, si_code=CLD_EXITED, si_pid=20259, si_status=1, si_utime=0, si_stime=0} ---
20257 15:10:53.278240 +++ exited with 1 +++
3320  15:10:53.278318 --- SIGCHLD {si_signo=SIGCHLD, si_code=CLD_EXITED, si_pid=20257, si_status=1, si_utime=0, si_stime=5} ---
3293  15:10:53.766850 stat64("/etc/localtime", {st_dev=makedev(1, 0), st_ino=30625, st_mode=S_IFREG|0755, st_nlink=1, st_uid=0, st_gid=0, st_blksize=1024, st_blocks=2, st_size=118, st_atime=2018/09/25-15:08:53, st_mtime=2018/06/02-04:57:29, st_ctime=2018/06/02-04:57:29}) = 0 <0.000029>
3226  15:10:54.188217 open("/var/log/proto.log", O_WRONLY|O_CREAT|O_APPEND, 0666) = 103 <0.000054>
3293  15:10:54.767225 stat64("/etc/localtime", {st_dev=makedev(1, 0), st_ino=30625, st_mode=S_IFREG|0755, st_nlink=1, st_uid=0, st_gid=0, st_blksize=1024, st_blocks=2, st_size=118, st_atime=2018/09/25-15:08:53, st_mtime=2018/06/02-04:57:29, st_ctime=2018/06/02-04:57:29}) = 0 <0.000063>
2390  15:10:54.817221 open("/dev/cpugpio", O_RDWR <unfinished ...>
2396  15:10:54.817359 lstat64("/run/CIPS1T_Cfg.bin", {st_dev=makedev(0, 20), st_ino=811, st_mode=S_IFREG|0644, st_nlink=1, st_uid=0, st_gid=0, st_blksize=4096, st_blocks=8, st_size=1004, st_atime=2018/09/25-15:10:47, st_mtime=2018/09/18-11:28:36, st_ctime=2018/09/18-11:28:36}) = 0 <0.000026>
2396  15:10:54.817516 open("/run/CIPS1T_Cfg.bin", O_RDONLY) = 103 <0.000024>
2390  15:10:54.817884 <... open resumed> ) = 100 <0.000584>
2392  15:10:54.818041 open("/dev/mdio_info", O_RDWR) = 103 <0.000045>
2396  15:10:54.895014 open("/dev/i2c_info", O_RDWR) = 100 <0.001156>
3293  15:10:55.767627 stat64("/etc/localtime", {st_dev=makedev(1, 0), st_ino=30625, st_mode=S_IFREG|0755, st_nlink=1, st_uid=0, st_gid=0, st_blksize=1024, st_blocks=2, st_size=118, st_atime=2018/09/25-15:08:53, st_mtime=2018/06/02-04:57:29, st_ctime=2018/06/02-04:57:29}) = 0 <0.000047>
2390  15:10:55.920884 open("/dev/cpugpio", O_RDWR <unfinished ...>
2396  15:10:55.921656 open("/dev/cpugpio", O_RDWR) = 103 <0.000051>
2396  15:10:55.921872 open("/dev/i2c_info", O_RDWR) = 103 <0.000100>
2390  15:10:55.922066 <... open resumed> ) = 100 <0.001104>
2396  15:10:55.945784 open("/var/run/maxTxL3vpn", O_RDONLY) = 100 <0.000049>
20260 15:10:55.985462 execve("/bin/sh", ["sh", "-c", "export | grep \"export TZ=\""], ["CONSOLE=/dev/console", "OLDPWD=/home", "HOME=/run/cips/", "runlevel=5", "INIT_VERSION=sysvinit-2.88", "TERM=linux", "PATH=/sbin:/usr/sbin:/bin:/usr/bin:/sbin", "RUNLEVEL=5", "PREVLEVEL=N", "SHELL=/bin/sh", "previous=N", "PWD=/run/cips", "BCM_CONFIG_FILE=/run/cips/config-sand.bcm", "VERBOSE=no", "LAUREL_CHASSIS_TARGET=magnum", "LAUREL_CHASSIS_TYPE=1800", "LAUREL_BOARD_CATEGORY=fcp", "RCP_HOST=169.254.13.3", "LC_ALL=C", "DPP_DB_PATH=/run/cips/db/"]) = 0 <0.050813>
20260 15:10:56.036776 access("/etc/ld.so.preload", R_OK) = -1 ENOENT (No such file or directory) <0.000052>
20260 15:10:56.036966 open("/etc/ld.so.cache", O_RDONLY|O_CLOEXEC) = 8 <0.000093>
20260 15:10:56.038057 open("/lib/libm.so.6", O_RDONLY|O_CLOEXEC) = 8 <0.000051>
20260 15:10:56.039906 open("/lib/libc.so.6", O_RDONLY|O_CLOEXEC) = 8 <0.000035>
20260 15:10:56.041840 stat64("/run/cips", {st_dev=makedev(0, 20), st_ino=3571, st_mode=S_IFDIR|0755, st_nlink=4, st_uid=0, st_gid=0, st_blksize=4096, st_blocks=0, st_size=660, st_atime=2018/09/17-10:50:28, st_mtime=2018/09/18-11:30:43, st_ctime=2018/09/18-11:30:43}) = 0 <0.000023>
20260 15:10:56.042018 stat64(".", {st_dev=makedev(0, 20), st_ino=3571, st_mode=S_IFDIR|0755, st_nlink=4, st_uid=0, st_gid=0, st_blksize=4096, st_blocks=0, st_size=660, st_atime=2018/09/17-10:50:28, st_mtime=2018/09/18-11:30:43, st_ctime=2018/09/18-11:30:43}) = 0 <0.000019>
20260 15:10:56.042963 stat64("/sbin/grep", 0xffc9f8b8) = -1 ENOENT (No such file or directory) <0.000033>
20260 15:10:56.043102 stat64("/usr/sbin/grep", 0xffc9f8b8) = -1 ENOENT (No such file or directory) <0.000027>
20260 15:10:56.043197 stat64("/bin/grep", {st_dev=makedev(1, 0), st_ino=20090, st_mode=S_IFREG|0755, st_nlink=1, st_uid=0, st_gid=0, st_blksize=1024, st_blocks=2146, st_size=1091828, st_atime=2018/09/25-11:28:39, st_mtime=2017/06/14-06:20:59, st_ctime=2017/06/14-06:20:59}) = 0 <0.000032>
20262 15:10:56.044294 execve("/bin/grep", ["grep", "export TZ="], ["RCP_HOST=169.254.13.3", "CONSOLE=/dev/console", "HOME=/run/cips/", "OLDPWD=/home", "runlevel=5", "INIT_VERSION=sysvinit-2.88", "LAUREL_CHASSIS_TYPE=1800", "LAUREL_BOARD_CATEGORY=fcp", "TERM=linux", "PATH=/sbin:/usr/sbin:/bin:/usr/bin:/sbin", "RUNLEVEL=5", "PREVLEVEL=N", "SHELL=/bin/sh", "DPP_DB_PATH=/run/cips/db/", "LAUREL_CHASSIS_TARGET=magnum", "LC_ALL=C", "PWD=/run/cips", "previous=N", "BCM_CONFIG_FILE=/run/cips/config-sand.bcm", "VERBOSE=no"] <unfinished ...>
20261 15:10:56.044464 +++ exited with 0 +++
20260 15:10:56.044533 --- SIGCHLD {si_signo=SIGCHLD, si_code=CLD_EXITED, si_pid=20261, si_status=0, si_utime=0, si_stime=0} ---
20262 15:10:56.044839 <... execve resumed> ) = 0 <0.000387>
20262 15:10:56.045225 access("/etc/ld.so.preload", R_OK) = -1 ENOENT (No such file or directory) <0.000050>
20262 15:10:56.045391 open("/etc/ld.so.cache", O_RDONLY|O_CLOEXEC) = 8 <0.000681>
20262 15:10:56.046482 open("/lib/libm.so.6", O_RDONLY|O_CLOEXEC) = 8 <0.000038>
20262 15:10:56.049265 open("/lib/libc.so.6", O_RDONLY|O_CLOEXEC) = 8 <0.000033>
20262 15:10:56.051501 +++ exited with 1 +++
20260 15:10:56.051630 --- SIGCHLD {si_signo=SIGCHLD, si_code=CLD_EXITED, si_pid=20262, si_status=1, si_utime=0, si_stime=0} ---
20260 15:10:56.051996 +++ exited with 1 +++
2418  15:10:56.052068 --- SIGCHLD {si_signo=SIGCHLD, si_code=CLD_EXITED, si_pid=20260, si_status=1, si_utime=0, si_stime=5} ---
3293  15:10:56.768045 stat64("/etc/localtime", {st_dev=makedev(1, 0), st_ino=30625, st_mode=S_IFREG|0755, st_nlink=1, st_uid=0, st_gid=0, st_blksize=1024, st_blocks=2, st_size=118, st_atime=2018/09/25-15:08:53, st_mtime=2018/06/02-04:57:29, st_ctime=2018/06/02-04:57:29}) = 0 <0.000056>
2390  15:10:57.149569 open("/dev/cpugpio", O_RDWR <unfinished ...>
2396  15:10:57.149728 lstat64("/run/CIPS1T_Cfg.bin", {st_dev=makedev(0, 20), st_ino=811, st_mode=S_IFREG|0644, st_nlink=1, st_uid=0, st_gid=0, st_blksize=4096, st_blocks=8, st_size=1004, st_atime=2018/09/25-15:10:54, st_mtime=2018/09/18-11:28:36, st_ctime=2018/09/18-11:28:36}) = 0 <0.000026>
2396  15:10:57.149907 open("/run/CIPS1T_Cfg.bin", O_RDONLY) = 103 <0.000144>
2390  15:10:57.150245 <... open resumed> ) = 100 <0.000577>
2396  15:10:57.245926 open("/dev/i2c_info", O_RDWR) = 100 <0.000056>
3226  15:10:57.714505 open("/var/log/proto.log", O_WRONLY|O_CREAT|O_APPEND, 0666) = 100 <0.000082>
3293  15:10:57.769201 stat64("/etc/localtime", {st_dev=makedev(1, 0), st_ino=30625, st_mode=S_IFREG|0755, st_nlink=1, st_uid=0, st_gid=0, st_blksize=1024, st_blocks=2, st_size=118, st_atime=2018/09/25-15:08:53, st_mtime=2018/06/02-04:57:29, st_ctime=2018/06/02-04:57:29}) = 0 <0.000041>
