20286 15:11:16.458917 execve("/bin/sh", ["sh", "-c", "export | grep \"export TZ=\""], ["CONSOLE=/dev/console", "OLDPWD=/home", "HOME=/run/cips/", "runlevel=5", "INIT_VERSION=sysvinit-2.88", "TERM=linux", "PATH=/sbin:/usr/sbin:/bin:/usr/bin:/sbin", "RUNLEVEL=5", "PREVLEVEL=N", "SHELL=/bin/sh", "previous=N", "PWD=/run/cips", "BCM_CONFIG_FILE=/run/cips/config-sand.bcm", "VERBOSE=no", "LAUREL_CHASSIS_TARGET=magnum", "LAUREL_CHASSIS_TYPE=1800", "LAUREL_BOARD_CATEGORY=fcp", "RCP_HOST=169.254.13.3", "LC_ALL=C", "DPP_DB_PATH=/run/cips/db/"]) = 0 <0.060110>
20286 15:11:16.519476 access("/etc/ld.so.preload", R_OK) = -1 ENOENT (No such file or directory) <0.000025>
20286 15:11:16.519631 open("/etc/ld.so.cache", O_RDONLY|O_CLOEXEC) = 8 <0.000029>
20286 15:11:16.519831 open("/lib/libm.so.6", O_RDONLY|O_CLOEXEC) = 8 <0.000028>
20286 15:11:16.520207 open("/lib/libc.so.6", O_RDONLY|O_CLOEXEC) = 8 <0.000029>
20286 15:11:16.522065 stat64("/run/cips", {st_dev=makedev(0, 20), st_ino=3571, st_mode=S_IFDIR|0755, st_nlink=4, st_uid=0, st_gid=0, st_blksize=4096, st_blocks=0, st_size=660, st_atime=2018/09/17-10:50:28, st_mtime=2018/09/18-11:30:43, st_ctime=2018/09/18-11:30:43}) = 0 <0.000024>
20286 15:11:16.522249 stat64(".", {st_dev=makedev(0, 20), st_ino=3571, st_mode=S_IFDIR|0755, st_nlink=4, st_uid=0, st_gid=0, st_blksize=4096, st_blocks=0, st_size=660, st_atime=2018/09/17-10:50:28, st_mtime=2018/09/18-11:30:43, st_ctime=2018/09/18-11:30:43}) = 0 <0.000018>
20286 15:11:16.523105 stat64("/sbin/grep",  <unfinished ...>
20287 15:11:16.523917 +++ exited with 0 +++
20286 15:11:16.523968 <... stat64 resumed> 0xffa3a8e8) = -1 ENOENT (No such file or directory) <0.000802>
20286 15:11:16.524027 --- SIGCHLD {si_signo=SIGCHLD, si_code=CLD_EXITED, si_pid=20287, si_status=0, si_utime=0, si_stime=0} ---
20286 15:11:16.524079 stat64("/usr/sbin/grep", 0xffa3a8e8) = -1 ENOENT (No such file or directory) <0.000021>
20286 15:11:16.524165 stat64("/bin/grep", {st_dev=makedev(1, 0), st_ino=20090, st_mode=S_IFREG|0755, st_nlink=1, st_uid=0, st_gid=0, st_blksize=1024, st_blocks=2146, st_size=1091828, st_atime=2018/09/25-11:28:39, st_mtime=2017/06/14-06:20:59, st_ctime=2017/06/14-06:20:59}) = 0 <0.000023>
20288 15:11:16.525010 execve("/bin/grep", ["grep", "export TZ="], ["RCP_HOST=169.254.13.3", "CONSOLE=/dev/console", "HOME=/run/cips/", "OLDPWD=/home", "runlevel=5", "INIT_VERSION=sysvinit-2.88", "LAUREL_CHASSIS_TYPE=1800", "LAUREL_BOARD_CATEGORY=fcp", "TERM=linux", "PATH=/sbin:/usr/sbin:/bin:/usr/bin:/sbin", "RUNLEVEL=5", "PREVLEVEL=N", "SHELL=/bin/sh", "DPP_DB_PATH=/run/cips/db/", "LAUREL_CHASSIS_TARGET=magnum", "LC_ALL=C", "PWD=/run/cips", "previous=N", "BCM_CONFIG_FILE=/run/cips/config-sand.bcm", "VERBOSE=no"]) = 0 <0.000419>
20288 15:11:16.525809 access("/etc/ld.so.preload", R_OK) = -1 ENOENT (No such file or directory) <0.000024>
20288 15:11:16.525946 open("/etc/ld.so.cache", O_RDONLY|O_CLOEXEC) = 8 <0.000028>
20288 15:11:16.526141 open("/lib/libm.so.6", O_RDONLY|O_CLOEXEC) = 8 <0.000027>
20288 15:11:16.526501 open("/lib/libc.so.6", O_RDONLY|O_CLOEXEC) = 8 <0.000030>
20288 15:11:16.528661 +++ exited with 1 +++
20286 15:11:16.528741 --- SIGCHLD {si_signo=SIGCHLD, si_code=CLD_EXITED, si_pid=20288, si_status=1, si_utime=0, si_stime=0} ---
20286 15:11:16.529114 +++ exited with 1 +++
3297  15:11:16.529260 --- SIGCHLD {si_signo=SIGCHLD, si_code=CLD_EXITED, si_pid=20286, si_status=1, si_utime=0, si_stime=5} ---
3293  15:11:16.905560 stat64("/etc/localtime", {st_dev=makedev(1, 0), st_ino=30625, st_mode=S_IFREG|0755, st_nlink=1, st_uid=0, st_gid=0, st_blksize=1024, st_blocks=2, st_size=118, st_atime=2018/09/25-15:08:53, st_mtime=2018/06/02-04:57:29, st_ctime=2018/06/02-04:57:29}) = 0 <0.000031>
2397  15:11:17.363532 access("/home/root/BindingDb.txt", F_OK) = 0 <0.000027>
2390  15:11:17.364123 open("/dev/cpugpio", O_RDWR <unfinished ...>
20289 15:11:17.400305 execve("/bin/sh", ["sh", "-c", "cp /home/root/BindingDb.txt /mnt"], ["CONSOLE=/dev/console", "OLDPWD=/home", "HOME=/run/cips/", "runlevel=5", "INIT_VERSION=sysvinit-2.88", "TERM=linux", "PATH=/sbin:/usr/sbin:/bin:/usr/bin:/sbin", "RUNLEVEL=5", "PREVLEVEL=N", "SHELL=/bin/sh", "previous=N", "PWD=/run/cips", "BCM_CONFIG_FILE=/run/cips/config-sand.bcm", "VERBOSE=no", "LAUREL_CHASSIS_TARGET=magnum", "LAUREL_CHASSIS_TYPE=1800", "LAUREL_BOARD_CATEGORY=fcp", "RCP_HOST=169.254.13.3", "LC_ALL=C", "DPP_DB_PATH=/run/cips/db/"]) = 0 <0.052251>
20289 15:11:17.452968 access("/etc/ld.so.preload", R_OK) = -1 ENOENT (No such file or directory) <0.000027>
20289 15:11:17.453173 open("/etc/ld.so.cache", O_RDONLY|O_CLOEXEC) = 8 <0.000030>
20289 15:11:17.453375 open("/lib/libm.so.6", O_RDONLY|O_CLOEXEC) = 8 <0.000027>
20289 15:11:17.453750 open("/lib/libc.so.6", O_RDONLY|O_CLOEXEC) = 8 <0.000029>
20289 15:11:17.455616 stat64("/run/cips", {st_dev=makedev(0, 20), st_ino=3571, st_mode=S_IFDIR|0755, st_nlink=4, st_uid=0, st_gid=0, st_blksize=4096, st_blocks=0, st_size=660, st_atime=2018/09/17-10:50:28, st_mtime=2018/09/18-11:30:43, st_ctime=2018/09/18-11:30:43}) = 0 <0.000025>
20289 15:11:17.455792 stat64(".", {st_dev=makedev(0, 20), st_ino=3571, st_mode=S_IFDIR|0755, st_nlink=4, st_uid=0, st_gid=0, st_blksize=4096, st_blocks=0, st_size=660, st_atime=2018/09/17-10:50:28, st_mtime=2018/09/18-11:30:43, st_ctime=2018/09/18-11:30:43}) = 0 <0.000019>
20289 15:11:17.456198 stat64("/sbin/cp", 0xffe540d8) = -1 ENOENT (No such file or directory) <0.000020>
20289 15:11:17.456290 stat64("/usr/sbin/cp", 0xffe540d8) = -1 ENOENT (No such file or directory) <0.000019>
20289 15:11:17.456366 stat64("/bin/cp", {st_dev=makedev(1, 0), st_ino=20090, st_mode=S_IFREG|0755, st_nlink=1, st_uid=0, st_gid=0, st_blksize=1024, st_blocks=2146, st_size=1091828, st_atime=2018/09/25-11:28:39, st_mtime=2017/06/14-06:20:59, st_ctime=2017/06/14-06:20:59}) = 0 <0.000022>
20290 15:11:17.457159 execve("/bin/cp", ["cp", "/home/root/BindingDb.txt", "/mnt"], ["RCP_HOST=169.254.13.3", "CONSOLE=/dev/console", "HOME=/run/cips/", "OLDPWD=/home", "runlevel=5", "INIT_VERSION=sysvinit-2.88", "LAUREL_CHASSIS_TYPE=1800", "LAUREL_BOARD_CATEGORY=fcp", "TERM=linux", "PATH=/sbin:/usr/sbin:/bin:/usr/bin:/sbin", "RUNLEVEL=5", "PREVLEVEL=N", "SHELL=/bin/sh", "DPP_DB_PATH=/run/cips/db/", "LAUREL_CHASSIS_TARGET=magnum", "LC_ALL=C", "PWD=/run/cips", "previous=N", "BCM_CONFIG_FILE=/run/cips/config-sand.bcm", "VERBOSE=no"]) = 0 <0.000332>
20290 15:11:17.457847 access("/etc/ld.so.preload", R_OK) = -1 ENOENT (No such file or directory) <0.000023>
20290 15:11:17.457982 open("/etc/ld.so.cache", O_RDONLY|O_CLOEXEC) = 8 <0.000028>
20290 15:11:17.458176 open("/lib/libm.so.6", O_RDONLY|O_CLOEXEC) = 8 <0.000028>
20290 15:11:17.458539 open("/lib/libc.so.6", O_RDONLY|O_CLOEXEC) = 8 <0.000028>
20290 15:11:17.459943 stat64("/home/root/BindingDb.txt", {st_dev=makedev(1, 0), st_ino=44005, st_mode=S_IFREG|0755, st_nlink=1, st_uid=0, st_gid=0, st_blksize=1024, st_blocks=0, st_size=0, st_atime=2018/09/24-16:38:19, st_mtime=2018/09/19-16:38:12, st_ctime=2018/09/19-16:38:12}) = 0 <0.000025>
20290 15:11:17.460118 stat64("/mnt", {st_dev=makedev(0, 22), st_ino=20482, st_mode=S_IFDIR|0777, st_nlink=3, st_uid=0, st_gid=0, st_blksize=1048576, st_blocks=8, st_size=4096, st_atime=2018/09/18-11:10:04, st_mtime=2018/09/25-15:11:07, st_ctime=2018/09/25-15:11:07}) = 0 <0.000023>
20290 15:11:17.460429 stat64("/home/root/BindingDb.txt", {st_dev=makedev(1, 0), st_ino=44005, st_mode=S_IFREG|0755, st_nlink=1, st_uid=0, st_gid=0, st_blksize=1024, st_blocks=0, st_size=0, st_atime=2018/09/24-16:38:19, st_mtime=2018/09/19-16:38:12, st_ctime=2018/09/19-16:38:12}) = 0 <0.000031>
20290 15:11:17.460599 lstat64("/mnt/BindingDb.txt", {st_dev=makedev(0, 22), st_ino=20484, st_mode=S_IFREG|0755, st_nlink=1, st_uid=0, st_gid=0, st_blksize=1048576, st_blocks=0, st_size=0, st_atime=2018/09/25-15:11:08, st_mtime=2018/09/25-15:11:08, st_ctime=2018/09/25-15:11:08}) = 0 <0.000575>
20290 15:11:17.461363 open("/home/root/BindingDb.txt", O_RDONLY|O_LARGEFILE) = 8 <0.000032>
20290 15:11:17.461458 open("/mnt/BindingDb.txt", O_WRONLY|O_CREAT|O_EXCL|O_LARGEFILE, 0100755) = -1 EEXIST (File exists) <0.000450>
20290 15:11:17.461987 unlink("/mnt/BindingDb.txt") = 0 <0.000616>
20290 15:11:17.462687 open("/mnt/BindingDb.txt", O_WRONLY|O_CREAT|O_EXCL|O_LARGEFILE, 0100755) = 9 <0.032152>
20290 15:11:17.495364 +++ exited with 0 +++
20289 15:11:17.495446 --- SIGCHLD {si_signo=SIGCHLD, si_code=CLD_EXITED, si_pid=20290, si_status=0, si_utime=0, si_stime=0} ---
20289 15:11:17.495790 +++ exited with 0 +++
2463  15:11:17.495891 --- SIGCHLD {si_signo=SIGCHLD, si_code=CLD_EXITED, si_pid=20289, si_status=0, si_utime=0, si_stime=5} ---
2390  15:11:17.561368 <... open resumed> ) = 103 <0.161563>
20291 15:11:17.593690 execve("/bin/sh", ["sh", "-c", "ftpput 169.254.6.5 -u root  -p root  /BindingDb.txt /home/root/BindingDb.txt"], ["CONSOLE=/dev/console", "OLDPWD=/home", "HOME=/run/cips/", "runlevel=5", "INIT_VERSION=sysvinit-2.88", "TERM=linux", "PATH=/sbin:/usr/sbin:/bin:/usr/bin:/sbin", "RUNLEVEL=5", "PREVLEVEL=N", "SHELL=/bin/sh", "previous=N", "PWD=/run/cips", "BCM_CONFIG_FILE=/run/cips/config-sand.bcm", "VERBOSE=no", "LAUREL_CHASSIS_TARGET=magnum", "LAUREL_CHASSIS_TYPE=1800", "LAUREL_BOARD_CATEGORY=fcp", "RCP_HOST=169.254.13.3", "LC_ALL=C", "DPP_DB_PATH=/run/cips/db/"]) = 0 <0.051211>
20291 15:11:17.645331 access("/etc/ld.so.preload", R_OK) = -1 ENOENT (No such file or directory) <0.000026>
20291 15:11:17.645489 open("/etc/ld.so.cache", O_RDONLY|O_CLOEXEC) = 8 <0.000029>
20291 15:11:17.645689 open("/lib/libm.so.6", O_RDONLY|O_CLOEXEC) = 8 <0.000028>
20291 15:11:17.646063 open("/lib/libc.so.6", O_RDONLY|O_CLOEXEC) = 8 <0.000029>
20291 15:11:17.647818 stat64("/run/cips", {st_dev=makedev(0, 20), st_ino=3571, st_mode=S_IFDIR|0755, st_nlink=4, st_uid=0, st_gid=0, st_blksize=4096, st_blocks=0, st_size=660, st_atime=2018/09/17-10:50:28, st_mtime=2018/09/18-11:30:43, st_ctime=2018/09/18-11:30:43}) = 0 <0.000024>
20291 15:11:17.647994 stat64(".", {st_dev=makedev(0, 20), st_ino=3571, st_mode=S_IFDIR|0755, st_nlink=4, st_uid=0, st_gid=0, st_blksize=4096, st_blocks=0, st_size=660, st_atime=2018/09/17-10:50:28, st_mtime=2018/09/18-11:30:43, st_ctime=2018/09/18-11:30:43}) = 0 <0.000019>
20291 15:11:17.648409 stat64("/sbin/ftpput", 0xfffb5a48) = -1 ENOENT (No such file or directory) <0.000020>
20291 15:11:17.648498 stat64("/usr/sbin/ftpput", 0xfffb5a48) = -1 ENOENT (No such file or directory) <0.000019>
20291 15:11:17.648575 stat64("/bin/ftpput", 0xfffb5a48) = -1 ENOENT (No such file or directory) <0.000018>
20291 15:11:17.648650 stat64("/usr/bin/ftpput", {st_dev=makedev(1, 0), st_ino=20090, st_mode=S_IFREG|0755, st_nlink=1, st_uid=0, st_gid=0, st_blksize=1024, st_blocks=2146, st_size=1091828, st_atime=2018/09/25-11:28:39, st_mtime=2017/06/14-06:20:59, st_ctime=2017/06/14-06:20:59}) = 0 <0.000024>
20292 15:11:17.649409 execve("/usr/bin/ftpput", ["ftpput", "169.254.6.5", "-u", "root", "-p", "root", "/BindingDb.txt", "/home/root/BindingDb.txt"], ["RCP_HOST=169.254.13.3", "CONSOLE=/dev/console", "HOME=/run/cips/", "OLDPWD=/home", "runlevel=5", "INIT_VERSION=sysvinit-2.88", "LAUREL_CHASSIS_TYPE=1800", "LAUREL_BOARD_CATEGORY=fcp", "TERM=linux", "PATH=/sbin:/usr/sbin:/bin:/usr/bin:/sbin", "RUNLEVEL=5", "PREVLEVEL=N", "SHELL=/bin/sh", "DPP_DB_PATH=/run/cips/db/", "LAUREL_CHASSIS_TARGET=magnum", "LC_ALL=C", "PWD=/run/cips", "previous=N", "BCM_CONFIG_FILE=/run/cips/config-sand.bcm", "VERBOSE=no"]) = 0 <0.000475>
20292 15:11:17.650361 access("/etc/ld.so.preload", R_OK) = -1 ENOENT (No such file or directory) <0.000023>
20292 15:11:17.650513 open("/etc/ld.so.cache", O_RDONLY|O_CLOEXEC) = 8 <0.000032>
20292 15:11:17.650732 open("/lib/libm.so.6", O_RDONLY|O_CLOEXEC) = 8 <0.000027>
20292 15:11:17.651112 open("/lib/libc.so.6", O_RDONLY|O_CLOEXEC) = 8 <0.000029>
20292 15:11:17.653106 open("/etc/nsswitch.conf", O_RDONLY|O_CLOEXEC) = 8 <0.000030>
20292 15:11:17.653585 open("/etc/ld.so.cache", O_RDONLY|O_CLOEXEC) = 8 <0.000027>
20292 15:11:17.653788 open("/lib/tls/ppce5500/libnss_db.so.2", O_RDONLY|O_CLOEXEC) = -1 ENOENT (No such file or directory) <0.000023>
20292 15:11:17.653876 stat64("/lib/tls/ppce5500", 0xffb07728) = -1 ENOENT (No such file or directory) <0.000018>
20292 15:11:17.653955 open("/lib/tls/libnss_db.so.2", O_RDONLY|O_CLOEXEC) = -1 ENOENT (No such file or directory) <0.000021>
20292 15:11:17.654032 stat64("/lib/tls", 0xffb07728) = -1 ENOENT (No such file or directory) <0.000018>
20292 15:11:17.654107 open("/lib/ppce5500/libnss_db.so.2", O_RDONLY|O_CLOEXEC) = -1 ENOENT (No such file or directory) <0.000020>
20292 15:11:17.654184 stat64("/lib/ppce5500", 0xffb07728) = -1 ENOENT (No such file or directory) <0.000018>
20292 15:11:17.654259 open("/lib/libnss_db.so.2", O_RDONLY|O_CLOEXEC) = -1 ENOENT (No such file or directory) <0.000021>
20292 15:11:17.654336 stat64("/lib", {st_dev=makedev(1, 0), st_ino=4001, st_mode=S_IFDIR|0755, st_nlink=5, st_uid=0, st_gid=0, st_blksize=1024, st_blocks=4, st_size=2048, st_atime=2018/06/02-04:55:39, st_mtime=2017/06/14-06:21:00, st_ctime=2017/06/14-06:21:00}) = 0 <0.000018>
20292 15:11:17.654464 open("/usr/lib/tls/ppce5500/libnss_db.so.2", O_RDONLY|O_CLOEXEC) = -1 ENOENT (No such file or directory) <0.000021>
20292 15:11:17.654542 stat64("/usr/lib/tls/ppce5500", 0xffb07728) = -1 ENOENT (No such file or directory) <0.000019>
20292 15:11:17.654617 open("/usr/lib/tls/libnss_db.so.2", O_RDONLY|O_CLOEXEC) = -1 ENOENT (No such file or directory) <0.000020>
20292 15:11:17.654693 stat64("/usr/lib/tls", 0xffb07728) = -1 ENOENT (No such file or directory) <0.000018>
20292 15:11:17.654767 open("/usr/lib/ppce5500/libnss_db.so.2", O_RDONLY|O_CLOEXEC) = -1 ENOENT (No such file or directory) <0.000020>
20292 15:11:17.654844 stat64("/usr/lib/ppce5500", 0xffb07728) = -1 ENOENT (No such file or directory) <0.000018>
20292 15:11:17.654919 open("/usr/lib/libnss_db.so.2", O_RDONLY|O_CLOEXEC) = -1 ENOENT (No such file or directory) <0.000020>
20292 15:11:17.654996 stat64("/usr/lib", {st_dev=makedev(1, 0), st_ino=28304, st_mode=S_IFDIR|0755, st_nlink=7, st_uid=0, st_gid=0, st_blksize=1024, st_blocks=2, st_size=1024, st_atime=2017/06/14-06:21:02, st_mtime=2018/09/18-11:28:47, st_ctime=2018/09/18-11:28:47}) = 0 <0.000019>
20292 15:11:17.655190 open("/etc/ld.so.cache", O_RDONLY|O_CLOEXEC) = 8 <0.000024>
20292 15:11:17.655376 open("/lib/libnss_files.so.2", O_RDONLY|O_CLOEXEC) = 8 <0.000027>
20292 15:11:17.655929 open("/etc/services", O_RDONLY|O_CLOEXEC) = 8 <0.000026>
20292 15:11:17.661968 open("/home/root/BindingDb.txt", O_RDONLY|O_LARGEFILE) = 10 <0.000036>
20292 15:11:17.664547 +++ exited with 0 +++
20291 15:11:17.664626 --- SIGCHLD {si_signo=SIGCHLD, si_code=CLD_EXITED, si_pid=20292, si_status=0, si_utime=0, si_stime=0} ---
20291 15:11:17.665057 +++ exited with 0 +++
2460  15:11:17.665207 --- SIGCHLD {si_signo=SIGCHLD, si_code=CLD_EXITED, si_pid=20291, si_status=0, si_utime=0, si_stime=5} ---
3293  15:11:17.905977 stat64("/etc/localtime", {st_dev=makedev(1, 0), st_ino=30625, st_mode=S_IFREG|0755, st_nlink=1, st_uid=0, st_gid=0, st_blksize=1024, st_blocks=2, st_size=118, st_atime=2018/09/25-15:08:53, st_mtime=2018/06/02-04:57:29, st_ctime=2018/06/02-04:57:29}) = 0 <0.000060>
3226  15:11:18.275378 open("/var/log/proto.log", O_WRONLY|O_CREAT|O_APPEND, 0666) = 104 <0.000074>
3293  15:11:18.906406 stat64("/etc/localtime", {st_dev=makedev(1, 0), st_ino=30625, st_mode=S_IFREG|0755, st_nlink=1, st_uid=0, st_gid=0, st_blksize=1024, st_blocks=2, st_size=118, st_atime=2018/09/25-15:08:53, st_mtime=2018/06/02-04:57:29, st_ctime=2018/06/02-04:57:29}) = 0 <0.000029>
2396  15:11:19.109435 lstat64("/run/CIPS1T_Cfg.bin", {st_dev=makedev(0, 20), st_ino=811, st_mode=S_IFREG|0644, st_nlink=1, st_uid=0, st_gid=0, st_blksize=4096, st_blocks=8, st_size=1004, st_atime=2018/09/25-15:11:14, st_mtime=2018/09/18-11:28:36, st_ctime=2018/09/18-11:28:36}) = 0 <0.000049>
2396  15:11:19.109742 open("/run/CIPS1T_Cfg.bin", O_RDONLY) = 100 <0.000207>
2392  15:11:19.123373 open("/dev/mdio_info", O_RDWR) = 100 <0.000211>
2396  15:11:19.124410 open("/dev/i2c_info", O_RDWR) = 103 <0.000082>
3293  15:11:19.906712 stat64("/etc/localtime", {st_dev=makedev(1, 0), st_ino=30625, st_mode=S_IFREG|0755, st_nlink=1, st_uid=0, st_gid=0, st_blksize=1024, st_blocks=2, st_size=118, st_atime=2018/09/25-15:08:53, st_mtime=2018/06/02-04:57:29, st_ctime=2018/06/02-04:57:29}) = 0 <0.000030>
3293  15:11:20.908150 stat64("/etc/localtime", {st_dev=makedev(1, 0), st_ino=30625, st_mode=S_IFREG|0755, st_nlink=1, st_uid=0, st_gid=0, st_blksize=1024, st_blocks=2, st_size=118, st_atime=2018/09/25-15:08:53, st_mtime=2018/06/02-04:57:29, st_ctime=2018/06/02-04:57:29}) = 0 <0.000029>
2396  15:11:21.234809 open("/dev/cpugpio", O_RDWR) = 100 <0.000119>
2396  15:11:21.235199 open("/dev/i2c_info", O_RDWR) = 100 <0.000043>
2390  15:11:21.343870 open("/dev/cpugpio", O_RDWR) = 103 <0.000576>
2396  15:11:21.350658 open("/dev/i2c_info", O_RDWR) = 100 <0.000041>
2396  15:11:21.513649 open("/var/run/maxTxL3vpn", O_RDONLY) = 100 <0.000060>
20293 15:11:21.552886 execve("/bin/sh", ["sh", "-c", "export | grep \"export TZ=\""], ["CONSOLE=/dev/console", "OLDPWD=/home", "HOME=/run/cips/", "runlevel=5", "INIT_VERSION=sysvinit-2.88", "TERM=linux", "PATH=/sbin:/usr/sbin:/bin:/usr/bin:/sbin", "RUNLEVEL=5", "PREVLEVEL=N", "SHELL=/bin/sh", "previous=N", "PWD=/run/cips", "BCM_CONFIG_FILE=/run/cips/config-sand.bcm", "VERBOSE=no", "LAUREL_CHASSIS_TARGET=magnum", "LAUREL_CHASSIS_TYPE=1800", "LAUREL_BOARD_CATEGORY=fcp", "RCP_HOST=169.254.13.3", "LC_ALL=C", "DPP_DB_PATH=/run/cips/db/"]) = 0 <0.050966>
20293 15:11:21.604949 access("/etc/ld.so.preload", R_OK) = -1 ENOENT (No such file or directory) <0.000029>
20293 15:11:21.605169 open("/etc/ld.so.cache", O_RDONLY|O_CLOEXEC) = 8 <0.000028>
20293 15:11:21.605455 open("/lib/libm.so.6", O_RDONLY|O_CLOEXEC) = 8 <0.000044>
20293 15:11:21.609180 open("/lib/libc.so.6", O_RDONLY|O_CLOEXEC) = 8 <0.000038>
20293 15:11:21.611120 stat64("/run/cips", {st_dev=makedev(0, 20), st_ino=3571, st_mode=S_IFDIR|0755, st_nlink=4, st_uid=0, st_gid=0, st_blksize=4096, st_blocks=0, st_size=660, st_atime=2018/09/17-10:50:28, st_mtime=2018/09/18-11:30:43, st_ctime=2018/09/18-11:30:43}) = 0 <0.000024>
20293 15:11:21.611322 stat64(".", {st_dev=makedev(0, 20), st_ino=3571, st_mode=S_IFDIR|0755, st_nlink=4, st_uid=0, st_gid=0, st_blksize=4096, st_blocks=0, st_size=660, st_atime=2018/09/17-10:50:28, st_mtime=2018/09/18-11:30:43, st_ctime=2018/09/18-11:30:43}) = 0 <0.000020>
20293 15:11:21.612293 stat64("/sbin/grep", 0xfff8ca48) = -1 ENOENT (No such file or directory) <0.000029>
20293 15:11:21.612420 stat64("/usr/sbin/grep", 0xfff8ca48) = -1 ENOENT (No such file or directory) <0.000028>
20293 15:11:21.612516 stat64("/bin/grep", {st_dev=makedev(1, 0), st_ino=20090, st_mode=S_IFREG|0755, st_nlink=1, st_uid=0, st_gid=0, st_blksize=1024, st_blocks=2146, st_size=1091828, st_atime=2018/09/25-11:28:39, st_mtime=2017/06/14-06:20:59, st_ctime=2017/06/14-06:20:59}) = 0 <0.000032>
20295 15:11:21.613675 execve("/bin/grep", ["grep", "export TZ="], ["RCP_HOST=169.254.13.3", "CONSOLE=/dev/console", "HOME=/run/cips/", "OLDPWD=/home", "runlevel=5", "INIT_VERSION=sysvinit-2.88", "LAUREL_CHASSIS_TYPE=1800", "LAUREL_BOARD_CATEGORY=fcp", "TERM=linux", "PATH=/sbin:/usr/sbin:/bin:/usr/bin:/sbin", "RUNLEVEL=5", "PREVLEVEL=N", "SHELL=/bin/sh", "DPP_DB_PATH=/run/cips/db/", "LAUREL_CHASSIS_TARGET=magnum", "LC_ALL=C", "PWD=/run/cips", "previous=N", "BCM_CONFIG_FILE=/run/cips/config-sand.bcm", "VERBOSE=no"] <unfinished ...>
20294 15:11:21.613848 +++ exited with 0 +++
20293 15:11:21.613918 --- SIGCHLD {si_signo=SIGCHLD, si_code=CLD_EXITED, si_pid=20294, si_status=0, si_utime=0, si_stime=0} ---
20295 15:11:21.614191 <... execve resumed> ) = 0 <0.000354>
20295 15:11:21.614414 access("/etc/ld.so.preload", R_OK) = -1 ENOENT (No such file or directory) <0.000036>
20295 15:11:21.614564 open("/etc/ld.so.cache", O_RDONLY|O_CLOEXEC) = 8 <0.000022>
20295 15:11:21.614783 open("/lib/libm.so.6", O_RDONLY|O_CLOEXEC) = 8 <0.000032>
20295 15:11:21.615169 open("/lib/libc.so.6", O_RDONLY|O_CLOEXEC) = 8 <0.000029>
20295 15:11:21.617406 +++ exited with 1 +++
20293 15:11:21.617490 --- SIGCHLD {si_signo=SIGCHLD, si_code=CLD_EXITED, si_pid=20295, si_status=1, si_utime=0, si_stime=0} ---
20293 15:11:21.617811 +++ exited with 1 +++
3229  15:11:21.617946 --- SIGCHLD {si_signo=SIGCHLD, si_code=CLD_EXITED, si_pid=20293, si_status=1, si_utime=0, si_stime=5} ---
2396  15:11:21.621354 lstat64("/run/CIPS1T_Cfg.bin", {st_dev=makedev(0, 20), st_ino=811, st_mode=S_IFREG|0644, st_nlink=1, st_uid=0, st_gid=0, st_blksize=4096, st_blocks=8, st_size=1004, st_atime=2018/09/25-15:11:19, st_mtime=2018/09/18-11:28:36, st_ctime=2018/09/18-11:28:36}) = 0 <0.000046>
2396  15:11:21.621609 open("/run/CIPS1T_Cfg.bin", O_RDONLY) = 100 <0.000048>
3293  15:11:21.908500 stat64("/etc/localtime", {st_dev=makedev(1, 0), st_ino=30625, st_mode=S_IFREG|0755, st_nlink=1, st_uid=0, st_gid=0, st_blksize=1024, st_blocks=2, st_size=118, st_atime=2018/09/25-15:08:53, st_mtime=2018/06/02-04:57:29, st_ctime=2018/06/02-04:57:29}) = 0 <0.000030>
3226  15:11:22.370393 open("/var/log/proto.log", O_WRONLY|O_CREAT|O_APPEND, 0666) = 100 <0.000086>
3293  15:11:22.909414 stat64("/etc/localtime", {st_dev=makedev(1, 0), st_ino=30625, st_mode=S_IFREG|0755, st_nlink=1, st_uid=0, st_gid=0, st_blksize=1024, st_blocks=2, st_size=118, st_atime=2018/09/25-15:08:53, st_mtime=2018/06/02-04:57:29, st_ctime=2018/06/02-04:57:29}) = 0 <0.000061>
2390  15:11:23.453737 open("/dev/cpugpio", O_RDWR) = 100 <0.000166>
2396  15:11:23.455148 open("/dev/i2c_info", O_RDWR) = 103 <0.000567>
2396  15:11:23.766242 open("/dev/cpugpio", O_RDWR) = 100 <0.000052>
2396  15:11:23.766487 open("/dev/i2c_info", O_RDWR) = 100 <0.000023>
2396  15:11:23.784653 open("/var/run/maxTxL3vpn", O_RDONLY) = 100 <0.000040>
20296 15:11:23.825790 execve("/bin/sh", ["sh", "-c", "export | grep \"export TZ=\""], ["CONSOLE=/dev/console", "OLDPWD=/home", "HOME=/run/cips/", "runlevel=5", "INIT_VERSION=sysvinit-2.88", "TERM=linux", "PATH=/sbin:/usr/sbin:/bin:/usr/bin:/sbin", "RUNLEVEL=5", "PREVLEVEL=N", "SHELL=/bin/sh", "previous=N", "PWD=/run/cips", "BCM_CONFIG_FILE=/run/cips/config-sand.bcm", "VERBOSE=no", "LAUREL_CHASSIS_TARGET=magnum", "LAUREL_CHASSIS_TYPE=1800", "LAUREL_BOARD_CATEGORY=fcp", "RCP_HOST=169.254.13.3", "LC_ALL=C", "DPP_DB_PATH=/run/cips/db/"]) = 0 <0.051619>
20296 15:11:23.877839 access("/etc/ld.so.preload", R_OK) = -1 ENOENT (No such file or directory) <0.000025>
20296 15:11:23.877990 open("/etc/ld.so.cache", O_RDONLY|O_CLOEXEC) = 8 <0.000029>
20296 15:11:23.878188 open("/lib/libm.so.6", O_RDONLY|O_CLOEXEC) = 8 <0.000028>
20296 15:11:23.878566 open("/lib/libc.so.6", O_RDONLY|O_CLOEXEC) = 8 <0.000029>
20296 15:11:23.880286 stat64("/run/cips", {st_dev=makedev(0, 20), st_ino=3571, st_mode=S_IFDIR|0755, st_nlink=4, st_uid=0, st_gid=0, st_blksize=4096, st_blocks=0, st_size=660, st_atime=2018/09/17-10:50:28, st_mtime=2018/09/18-11:30:43, st_ctime=2018/09/18-11:30:43}) = 0 <0.000025>
20296 15:11:23.880464 stat64(".", {st_dev=makedev(0, 20), st_ino=3571, st_mode=S_IFDIR|0755, st_nlink=4, st_uid=0, st_gid=0, st_blksize=4096, st_blocks=0, st_size=660, st_atime=2018/09/17-10:50:28, st_mtime=2018/09/18-11:30:43, st_ctime=2018/09/18-11:30:43}) = 0 <0.000019>
20296 15:11:23.881371 stat64("/sbin/grep", 0xffb224a8) = -1 ENOENT (No such file or directory) <0.000031>
20296 15:11:23.881506 stat64("/usr/sbin/grep", 0xffb224a8) = -1 ENOENT (No such file or directory) <0.000028>
20296 15:11:23.881602 stat64("/bin/grep", {st_dev=makedev(1, 0), st_ino=20090, st_mode=S_IFREG|0755, st_nlink=1, st_uid=0, st_gid=0, st_blksize=1024, st_blocks=2146, st_size=1091828, st_atime=2018/09/25-11:28:39, st_mtime=2017/06/14-06:20:59, st_ctime=2017/06/14-06:20:59}) = 0 <0.000032>
20297 15:11:23.882636 +++ exited with 0 +++
20298 15:11:23.882713 execve("/bin/grep", ["grep", "export TZ="], ["RCP_HOST=169.254.13.3", "CONSOLE=/dev/console", "HOME=/run/cips/", "OLDPWD=/home", "runlevel=5", "INIT_VERSION=sysvinit-2.88", "LAUREL_CHASSIS_TYPE=1800", "LAUREL_BOARD_CATEGORY=fcp", "TERM=linux", "PATH=/sbin:/usr/sbin:/bin:/usr/bin:/sbin", "RUNLEVEL=5", "PREVLEVEL=N", "SHELL=/bin/sh", "DPP_DB_PATH=/run/cips/db/", "LAUREL_CHASSIS_TARGET=magnum", "LC_ALL=C", "PWD=/run/cips", "previous=N", "BCM_CONFIG_FILE=/run/cips/config-sand.bcm", "VERBOSE=no"] <unfinished ...>
20296 15:11:23.882886 --- SIGCHLD {si_signo=SIGCHLD, si_code=CLD_EXITED, si_pid=20297, si_status=0, si_utime=0, si_stime=0} ---
20298 15:11:23.883287 <... execve resumed> ) = 0 <0.000430>
20298 15:11:23.883548 access("/etc/ld.so.preload", R_OK) = -1 ENOENT (No such file or directory) <0.000041>
20298 15:11:23.883709 open("/etc/ld.so.cache", O_RDONLY|O_CLOEXEC) = 8 <0.000030>
20298 15:11:23.883911 open("/lib/libm.so.6", O_RDONLY|O_CLOEXEC) = 8 <0.000027>
20298 15:11:23.884283 open("/lib/libc.so.6", O_RDONLY|O_CLOEXEC) = 8 <0.000030>
20298 15:11:23.886523 +++ exited with 1 +++
20296 15:11:23.886606 --- SIGCHLD {si_signo=SIGCHLD, si_code=CLD_EXITED, si_pid=20298, si_status=1, si_utime=0, si_stime=0} ---
20296 15:11:23.886938 +++ exited with 1 +++
3233  15:11:23.887087 --- SIGCHLD {si_signo=SIGCHLD, si_code=CLD_EXITED, si_pid=20296, si_status=1, si_utime=0, si_stime=5} ---
3293  15:11:23.909854 stat64("/etc/localtime", {st_dev=makedev(1, 0), st_ino=30625, st_mode=S_IFREG|0755, st_nlink=1, st_uid=0, st_gid=0, st_blksize=1024, st_blocks=2, st_size=118, st_atime=2018/09/25-15:08:53, st_mtime=2018/06/02-04:57:29, st_ctime=2018/06/02-04:57:29}) = 0 <0.000072>
2396  15:11:24.247952 lstat64("/run/CIPS1T_Cfg.bin", {st_dev=makedev(0, 20), st_ino=811, st_mode=S_IFREG|0644, st_nlink=1, st_uid=0, st_gid=0, st_blksize=4096, st_blocks=8, st_size=1004, st_atime=2018/09/25-15:11:21, st_mtime=2018/09/18-11:28:36, st_ctime=2018/09/18-11:28:36}) = 0 <0.000141>
2396  15:11:24.248361 open("/run/CIPS1T_Cfg.bin", O_RDONLY) = 100 <0.000138>
2392  15:11:24.334984 open("/dev/mdio_info", O_RDWR) = 100 <0.000054>
3293  15:11:24.910329 stat64("/etc/localtime", {st_dev=makedev(1, 0), st_ino=30625, st_mode=S_IFREG|0755, st_nlink=1, st_uid=0, st_gid=0, st_blksize=1024, st_blocks=2, st_size=118, st_atime=2018/09/25-15:08:53, st_mtime=2018/06/02-04:57:29, st_ctime=2018/06/02-04:57:29}) = 0 <0.000045>
3293  15:11:25.910674 stat64("/etc/localtime", {st_dev=makedev(1, 0), st_ino=30625, st_mode=S_IFREG|0755, st_nlink=1, st_uid=0, st_gid=0, st_blksize=1024, st_blocks=2, st_size=118, st_atime=2018/09/25-15:08:53, st_mtime=2018/06/02-04:57:29, st_ctime=2018/06/02-04:57:29}) = 0 <0.000029>
2396  15:11:25.922207 open("/dev/i2c_info", O_RDWR) = 100 <0.000162>
2390  15:11:25.945904 open("/dev/cpugpio", O_RDWR) = 100 <0.000079>
2396  15:11:26.120222 open("/dev/cpugpio", O_RDWR) = 100 <0.000209>
2396  15:11:26.125539 open("/dev/i2c_info", O_RDWR) = 100 <0.000263>
2396  15:11:26.150016 open("/var/run/maxTxL3vpn", O_RDONLY) = 100 <0.000106>
20299 15:11:26.193998 execve("/bin/sh", ["sh", "-c", "export | grep \"export TZ=\""], ["CONSOLE=/dev/console", "OLDPWD=/home", "HOME=/run/cips/", "runlevel=5", "INIT_VERSION=sysvinit-2.88", "TERM=linux", "PATH=/sbin:/usr/sbin:/bin:/usr/bin:/sbin", "RUNLEVEL=5", "PREVLEVEL=N", "SHELL=/bin/sh", "previous=N", "PWD=/run/cips", "BCM_CONFIG_FILE=/run/cips/config-sand.bcm", "VERBOSE=no", "LAUREL_CHASSIS_TARGET=magnum", "LAUREL_CHASSIS_TYPE=1800", "LAUREL_BOARD_CATEGORY=fcp", "RCP_HOST=169.254.13.3", "LC_ALL=C", "DPP_DB_PATH=/run/cips/db/"]) = 0 <0.052148>
20299 15:11:26.249197 access("/etc/ld.so.preload", R_OK) = -1 ENOENT (No such file or directory) <0.000068>
20299 15:11:26.251930 open("/etc/ld.so.cache", O_RDONLY|O_CLOEXEC) = 8 <0.000031>
20299 15:11:26.253194 open("/lib/libm.so.6", O_RDONLY|O_CLOEXEC) = 8 <0.000033>
20299 15:11:26.253618 open("/lib/libc.so.6", O_RDONLY|O_CLOEXEC) = 8 <0.000032>
20299 15:11:26.255342 stat64("/run/cips", {st_dev=makedev(0, 20), st_ino=3571, st_mode=S_IFDIR|0755, st_nlink=4, st_uid=0, st_gid=0, st_blksize=4096, st_blocks=0, st_size=660, st_atime=2018/09/17-10:50:28, st_mtime=2018/09/18-11:30:43, st_ctime=2018/09/18-11:30:43}) = 0 <0.000024>
20299 15:11:26.255528 stat64(".", {st_dev=makedev(0, 20), st_ino=3571, st_mode=S_IFDIR|0755, st_nlink=4, st_uid=0, st_gid=0, st_blksize=4096, st_blocks=0, st_size=660, st_atime=2018/09/17-10:50:28, st_mtime=2018/09/18-11:30:43, st_ctime=2018/09/18-11:30:43}) = 0 <0.000019>
20299 15:11:26.256491 stat64("/sbin/grep", 0xff816ee8) = -1 ENOENT (No such file or directory) <0.000030>
20299 15:11:26.256621 stat64("/usr/sbin/grep", 0xff816ee8) = -1 ENOENT (No such file or directory) <0.000028>
20299 15:11:26.256716 stat64("/bin/grep", {st_dev=makedev(1, 0), st_ino=20090, st_mode=S_IFREG|0755, st_nlink=1, st_uid=0, st_gid=0, st_blksize=1024, st_blocks=2146, st_size=1091828, st_atime=2018/09/25-11:28:39, st_mtime=2017/06/14-06:20:59, st_ctime=2017/06/14-06:20:59}) = 0 <0.000033>
20301 15:11:26.257868 execve("/bin/grep", ["grep", "export TZ="], ["RCP_HOST=169.254.13.3", "CONSOLE=/dev/console", "HOME=/run/cips/", "OLDPWD=/home", "runlevel=5", "INIT_VERSION=sysvinit-2.88", "LAUREL_CHASSIS_TYPE=1800", "LAUREL_BOARD_CATEGORY=fcp", "TERM=linux", "PATH=/sbin:/usr/sbin:/bin:/usr/bin:/sbin", "RUNLEVEL=5", "PREVLEVEL=N", "SHELL=/bin/sh", "DPP_DB_PATH=/run/cips/db/", "LAUREL_CHASSIS_TARGET=magnum", "LC_ALL=C", "PWD=/run/cips", "previous=N", "BCM_CONFIG_FILE=/run/cips/config-sand.bcm", "VERBOSE=no"] <unfinished ...>
20300 15:11:26.258040 +++ exited with 0 +++
20299 15:11:26.258109 --- SIGCHLD {si_signo=SIGCHLD, si_code=CLD_EXITED, si_pid=20300, si_status=0, si_utime=0, si_stime=0} ---
20301 15:11:26.258409 <... execve resumed> ) = 0 <0.000379>
20301 15:11:26.258670 access("/etc/ld.so.preload", R_OK) = -1 ENOENT (No such file or directory) <0.000041>
20301 15:11:26.263714 open("/etc/ld.so.cache", O_RDONLY|O_CLOEXEC) = 8 <0.000030>
20301 15:11:26.268635 open("/lib/libm.so.6", O_RDONLY|O_CLOEXEC) = 8 <0.000033>
20301 15:11:26.269076 open("/lib/libc.so.6", O_RDONLY|O_CLOEXEC) = 8 <0.000030>
20301 15:11:26.271269 +++ exited with 1 +++
20299 15:11:26.271348 --- SIGCHLD {si_signo=SIGCHLD, si_code=CLD_EXITED, si_pid=20301, si_status=1, si_utime=0, si_stime=0} ---
20299 15:11:26.271683 +++ exited with 1 +++
3303  15:11:26.271775 --- SIGCHLD {si_signo=SIGCHLD, si_code=CLD_EXITED, si_pid=20299, si_status=1, si_utime=0, si_stime=5} ---
2396  15:11:26.448447 lstat64("/run/CIPS1T_Cfg.bin", {st_dev=makedev(0, 20), st_ino=811, st_mode=S_IFREG|0644, st_nlink=1, st_uid=0, st_gid=0, st_blksize=4096, st_blocks=8, st_size=1004, st_atime=2018/09/25-15:11:24, st_mtime=2018/09/18-11:28:36, st_ctime=2018/09/18-11:28:36}) = 0 <0.000242>
2396  15:11:26.449207 open("/run/CIPS1T_Cfg.bin", O_RDONLY) = 100 <0.000570>
3226  15:11:26.526083 open("/var/log/proto.log", O_WRONLY|O_CREAT|O_APPEND, 0666) = 100 <0.000055>
3293  15:11:26.911026 stat64("/etc/localtime", {st_dev=makedev(1, 0), st_ino=30625, st_mode=S_IFREG|0755, st_nlink=1, st_uid=0, st_gid=0, st_blksize=1024, st_blocks=2, st_size=118, st_atime=2018/09/25-15:08:53, st_mtime=2018/06/02-04:57:29, st_ctime=2018/06/02-04:57:29}) = 0 <0.000079>
2390  15:11:27.007542 open("/dev/cpugpio", O_RDWR) = 100 <0.001514>
3293  15:11:27.916121 stat64("/etc/localtime", {st_dev=makedev(1, 0), st_ino=30625, st_mode=S_IFREG|0755, st_nlink=1, st_uid=0, st_gid=0, st_blksize=1024, st_blocks=2, st_size=118, st_atime=2018/09/25-15:08:53, st_mtime=2018/06/02-04:57:29, st_ctime=2018/06/02-04:57:29}) = 0 <0.000028>
2397  15:11:28.481902 access("/home/root/BindingDb.txt", F_OK) = 0 <0.000070>
20302 15:11:28.518958 execve("/bin/sh", ["sh", "-c", "cp /home/root/BindingDb.txt /mnt"], ["CONSOLE=/dev/console", "OLDPWD=/home", "HOME=/run/cips/", "runlevel=5", "INIT_VERSION=sysvinit-2.88", "TERM=linux", "PATH=/sbin:/usr/sbin:/bin:/usr/bin:/sbin", "RUNLEVEL=5", "PREVLEVEL=N", "SHELL=/bin/sh", "previous=N", "PWD=/run/cips", "BCM_CONFIG_FILE=/run/cips/config-sand.bcm", "VERBOSE=no", "LAUREL_CHASSIS_TARGET=magnum", "LAUREL_CHASSIS_TYPE=1800", "LAUREL_BOARD_CATEGORY=fcp", "RCP_HOST=169.254.13.3", "LC_ALL=C", "DPP_DB_PATH=/run/cips/db/"]) = 0 <0.052803>
20302 15:11:28.572201 access("/etc/ld.so.preload", R_OK) = -1 ENOENT (No such file or directory) <0.000026>
20302 15:11:28.572359 open("/etc/ld.so.cache", O_RDONLY|O_CLOEXEC) = 8 <0.000029>
20302 15:11:28.572557 open("/lib/libm.so.6", O_RDONLY|O_CLOEXEC) = 8 <0.000028>
20302 15:11:28.572930 open("/lib/libc.so.6", O_RDONLY|O_CLOEXEC) = 8 <0.000030>
20302 15:11:28.574727 stat64("/run/cips", {st_dev=makedev(0, 20), st_ino=3571, st_mode=S_IFDIR|0755, st_nlink=4, st_uid=0, st_gid=0, st_blksize=4096, st_blocks=0, st_size=660, st_atime=2018/09/17-10:50:28, st_mtime=2018/09/18-11:30:43, st_ctime=2018/09/18-11:30:43}) = 0 <0.000024>
20302 15:11:28.574906 stat64(".", {st_dev=makedev(0, 20), st_ino=3571, st_mode=S_IFDIR|0755, st_nlink=4, st_uid=0, st_gid=0, st_blksize=4096, st_blocks=0, st_size=660, st_atime=2018/09/17-10:50:28, st_mtime=2018/09/18-11:30:43, st_ctime=2018/09/18-11:30:43}) = 0 <0.000019>
20302 15:11:28.575307 stat64("/sbin/cp", 0xffadc388) = -1 ENOENT (No such file or directory) <0.000020>
20302 15:11:28.575399 stat64("/usr/sbin/cp", 0xffadc388) = -1 ENOENT (No such file or directory) <0.000019>
20302 15:11:28.575476 stat64("/bin/cp", {st_dev=makedev(1, 0), st_ino=20090, st_mode=S_IFREG|0755, st_nlink=1, st_uid=0, st_gid=0, st_blksize=1024, st_blocks=2146, st_size=1091828, st_atime=2018/09/25-11:28:39, st_mtime=2017/06/14-06:20:59, st_ctime=2017/06/14-06:20:59}) = 0 <0.000023>
20303 15:11:28.576392 execve("/bin/cp", ["cp", "/home/root/BindingDb.txt", "/mnt"], ["RCP_HOST=169.254.13.3", "CONSOLE=/dev/console", "HOME=/run/cips/", "OLDPWD=/home", "runlevel=5", "INIT_VERSION=sysvinit-2.88", "LAUREL_CHASSIS_TYPE=1800", "LAUREL_BOARD_CATEGORY=fcp", "TERM=linux", "PATH=/sbin:/usr/sbin:/bin:/usr/bin:/sbin", "RUNLEVEL=5", "PREVLEVEL=N", "SHELL=/bin/sh", "DPP_DB_PATH=/run/cips/db/", "LAUREL_CHASSIS_TARGET=magnum", "LC_ALL=C", "PWD=/run/cips", "previous=N", "BCM_CONFIG_FILE=/run/cips/config-sand.bcm", "VERBOSE=no"]) = 0 <0.000339>
20303 15:11:28.577129 access("/etc/ld.so.preload", R_OK) = -1 ENOENT (No such file or directory) <0.000026>
20303 15:11:28.577270 open("/etc/ld.so.cache", O_RDONLY|O_CLOEXEC) = 8 <0.000028>
20303 15:11:28.577464 open("/lib/libm.so.6", O_RDONLY|O_CLOEXEC) = 8 <0.000028>
20303 15:11:28.577829 open("/lib/libc.so.6", O_RDONLY|O_CLOEXEC) = 8 <0.000029>
20303 15:11:28.579259 stat64("/home/root/BindingDb.txt", {st_dev=makedev(1, 0), st_ino=44005, st_mode=S_IFREG|0755, st_nlink=1, st_uid=0, st_gid=0, st_blksize=1024, st_blocks=0, st_size=0, st_atime=2018/09/24-16:38:19, st_mtime=2018/09/19-16:38:12, st_ctime=2018/09/19-16:38:12}) = 0 <0.000024>
20303 15:11:28.579434 stat64("/mnt", {st_dev=makedev(0, 22), st_ino=20482, st_mode=S_IFDIR|0777, st_nlink=3, st_uid=0, st_gid=0, st_blksize=1048576, st_blocks=8, st_size=4096, st_atime=2018/09/18-11:10:04, st_mtime=2018/09/25-15:11:18, st_ctime=2018/09/25-15:11:18}) = 0 <0.000023>
20303 15:11:28.579692 stat64("/home/root/BindingDb.txt", {st_dev=makedev(1, 0), st_ino=44005, st_mode=S_IFREG|0755, st_nlink=1, st_uid=0, st_gid=0, st_blksize=1024, st_blocks=0, st_size=0, st_atime=2018/09/24-16:38:19, st_mtime=2018/09/19-16:38:12, st_ctime=2018/09/19-16:38:12}) = 0 <0.000021>
20303 15:11:28.579829 lstat64("/mnt/BindingDb.txt", {st_dev=makedev(0, 22), st_ino=20484, st_mode=S_IFREG|0755, st_nlink=1, st_uid=0, st_gid=0, st_blksize=1048576, st_blocks=0, st_size=0, st_atime=2018/09/25-15:11:18, st_mtime=2018/09/25-15:11:18, st_ctime=2018/09/25-15:11:18}) = 0 <0.001041>
20303 15:11:28.581093 open("/home/root/BindingDb.txt", O_RDONLY|O_LARGEFILE) = 8 <0.000040>
20303 15:11:28.581220 open("/mnt/BindingDb.txt", O_WRONLY|O_CREAT|O_EXCL|O_LARGEFILE, 0100755) = -1 EEXIST (File exists) <0.000477>
20303 15:11:28.581798 unlink("/mnt/BindingDb.txt" <unfinished ...>
2396  15:11:28.591753 open("/dev/i2c_info", O_RDWR <unfinished ...>
2390  15:11:28.591860 open("/dev/cpugpio", O_RDWR <unfinished ...>
2396  15:11:28.591919 <... open resumed> ) = 100 <0.000089>
2390  15:11:28.591992 <... open resumed> ) = 103 <0.000099>
20303 15:11:28.768031 <... unlink resumed> ) = 0 <0.186184>
20303 15:11:28.768125 open("/mnt/BindingDb.txt", O_WRONLY|O_CREAT|O_EXCL|O_LARGEFILE, 0100755) = 9 <0.009941>
20303 15:11:28.778642 +++ exited with 0 +++
20302 15:11:28.778723 --- SIGCHLD {si_signo=SIGCHLD, si_code=CLD_EXITED, si_pid=20303, si_status=0, si_utime=0, si_stime=0} ---
20302 15:11:28.779089 +++ exited with 0 +++
2460  15:11:28.779177 --- SIGCHLD {si_signo=SIGCHLD, si_code=CLD_EXITED, si_pid=20302, si_status=0, si_utime=0, si_stime=5} ---
3293  15:11:28.916473 stat64("/etc/localtime", {st_dev=makedev(1, 0), st_ino=30625, st_mode=S_IFREG|0755, st_nlink=1, st_uid=0, st_gid=0, st_blksize=1024, st_blocks=2, st_size=118, st_atime=2018/09/25-15:08:53, st_mtime=2018/06/02-04:57:29, st_ctime=2018/06/02-04:57:29}) = 0 <0.000046>
20304 15:11:29.248188 execve("/bin/sh", ["sh", "-c", "ftpput 169.254.6.5 -u root  -p root  /BindingDb.txt /home/root/BindingDb.txt"], ["CONSOLE=/dev/console", "OLDPWD=/home", "HOME=/run/cips/", "runlevel=5", "INIT_VERSION=sysvinit-2.88", "TERM=linux", "PATH=/sbin:/usr/sbin:/bin:/usr/bin:/sbin", "RUNLEVEL=5", "PREVLEVEL=N", "SHELL=/bin/sh", "previous=N", "PWD=/run/cips", "BCM_CONFIG_FILE=/run/cips/config-sand.bcm", "VERBOSE=no", "LAUREL_CHASSIS_TARGET=magnum", "LAUREL_CHASSIS_TYPE=1800", "LAUREL_BOARD_CATEGORY=fcp", "RCP_HOST=169.254.13.3", "LC_ALL=C", "DPP_DB_PATH=/run/cips/db/"]) = 0 <0.051722>
20304 15:11:29.300634 access("/etc/ld.so.preload", R_OK) = -1 ENOENT (No such file or directory) <0.000033>
20304 15:11:29.300821 open("/etc/ld.so.cache", O_RDONLY|O_CLOEXEC) = 8 <0.000032>
20304 15:11:29.301279 open("/lib/libm.so.6", O_RDONLY|O_CLOEXEC) = 8 <0.000029>
20304 15:11:29.301891 open("/lib/libc.so.6", O_RDONLY|O_CLOEXEC) = 8 <0.000033>
20304 15:11:29.303835 stat64("/run/cips", {st_dev=makedev(0, 20), st_ino=3571, st_mode=S_IFDIR|0755, st_nlink=4, st_uid=0, st_gid=0, st_blksize=4096, st_blocks=0, st_size=660, st_atime=2018/09/17-10:50:28, st_mtime=2018/09/18-11:30:43, st_ctime=2018/09/18-11:30:43}) = 0 <0.000026>
20304 15:11:29.304017 stat64(".", {st_dev=makedev(0, 20), st_ino=3571, st_mode=S_IFDIR|0755, st_nlink=4, st_uid=0, st_gid=0, st_blksize=4096, st_blocks=0, st_size=660, st_atime=2018/09/17-10:50:28, st_mtime=2018/09/18-11:30:43, st_ctime=2018/09/18-11:30:43}) = 0 <0.000019>
20304 15:11:29.304432 stat64("/sbin/ftpput", 0xff988fa8) = -1 ENOENT (No such file or directory) <0.000020>
20304 15:11:29.304525 stat64("/usr/sbin/ftpput", 0xff988fa8) = -1 ENOENT (No such file or directory) <0.000020>
20304 15:11:29.304602 stat64("/bin/ftpput", 0xff988fa8) = -1 ENOENT (No such file or directory) <0.000018>
20304 15:11:29.304677 stat64("/usr/bin/ftpput", {st_dev=makedev(1, 0), st_ino=20090, st_mode=S_IFREG|0755, st_nlink=1, st_uid=0, st_gid=0, st_blksize=1024, st_blocks=2146, st_size=1091828, st_atime=2018/09/25-11:28:39, st_mtime=2017/06/14-06:20:59, st_ctime=2017/06/14-06:20:59}) = 0 <0.000023>
20305 15:11:29.305501 execve("/usr/bin/ftpput", ["ftpput", "169.254.6.5", "-u", "root", "-p", "root", "/BindingDb.txt", "/home/root/BindingDb.txt"], ["RCP_HOST=169.254.13.3", "CONSOLE=/dev/console", "HOME=/run/cips/", "OLDPWD=/home", "runlevel=5", "INIT_VERSION=sysvinit-2.88", "LAUREL_CHASSIS_TYPE=1800", "LAUREL_BOARD_CATEGORY=fcp", "TERM=linux", "PATH=/sbin:/usr/sbin:/bin:/usr/bin:/sbin", "RUNLEVEL=5", "PREVLEVEL=N", "SHELL=/bin/sh", "DPP_DB_PATH=/run/cips/db/", "LAUREL_CHASSIS_TARGET=magnum", "LC_ALL=C", "PWD=/run/cips", "previous=N", "BCM_CONFIG_FILE=/run/cips/config-sand.bcm", "VERBOSE=no"]) = 0 <0.000358>
20305 15:11:29.306236 access("/etc/ld.so.preload", R_OK) = -1 ENOENT (No such file or directory) <0.000025>
20305 15:11:29.306372 open("/etc/ld.so.cache", O_RDONLY|O_CLOEXEC) = 8 <0.000028>
20305 15:11:29.306567 open("/lib/libm.so.6", O_RDONLY|O_CLOEXEC) = 8 <0.000028>
20305 15:11:29.306933 open("/lib/libc.so.6", O_RDONLY|O_CLOEXEC) = 8 <0.000028>
20305 15:11:29.309888 open("/etc/nsswitch.conf", O_RDONLY|O_CLOEXEC) = 8 <0.000030>
20305 15:11:29.310398 open("/etc/ld.so.cache", O_RDONLY|O_CLOEXEC) = 8 <0.000026>
20305 15:11:29.310604 open("/lib/tls/ppce5500/libnss_db.so.2", O_RDONLY|O_CLOEXEC) = -1 ENOENT (No such file or directory) <0.000024>
20305 15:11:29.310706 stat64("/lib/tls/ppce5500", 0xffcfb128) = -1 ENOENT (No such file or directory) <0.000018>
20305 15:11:29.310787 open("/lib/tls/libnss_db.so.2", O_RDONLY|O_CLOEXEC) = -1 ENOENT (No such file or directory) <0.000020>
20305 15:11:29.310865 stat64("/lib/tls", 0xffcfb128) = -1 ENOENT (No such file or directory) <0.000019>
20305 15:11:29.310940 open("/lib/ppce5500/libnss_db.so.2", O_RDONLY|O_CLOEXEC) = -1 ENOENT (No such file or directory) <0.000020>
20305 15:11:29.311018 stat64("/lib/ppce5500", 0xffcfb128) = -1 ENOENT (No such file or directory) <0.000018>
20305 15:11:29.311093 open("/lib/libnss_db.so.2", O_RDONLY|O_CLOEXEC) = -1 ENOENT (No such file or directory) <0.000021>
20305 15:11:29.311170 stat64("/lib", {st_dev=makedev(1, 0), st_ino=4001, st_mode=S_IFDIR|0755, st_nlink=5, st_uid=0, st_gid=0, st_blksize=1024, st_blocks=4, st_size=2048, st_atime=2018/06/02-04:55:39, st_mtime=2017/06/14-06:21:00, st_ctime=2017/06/14-06:21:00}) = 0 <0.000019>
20305 15:11:29.311299 open("/usr/lib/tls/ppce5500/libnss_db.so.2", O_RDONLY|O_CLOEXEC) = -1 ENOENT (No such file or directory) <0.000021>
20305 15:11:29.311376 stat64("/usr/lib/tls/ppce5500", 0xffcfb128) = -1 ENOENT (No such file or directory) <0.000018>
20305 15:11:29.311452 open("/usr/lib/tls/libnss_db.so.2", O_RDONLY|O_CLOEXEC) = -1 ENOENT (No such file or directory) <0.000021>
20305 15:11:29.311528 stat64("/usr/lib/tls", 0xffcfb128) = -1 ENOENT (No such file or directory) <0.000018>
20305 15:11:29.311604 open("/usr/lib/ppce5500/libnss_db.so.2", O_RDONLY|O_CLOEXEC) = -1 ENOENT (No such file or directory) <0.000020>
20305 15:11:29.311680 stat64("/usr/lib/ppce5500", 0xffcfb128) = -1 ENOENT (No such file or directory) <0.000020>
20305 15:11:29.311782 open("/usr/lib/libnss_db.so.2", O_RDONLY|O_CLOEXEC) = -1 ENOENT (No such file or directory) <0.000022>
20305 15:11:29.311860 stat64("/usr/lib", {st_dev=makedev(1, 0), st_ino=28304, st_mode=S_IFDIR|0755, st_nlink=7, st_uid=0, st_gid=0, st_blksize=1024, st_blocks=2, st_size=1024, st_atime=2017/06/14-06:21:02, st_mtime=2018/09/18-11:28:47, st_ctime=2018/09/18-11:28:47}) = 0 <0.000019>
20305 15:11:29.312072 open("/etc/ld.so.cache", O_RDONLY|O_CLOEXEC) = 8 <0.000024>
20305 15:11:29.312263 open("/lib/libnss_files.so.2", O_RDONLY|O_CLOEXEC) = 8 <0.000028>
20305 15:11:29.312830 open("/etc/services", O_RDONLY|O_CLOEXEC) = 8 <0.000026>
20305 15:11:29.321338 open("/home/root/BindingDb.txt", O_RDONLY|O_LARGEFILE) = 10 <0.000032>
20305 15:11:29.324862 +++ exited with 0 +++
20304 15:11:29.324946 --- SIGCHLD {si_signo=SIGCHLD, si_code=CLD_EXITED, si_pid=20305, si_status=0, si_utime=0, si_stime=0} ---
20304 15:11:29.325401 +++ exited with 0 +++
3286  15:11:29.325505 --- SIGCHLD {si_signo=SIGCHLD, si_code=CLD_EXITED, si_pid=20304, si_status=0, si_utime=0, si_stime=5} ---
2390  15:11:29.634243 open("/dev/cpugpio", O_RDWR) = 100 <0.000185>
2392  15:11:29.652131 open("/dev/mdio_info", O_RDWR) = 100 <0.000054>
3293  15:11:29.917229 stat64("/etc/localtime", {st_dev=makedev(1, 0), st_ino=30625, st_mode=S_IFREG|0755, st_nlink=1, st_uid=0, st_gid=0, st_blksize=1024, st_blocks=2, st_size=118, st_atime=2018/09/25-15:08:53, st_mtime=2018/06/02-04:57:29, st_ctime=2018/06/02-04:57:29}) = 0 <0.000036>
2390  15:11:30.646364 open("/dev/cpugpio", O_RDWR) = 100 <0.000056>
3226  15:11:30.695063 open("/var/log/proto.log", O_WRONLY|O_CREAT|O_APPEND, 0666) = 100 <0.000200>
2396  15:11:30.759281 open("/dev/cpugpio", O_RDWR) = 100 <0.000252>
2396  15:11:30.759868 open("/dev/i2c_info", O_RDWR) = 100 <0.000113>
2396  15:11:30.825479 open("/dev/i2c_info", O_RDWR) = 100 <0.000076>
3293  15:11:30.917570 stat64("/etc/localtime", {st_dev=makedev(1, 0), st_ino=30625, st_mode=S_IFREG|0755, st_nlink=1, st_uid=0, st_gid=0, st_blksize=1024, st_blocks=2, st_size=118, st_atime=2018/09/25-15:08:53, st_mtime=2018/06/02-04:57:29, st_ctime=2018/06/02-04:57:29}) = 0 <0.000030>
2396  15:11:31.459639 open("/var/run/maxTxL3vpn", O_RDONLY) = 100 <0.000076>
20306 15:11:31.499462 execve("/bin/sh", ["sh", "-c", "export | grep \"export TZ=\""], ["CONSOLE=/dev/console", "OLDPWD=/home", "HOME=/run/cips/", "runlevel=5", "INIT_VERSION=sysvinit-2.88", "TERM=linux", "PATH=/sbin:/usr/sbin:/bin:/usr/bin:/sbin", "RUNLEVEL=5", "PREVLEVEL=N", "SHELL=/bin/sh", "previous=N", "PWD=/run/cips", "BCM_CONFIG_FILE=/run/cips/config-sand.bcm", "VERBOSE=no", "LAUREL_CHASSIS_TARGET=magnum", "LAUREL_CHASSIS_TYPE=1800", "LAUREL_BOARD_CATEGORY=fcp", "RCP_HOST=169.254.13.3", "LC_ALL=C", "DPP_DB_PATH=/run/cips/db/"]) = 0 <0.051634>
20306 15:11:31.556400 access("/etc/ld.so.preload", R_OK) = -1 ENOENT (No such file or directory) <0.000029>
20306 15:11:31.559068 open("/etc/ld.so.cache", O_RDONLY|O_CLOEXEC) = 8 <0.000029>
20306 15:11:31.559674 open("/lib/libm.so.6", O_RDONLY|O_CLOEXEC) = 8 <0.000034>
20306 15:11:31.560298 open("/lib/libc.so.6", O_RDONLY|O_CLOEXEC) = 8 <0.000044>
20306 15:11:31.562598 stat64("/run/cips", {st_dev=makedev(0, 20), st_ino=3571, st_mode=S_IFDIR|0755, st_nlink=4, st_uid=0, st_gid=0, st_blksize=4096, st_blocks=0, st_size=660, st_atime=2018/09/17-10:50:28, st_mtime=2018/09/18-11:30:43, st_ctime=2018/09/18-11:30:43}) = 0 <0.000042>
20306 15:11:31.562796 stat64(".", {st_dev=makedev(0, 20), st_ino=3571, st_mode=S_IFDIR|0755, st_nlink=4, st_uid=0, st_gid=0, st_blksize=4096, st_blocks=0, st_size=660, st_atime=2018/09/17-10:50:28, st_mtime=2018/09/18-11:30:43, st_ctime=2018/09/18-11:30:43}) = 0 <0.000041>
20306 15:11:31.565601 stat64("/sbin/grep", 0xffd39478) = -1 ENOENT (No such file or directory) <0.000036>
20306 15:11:31.565760 stat64("/usr/sbin/grep", 0xffd39478) = -1 ENOENT (No such file or directory) <0.000028>
20306 15:11:31.565858 stat64("/bin/grep", {st_dev=makedev(1, 0), st_ino=20090, st_mode=S_IFREG|0755, st_nlink=1, st_uid=0, st_gid=0, st_blksize=1024, st_blocks=2146, st_size=1091828, st_atime=2018/09/25-11:28:39, st_mtime=2017/06/14-06:20:59, st_ctime=2017/06/14-06:20:59}) = 0 <0.000032>
20307 15:11:31.566943 +++ exited with 0 +++
20308 15:11:31.567020 execve("/bin/grep", ["grep", "export TZ="], ["RCP_HOST=169.254.13.3", "CONSOLE=/dev/console", "HOME=/run/cips/", "OLDPWD=/home", "runlevel=5", "INIT_VERSION=sysvinit-2.88", "LAUREL_CHASSIS_TYPE=1800", "LAUREL_BOARD_CATEGORY=fcp", "TERM=linux", "PATH=/sbin:/usr/sbin:/bin:/usr/bin:/sbin", "RUNLEVEL=5", "PREVLEVEL=N", "SHELL=/bin/sh", "DPP_DB_PATH=/run/cips/db/", "LAUREL_CHASSIS_TARGET=magnum", "LC_ALL=C", "PWD=/run/cips", "previous=N", "BCM_CONFIG_FILE=/run/cips/config-sand.bcm", "VERBOSE=no"] <unfinished ...>
20306 15:11:31.567184 --- SIGCHLD {si_signo=SIGCHLD, si_code=CLD_EXITED, si_pid=20307, si_status=0, si_utime=0, si_stime=0} ---
20308 15:11:31.567511 <... execve resumed> ) = 0 <0.000358>
20308 15:11:31.567745 access("/etc/ld.so.preload", R_OK) = -1 ENOENT (No such file or directory) <0.000025>
20308 15:11:31.567869 open("/etc/ld.so.cache", O_RDONLY|O_CLOEXEC) = 8 <0.000028>
20308 15:11:31.568063 open("/lib/libm.so.6", O_RDONLY|O_CLOEXEC) = 8 <0.000027>
20308 15:11:31.568433 open("/lib/libc.so.6", O_RDONLY|O_CLOEXEC) = 8 <0.000029>
20308 15:11:31.570730 +++ exited with 1 +++
20306 15:11:31.570814 --- SIGCHLD {si_signo=SIGCHLD, si_code=CLD_EXITED, si_pid=20308, si_status=1, si_utime=0, si_stime=0} ---
20306 15:11:31.571130 +++ exited with 1 +++
3303  15:11:31.571244 --- SIGCHLD {si_signo=SIGCHLD, si_code=CLD_EXITED, si_pid=20306, si_status=1, si_utime=0, si_stime=5} ---
2390  15:11:31.704481 open("/dev/cpugpio", O_RDWR <unfinished ...>
2396  15:11:31.704607 lstat64("/run/CIPS1T_Cfg.bin", {st_dev=makedev(0, 20), st_ino=811, st_mode=S_IFREG|0644, st_nlink=1, st_uid=0, st_gid=0, st_blksize=4096, st_blocks=8, st_size=1004, st_atime=2018/09/25-15:11:26, st_mtime=2018/09/18-11:28:36, st_ctime=2018/09/18-11:28:36}) = 0 <0.000026>
2396  15:11:31.704765 open("/run/CIPS1T_Cfg.bin", O_RDONLY) = 103 <0.000025>
2390  15:11:31.704955 <... open resumed> ) = 100 <0.000378>
2396  15:11:31.798574 open("/dev/i2c_info", O_RDWR) = 100 <0.000059>
3293  15:11:31.917907 stat64("/etc/localtime", {st_dev=makedev(1, 0), st_ino=30625, st_mode=S_IFREG|0755, st_nlink=1, st_uid=0, st_gid=0, st_blksize=1024, st_blocks=2, st_size=118, st_atime=2018/09/25-15:08:53, st_mtime=2018/06/02-04:57:29, st_ctime=2018/06/02-04:57:29}) = 0 <0.000057>
3293  15:11:32.918353 stat64("/etc/localtime", {st_dev=makedev(1, 0), st_ino=30625, st_mode=S_IFREG|0755, st_nlink=1, st_uid=0, st_gid=0, st_blksize=1024, st_blocks=2, st_size=118, st_atime=2018/09/25-15:08:53, st_mtime=2018/06/02-04:57:29, st_ctime=2018/06/02-04:57:29}) = 0 <0.000080>
2390  15:11:33.143799 open("/dev/cpugpio", O_RDWR) = 100 <0.000051>
2396  15:11:33.144472 open("/dev/cpugpio", O_RDWR) = 100 <0.000052>
2396  15:11:33.211300 open("/dev/i2c_info", O_RDWR) = 100 <0.000686>
2396  15:11:33.298172 open("/dev/i2c_info", O_RDWR) = 100 <0.000066>
3293  15:11:33.918901 stat64("/etc/localtime", {st_dev=makedev(1, 0), st_ino=30625, st_mode=S_IFREG|0755, st_nlink=1, st_uid=0, st_gid=0, st_blksize=1024, st_blocks=2, st_size=118, st_atime=2018/09/25-15:08:53, st_mtime=2018/06/02-04:57:29, st_ctime=2018/06/02-04:57:29}) = 0 <0.000043>
2396  15:11:33.948577 open("/var/run/maxTxL3vpn", O_RDONLY) = 100 <0.000062>
