3293  15:10:20.597519 stat64("/etc/localtime", {st_dev=makedev(1, 0), st_ino=30625, st_mode=S_IFREG|0755, st_nlink=1, st_uid=0, st_gid=0, st_blksize=1024, st_blocks=2, st_size=118, st_atime=2018/09/25-15:08:53, st_mtime=2018/06/02-04:57:29, st_ctime=2018/06/02-04:57:29}) = 0 <0.000029>
2390  15:10:20.879755 open("/dev/cpugpio", O_RDWR) = 100 <0.000048>
2396  15:10:20.880749 open("/dev/i2c_info", O_RDWR) = 100 <0.000051>
2396  15:10:21.085657 open("/dev/cpugpio", O_RDWR) = 100 <0.000095>
2396  15:10:21.086416 open("/dev/i2c_info", O_RDWR) = 100 <0.000049>
3226  15:10:21.111436 open("/var/log/proto.log", O_WRONLY|O_CREAT|O_APPEND, 0666) = 103 <0.000055>
3293  15:10:21.597846 stat64("/etc/localtime", {st_dev=makedev(1, 0), st_ino=30625, st_mode=S_IFREG|0755, st_nlink=1, st_uid=0, st_gid=0, st_blksize=1024, st_blocks=2, st_size=118, st_atime=2018/09/25-15:08:53, st_mtime=2018/06/02-04:57:29, st_ctime=2018/06/02-04:57:29}) = 0 <0.000031>
2397  15:10:21.929095 access("/home/root/BindingDb.txt", F_OK) = 0 <0.000027>
2396  15:10:21.939705 open("/var/run/maxTxL3vpn", O_RDONLY) = 100 <0.000050>
2390  15:10:21.940826 open("/dev/cpugpio", O_RDWR <unfinished ...>
20217 15:10:21.976685 execve("/bin/sh", ["sh", "-c", "cp /home/root/BindingDb.txt /mnt"], ["CONSOLE=/dev/console", "OLDPWD=/home", "HOME=/run/cips/", "runlevel=5", "INIT_VERSION=sysvinit-2.88", "TERM=linux", "PATH=/sbin:/usr/sbin:/bin:/usr/bin:/sbin", "RUNLEVEL=5", "PREVLEVEL=N", "SHELL=/bin/sh", "previous=N", "PWD=/run/cips", "BCM_CONFIG_FILE=/run/cips/config-sand.bcm", "VERBOSE=no", "LAUREL_CHASSIS_TARGET=magnum", "LAUREL_CHASSIS_TYPE=1800", "LAUREL_BOARD_CATEGORY=fcp", "RCP_HOST=169.254.13.3", "LC_ALL=C", "DPP_DB_PATH=/run/cips/db/"]) = 0 <0.052242>
20217 15:10:22.029406 access("/etc/ld.so.preload", R_OK) = -1 ENOENT (No such file or directory) <0.000035>
20217 15:10:22.029622 open("/etc/ld.so.cache", O_RDONLY|O_CLOEXEC) = 8 <0.000037>
20217 15:10:22.029897 open("/lib/libm.so.6", O_RDONLY|O_CLOEXEC) = 8 <0.000032>
20217 15:10:22.030295 open("/lib/libc.so.6", O_RDONLY|O_CLOEXEC) = 8 <0.000031>
20217 15:10:22.032011 stat64("/run/cips", {st_dev=makedev(0, 20), st_ino=3571, st_mode=S_IFDIR|0755, st_nlink=4, st_uid=0, st_gid=0, st_blksize=4096, st_blocks=0, st_size=660, st_atime=2018/09/17-10:50:28, st_mtime=2018/09/18-11:30:43, st_ctime=2018/09/18-11:30:43}) = 0 <0.000025>
20217 15:10:22.032188 stat64(".", {st_dev=makedev(0, 20), st_ino=3571, st_mode=S_IFDIR|0755, st_nlink=4, st_uid=0, st_gid=0, st_blksize=4096, st_blocks=0, st_size=660, st_atime=2018/09/17-10:50:28, st_mtime=2018/09/18-11:30:43, st_ctime=2018/09/18-11:30:43}) = 0 <0.000020>
20217 15:10:22.032588 stat64("/sbin/cp", 0xfffe5b48) = -1 ENOENT (No such file or directory) <0.000021>
20217 15:10:22.032681 stat64("/usr/sbin/cp", 0xfffe5b48) = -1 ENOENT (No such file or directory) <0.000018>
20217 15:10:22.032757 stat64("/bin/cp", {st_dev=makedev(1, 0), st_ino=20090, st_mode=S_IFREG|0755, st_nlink=1, st_uid=0, st_gid=0, st_blksize=1024, st_blocks=2146, st_size=1091828, st_atime=2018/09/25-11:28:39, st_mtime=2017/06/14-06:20:59, st_ctime=2017/06/14-06:20:59}) = 0 <0.000023>
20218 15:10:22.033468 execve("/bin/cp", ["cp", "/home/root/BindingDb.txt", "/mnt"], ["RCP_HOST=169.254.13.3", "CONSOLE=/dev/console", "HOME=/run/cips/", "OLDPWD=/home", "runlevel=5", "INIT_VERSION=sysvinit-2.88", "LAUREL_CHASSIS_TYPE=1800", "LAUREL_BOARD_CATEGORY=fcp", "TERM=linux", "PATH=/sbin:/usr/sbin:/bin:/usr/bin:/sbin", "RUNLEVEL=5", "PREVLEVEL=N", "SHELL=/bin/sh", "DPP_DB_PATH=/run/cips/db/", "LAUREL_CHASSIS_TARGET=magnum", "LC_ALL=C", "PWD=/run/cips", "previous=N", "BCM_CONFIG_FILE=/run/cips/config-sand.bcm", "VERBOSE=no"]) = 0 <0.000417>
20218 15:10:22.034283 access("/etc/ld.so.preload", R_OK) = -1 ENOENT (No such file or directory) <0.000025>
20218 15:10:22.034417 open("/etc/ld.so.cache", O_RDONLY|O_CLOEXEC) = 8 <0.000032>
20218 15:10:22.034614 open("/lib/libm.so.6", O_RDONLY|O_CLOEXEC) = 8 <0.000026>
20218 15:10:22.034978 open("/lib/libc.so.6", O_RDONLY|O_CLOEXEC) = 8 <0.000029>
20218 15:10:22.036412 stat64("/home/root/BindingDb.txt", {st_dev=makedev(1, 0), st_ino=44005, st_mode=S_IFREG|0755, st_nlink=1, st_uid=0, st_gid=0, st_blksize=1024, st_blocks=0, st_size=0, st_atime=2018/09/24-16:38:19, st_mtime=2018/09/19-16:38:12, st_ctime=2018/09/19-16:38:12}) = 0 <0.000025>
20218 15:10:22.036589 stat64("/mnt", {st_dev=makedev(0, 22), st_ino=20482, st_mode=S_IFDIR|0777, st_nlink=3, st_uid=0, st_gid=0, st_blksize=1048576, st_blocks=8, st_size=4096, st_atime=2018/09/18-11:10:04, st_mtime=2018/09/25-15:10:12, st_ctime=2018/09/25-15:10:12}) = 0 <0.000023>
20218 15:10:22.036845 stat64("/home/root/BindingDb.txt", {st_dev=makedev(1, 0), st_ino=44005, st_mode=S_IFREG|0755, st_nlink=1, st_uid=0, st_gid=0, st_blksize=1024, st_blocks=0, st_size=0, st_atime=2018/09/24-16:38:19, st_mtime=2018/09/19-16:38:12, st_ctime=2018/09/19-16:38:12}) = 0 <0.000021>
20218 15:10:22.036980 lstat64("/mnt/BindingDb.txt", {st_dev=makedev(0, 22), st_ino=20484, st_mode=S_IFREG|0755, st_nlink=1, st_uid=0, st_gid=0, st_blksize=1048576, st_blocks=0, st_size=0, st_atime=2018/09/25-15:10:13, st_mtime=2018/09/25-15:10:13, st_ctime=2018/09/25-15:10:13}) = 0 <0.000591>
20218 15:10:22.037726 open("/home/root/BindingDb.txt", O_RDONLY|O_LARGEFILE) = 8 <0.000031>
20218 15:10:22.037822 open("/mnt/BindingDb.txt", O_WRONLY|O_CREAT|O_EXCL|O_LARGEFILE, 0100755) = -1 EEXIST (File exists) <0.000662>
20218 15:10:22.038590 unlink("/mnt/BindingDb.txt") = 0 <0.000579>
20218 15:10:22.039256 open("/mnt/BindingDb.txt", O_WRONLY|O_CREAT|O_EXCL|O_LARGEFILE, 0100755 <unfinished ...>
3293  15:10:22.598188 stat64("/etc/localtime", {st_dev=makedev(1, 0), st_ino=30625, st_mode=S_IFREG|0755, st_nlink=1, st_uid=0, st_gid=0, st_blksize=1024, st_blocks=2, st_size=118, st_atime=2018/09/25-15:08:53, st_mtime=2018/06/02-04:57:29, st_ctime=2018/06/02-04:57:29}) = 0 <0.000030>
20218 15:10:22.699249 <... open resumed> ) = 9 <0.659934>
20218 15:10:22.701534 +++ exited with 0 +++
20217 15:10:22.701639 --- SIGCHLD {si_signo=SIGCHLD, si_code=CLD_EXITED, si_pid=20218, si_status=0, si_utime=0, si_stime=0} ---
20217 15:10:22.704898 +++ exited with 0 +++
3294  15:10:22.705042 --- SIGCHLD {si_signo=SIGCHLD, si_code=CLD_EXITED, si_pid=20217, si_status=0, si_utime=0, si_stime=5} ---
2390  15:10:23.577306 <... open resumed> ) = 103 <1.601693>
20219 15:10:23.610688 execve("/bin/sh", ["sh", "-c", "ftpput 169.254.6.5 -u root  -p root  /BindingDb.txt /home/root/BindingDb.txt"], ["CONSOLE=/dev/console", "OLDPWD=/home", "HOME=/run/cips/", "runlevel=5", "INIT_VERSION=sysvinit-2.88", "TERM=linux", "PATH=/sbin:/usr/sbin:/bin:/usr/bin:/sbin", "RUNLEVEL=5", "PREVLEVEL=N", "SHELL=/bin/sh", "previous=N", "PWD=/run/cips", "BCM_CONFIG_FILE=/run/cips/config-sand.bcm", "VERBOSE=no", "LAUREL_CHASSIS_TARGET=magnum", "LAUREL_CHASSIS_TYPE=1800", "LAUREL_BOARD_CATEGORY=fcp", "RCP_HOST=169.254.13.3", "LC_ALL=C", "DPP_DB_PATH=/run/cips/db/"] <unfinished ...>
3293  15:10:23.613443 stat64("/etc/localtime", {st_dev=makedev(1, 0), st_ino=30625, st_mode=S_IFREG|0755, st_nlink=1, st_uid=0, st_gid=0, st_blksize=1024, st_blocks=2, st_size=118, st_atime=2018/09/25-15:08:53, st_mtime=2018/06/02-04:57:29, st_ctime=2018/06/02-04:57:29}) = 0 <0.000099>
20219 15:10:23.662003 <... execve resumed> ) = 0 <0.051097>
20219 15:10:23.662454 access("/etc/ld.so.preload", R_OK) = -1 ENOENT (No such file or directory) <0.000027>
20219 15:10:23.662609 open("/etc/ld.so.cache", O_RDONLY|O_CLOEXEC) = 8 <0.000032>
20219 15:10:23.662813 open("/lib/libm.so.6", O_RDONLY|O_CLOEXEC) = 8 <0.000028>
20219 15:10:23.663196 open("/lib/libc.so.6", O_RDONLY|O_CLOEXEC) = 8 <0.000031>
20219 15:10:23.664957 stat64("/run/cips", {st_dev=makedev(0, 20), st_ino=3571, st_mode=S_IFDIR|0755, st_nlink=4, st_uid=0, st_gid=0, st_blksize=4096, st_blocks=0, st_size=660, st_atime=2018/09/17-10:50:28, st_mtime=2018/09/18-11:30:43, st_ctime=2018/09/18-11:30:43}) = 0 <0.000027>
20219 15:10:23.665197 stat64(".", {st_dev=makedev(0, 20), st_ino=3571, st_mode=S_IFDIR|0755, st_nlink=4, st_uid=0, st_gid=0, st_blksize=4096, st_blocks=0, st_size=660, st_atime=2018/09/17-10:50:28, st_mtime=2018/09/18-11:30:43, st_ctime=2018/09/18-11:30:43}) = 0 <0.000019>
20219 15:10:23.665617 stat64("/sbin/ftpput", 0xffe8eb08) = -1 ENOENT (No such file or directory) <0.000020>
20219 15:10:23.665707 stat64("/usr/sbin/ftpput", 0xffe8eb08) = -1 ENOENT (No such file or directory) <0.000019>
20219 15:10:23.665784 stat64("/bin/ftpput", 0xffe8eb08) = -1 ENOENT (No such file or directory) <0.000019>
20219 15:10:23.665860 stat64("/usr/bin/ftpput", {st_dev=makedev(1, 0), st_ino=20090, st_mode=S_IFREG|0755, st_nlink=1, st_uid=0, st_gid=0, st_blksize=1024, st_blocks=2146, st_size=1091828, st_atime=2018/09/25-11:28:39, st_mtime=2017/06/14-06:20:59, st_ctime=2017/06/14-06:20:59}) = 0 <0.000023>
20220 15:10:23.666549 execve("/usr/bin/ftpput", ["ftpput", "169.254.6.5", "-u", "root", "-p", "root", "/BindingDb.txt", "/home/root/BindingDb.txt"], ["RCP_HOST=169.254.13.3", "CONSOLE=/dev/console", "HOME=/run/cips/", "OLDPWD=/home", "runlevel=5", "INIT_VERSION=sysvinit-2.88", "LAUREL_CHASSIS_TYPE=1800", "LAUREL_BOARD_CATEGORY=fcp", "TERM=linux", "PATH=/sbin:/usr/sbin:/bin:/usr/bin:/sbin", "RUNLEVEL=5", "PREVLEVEL=N", "SHELL=/bin/sh", "DPP_DB_PATH=/run/cips/db/", "LAUREL_CHASSIS_TARGET=magnum", "LC_ALL=C", "PWD=/run/cips", "previous=N", "BCM_CONFIG_FILE=/run/cips/config-sand.bcm", "VERBOSE=no"]) = 0 <0.000325>
20220 15:10:23.667253 access("/etc/ld.so.preload", R_OK) = -1 ENOENT (No such file or directory) <0.000024>
20220 15:10:23.667386 open("/etc/ld.so.cache", O_RDONLY|O_CLOEXEC) = 8 <0.000028>
20220 15:10:23.667603 open("/lib/libm.so.6", O_RDONLY|O_CLOEXEC) = 8 <0.000028>
20220 15:10:23.667974 open("/lib/libc.so.6", O_RDONLY|O_CLOEXEC) = 8 <0.000029>
20220 15:10:23.669923 open("/etc/nsswitch.conf", O_RDONLY|O_CLOEXEC) = 8 <0.000030>
20220 15:10:23.670395 open("/etc/ld.so.cache", O_RDONLY|O_CLOEXEC) = 8 <0.000027>
20220 15:10:23.670597 open("/lib/tls/ppce5500/libnss_db.so.2", O_RDONLY|O_CLOEXEC) = -1 ENOENT (No such file or directory) <0.000022>
20220 15:10:23.670687 stat64("/lib/tls/ppce5500", 0xffb16228) = -1 ENOENT (No such file or directory) <0.000019>
20220 15:10:23.670766 open("/lib/tls/libnss_db.so.2", O_RDONLY|O_CLOEXEC) = -1 ENOENT (No such file or directory) <0.000020>
20220 15:10:23.670843 stat64("/lib/tls", 0xffb16228) = -1 ENOENT (No such file or directory) <0.000018>
20220 15:10:23.670919 open("/lib/ppce5500/libnss_db.so.2", O_RDONLY|O_CLOEXEC) = -1 ENOENT (No such file or directory) <0.000019>
20220 15:10:23.670994 stat64("/lib/ppce5500", 0xffb16228) = -1 ENOENT (No such file or directory) <0.000018>
20220 15:10:23.671098 open("/lib/libnss_db.so.2", O_RDONLY|O_CLOEXEC) = -1 ENOENT (No such file or directory) <0.000023>
20220 15:10:23.671179 stat64("/lib", {st_dev=makedev(1, 0), st_ino=4001, st_mode=S_IFDIR|0755, st_nlink=5, st_uid=0, st_gid=0, st_blksize=1024, st_blocks=4, st_size=2048, st_atime=2018/06/02-04:55:39, st_mtime=2017/06/14-06:21:00, st_ctime=2017/06/14-06:21:00}) = 0 <0.000019>
20220 15:10:23.671307 open("/usr/lib/tls/ppce5500/libnss_db.so.2", O_RDONLY|O_CLOEXEC) = -1 ENOENT (No such file or directory) <0.000021>
20220 15:10:23.671385 stat64("/usr/lib/tls/ppce5500", 0xffb16228) = -1 ENOENT (No such file or directory) <0.000019>
20220 15:10:23.671460 open("/usr/lib/tls/libnss_db.so.2", O_RDONLY|O_CLOEXEC) = -1 ENOENT (No such file or directory) <0.000020>
20220 15:10:23.671537 stat64("/usr/lib/tls", 0xffb16228) = -1 ENOENT (No such file or directory) <0.000018>
20220 15:10:23.671612 open("/usr/lib/ppce5500/libnss_db.so.2", O_RDONLY|O_CLOEXEC) = -1 ENOENT (No such file or directory) <0.000020>
20220 15:10:23.671688 stat64("/usr/lib/ppce5500", 0xffb16228) = -1 ENOENT (No such file or directory) <0.000019>
20220 15:10:23.671763 open("/usr/lib/libnss_db.so.2", O_RDONLY|O_CLOEXEC) = -1 ENOENT (No such file or directory) <0.000021>
20220 15:10:23.671839 stat64("/usr/lib", {st_dev=makedev(1, 0), st_ino=28304, st_mode=S_IFDIR|0755, st_nlink=7, st_uid=0, st_gid=0, st_blksize=1024, st_blocks=2, st_size=1024, st_atime=2017/06/14-06:21:02, st_mtime=2018/09/18-11:28:47, st_ctime=2018/09/18-11:28:47}) = 0 <0.000020>
20220 15:10:23.672043 open("/etc/ld.so.cache", O_RDONLY|O_CLOEXEC) = 8 <0.000024>
20220 15:10:23.672230 open("/lib/libnss_files.so.2", O_RDONLY|O_CLOEXEC) = 8 <0.000027>
20220 15:10:23.672747 open("/etc/services", O_RDONLY|O_CLOEXEC) = 8 <0.000030>
20220 15:10:23.688056 open("/home/root/BindingDb.txt", O_RDONLY|O_LARGEFILE) = 10 <0.000926>
20220 15:10:23.705491 +++ exited with 0 +++
20219 15:10:23.705583 --- SIGCHLD {si_signo=SIGCHLD, si_code=CLD_EXITED, si_pid=20220, si_status=0, si_utime=0, si_stime=0} ---
20219 15:10:23.706001 +++ exited with 0 +++
3245  15:10:23.706160 --- SIGCHLD {si_signo=SIGCHLD, si_code=CLD_EXITED, si_pid=20219, si_status=0, si_utime=0, si_stime=5} ---
20221 15:10:23.804861 execve("/bin/sh", ["sh", "-c", "export | grep \"export TZ=\""], ["CONSOLE=/dev/console", "OLDPWD=/home", "HOME=/run/cips/", "runlevel=5", "INIT_VERSION=sysvinit-2.88", "TERM=linux", "PATH=/sbin:/usr/sbin:/bin:/usr/bin:/sbin", "RUNLEVEL=5", "PREVLEVEL=N", "SHELL=/bin/sh", "previous=N", "PWD=/run/cips", "BCM_CONFIG_FILE=/run/cips/config-sand.bcm", "VERBOSE=no", "LAUREL_CHASSIS_TARGET=magnum", "LAUREL_CHASSIS_TYPE=1800", "LAUREL_BOARD_CATEGORY=fcp", "RCP_HOST=169.254.13.3", "LC_ALL=C", "DPP_DB_PATH=/run/cips/db/"]) = 0 <0.052024>
20221 15:10:23.857477 access("/etc/ld.so.preload", R_OK) = -1 ENOENT (No such file or directory) <0.000029>
20221 15:10:23.857659 open("/etc/ld.so.cache", O_RDONLY|O_CLOEXEC) = 8 <0.000029>
20221 15:10:23.857889 open("/lib/libm.so.6", O_RDONLY|O_CLOEXEC) = 8 <0.000057>
20221 15:10:23.858328 open("/lib/libc.so.6", O_RDONLY|O_CLOEXEC) = 8 <0.000031>
20221 15:10:23.860166 stat64("/run/cips", {st_dev=makedev(0, 20), st_ino=3571, st_mode=S_IFDIR|0755, st_nlink=4, st_uid=0, st_gid=0, st_blksize=4096, st_blocks=0, st_size=660, st_atime=2018/09/17-10:50:28, st_mtime=2018/09/18-11:30:43, st_ctime=2018/09/18-11:30:43}) = 0 <0.000024>
20221 15:10:23.860341 stat64(".", {st_dev=makedev(0, 20), st_ino=3571, st_mode=S_IFDIR|0755, st_nlink=4, st_uid=0, st_gid=0, st_blksize=4096, st_blocks=0, st_size=660, st_atime=2018/09/17-10:50:28, st_mtime=2018/09/18-11:30:43, st_ctime=2018/09/18-11:30:43}) = 0 <0.000020>
20221 15:10:23.861237 stat64("/sbin/grep", 0xffd3eb88) = -1 ENOENT (No such file or directory) <0.000030>
20221 15:10:23.861368 stat64("/usr/sbin/grep", 0xffd3eb88) = -1 ENOENT (No such file or directory) <0.000027>
20221 15:10:23.861462 stat64("/bin/grep", {st_dev=makedev(1, 0), st_ino=20090, st_mode=S_IFREG|0755, st_nlink=1, st_uid=0, st_gid=0, st_blksize=1024, st_blocks=2146, st_size=1091828, st_atime=2018/09/25-11:28:39, st_mtime=2017/06/14-06:20:59, st_ctime=2017/06/14-06:20:59}) = 0 <0.000032>
20222 15:10:23.862526 +++ exited with 0 +++
20223 15:10:23.862603 execve("/bin/grep", ["grep", "export TZ="], ["RCP_HOST=169.254.13.3", "CONSOLE=/dev/console", "HOME=/run/cips/", "OLDPWD=/home", "runlevel=5", "INIT_VERSION=sysvinit-2.88", "LAUREL_CHASSIS_TYPE=1800", "LAUREL_BOARD_CATEGORY=fcp", "TERM=linux", "PATH=/sbin:/usr/sbin:/bin:/usr/bin:/sbin", "RUNLEVEL=5", "PREVLEVEL=N", "SHELL=/bin/sh", "DPP_DB_PATH=/run/cips/db/", "LAUREL_CHASSIS_TARGET=magnum", "LC_ALL=C", "PWD=/run/cips", "previous=N", "BCM_CONFIG_FILE=/run/cips/config-sand.bcm", "VERBOSE=no"] <unfinished ...>
20221 15:10:23.862766 --- SIGCHLD {si_signo=SIGCHLD, si_code=CLD_EXITED, si_pid=20222, si_status=0, si_utime=0, si_stime=0} ---
20223 15:10:23.863095 <... execve resumed> ) = 0 <0.000357>
20223 15:10:23.863323 access("/etc/ld.so.preload", R_OK) = -1 ENOENT (No such file or directory) <0.000032>
20223 15:10:23.863458 open("/etc/ld.so.cache", O_RDONLY|O_CLOEXEC) = 8 <0.000022>
20223 15:10:23.863698 open("/lib/libm.so.6", O_RDONLY|O_CLOEXEC) = 8 <0.000032>
20223 15:10:23.864084 open("/lib/libc.so.6", O_RDONLY|O_CLOEXEC) = 8 <0.000031>
20223 15:10:23.866378 +++ exited with 1 +++
20221 15:10:23.866463 --- SIGCHLD {si_signo=SIGCHLD, si_code=CLD_EXITED, si_pid=20223, si_status=1, si_utime=0, si_stime=0} ---
20221 15:10:23.866824 +++ exited with 1 +++
3298  15:10:23.866950 --- SIGCHLD {si_signo=SIGCHLD, si_code=CLD_EXITED, si_pid=20221, si_status=1, si_utime=0, si_stime=5} ---
3293  15:10:24.616102 stat64("/etc/localtime", {st_dev=makedev(1, 0), st_ino=30625, st_mode=S_IFREG|0755, st_nlink=1, st_uid=0, st_gid=0, st_blksize=1024, st_blocks=2, st_size=118, st_atime=2018/09/25-15:08:53, st_mtime=2018/06/02-04:57:29, st_ctime=2018/06/02-04:57:29}) = 0 <0.000030>
2390  15:10:25.097704 open("/dev/cpugpio", O_RDWR <unfinished ...>
2396  15:10:25.097857 lstat64("/run/CIPS1T_Cfg.bin", {st_dev=makedev(0, 20), st_ino=811, st_mode=S_IFREG|0644, st_nlink=1, st_uid=0, st_gid=0, st_blksize=4096, st_blocks=8, st_size=1004, st_atime=2018/09/25-15:10:19, st_mtime=2018/09/18-11:28:36, st_ctime=2018/09/18-11:28:36}) = 0 <0.000025>
2396  15:10:25.098014 open("/run/CIPS1T_Cfg.bin", O_RDONLY) = 103 <0.000024>
2390  15:10:25.098204 <... open resumed> ) = 100 <0.000408>
2392  15:10:25.098673 open("/dev/mdio_info", O_RDWR) = 100 <0.000048>
2396  15:10:25.134125 open("/dev/i2c_info", O_RDWR) = 100 <0.000054>
3226  15:10:25.192768 open("/var/log/proto.log", O_WRONLY|O_CREAT|O_APPEND, 0666) = 100 <0.000086>
3293  15:10:25.616527 stat64("/etc/localtime", {st_dev=makedev(1, 0), st_ino=30625, st_mode=S_IFREG|0755, st_nlink=1, st_uid=0, st_gid=0, st_blksize=1024, st_blocks=2, st_size=118, st_atime=2018/09/25-15:08:53, st_mtime=2018/06/02-04:57:29, st_ctime=2018/06/02-04:57:29}) = 0 <0.000057>
3293  15:10:26.616976 stat64("/etc/localtime", {st_dev=makedev(1, 0), st_ino=30625, st_mode=S_IFREG|0755, st_nlink=1, st_uid=0, st_gid=0, st_blksize=1024, st_blocks=2, st_size=118, st_atime=2018/09/25-15:08:53, st_mtime=2018/06/02-04:57:29, st_ctime=2018/06/02-04:57:29}) = 0 <0.000072>
2396  15:10:27.555083 open("/dev/cpugpio", O_RDWR) = 100 <0.000057>
2396  15:10:27.555391 open("/dev/i2c_info", O_RDWR) = 100 <0.000043>
2390  15:10:27.587259 open("/dev/cpugpio", O_RDWR) = 100 <0.000053>
2396  15:10:27.595771 open("/dev/i2c_info", O_RDWR) = 100 <0.000107>
3293  15:10:27.617788 stat64("/etc/localtime", {st_dev=makedev(1, 0), st_ino=30625, st_mode=S_IFREG|0755, st_nlink=1, st_uid=0, st_gid=0, st_blksize=1024, st_blocks=2, st_size=118, st_atime=2018/09/25-15:08:53, st_mtime=2018/06/02-04:57:29, st_ctime=2018/06/02-04:57:29}) = 0 <0.000043>
2396  15:10:27.726307 open("/var/run/maxTxL3vpn", O_RDONLY) = 100 <0.000090>
20224 15:10:27.766970 execve("/bin/sh", ["sh", "-c", "export | grep \"export TZ=\""], ["CONSOLE=/dev/console", "OLDPWD=/home", "HOME=/run/cips/", "runlevel=5", "INIT_VERSION=sysvinit-2.88", "TERM=linux", "PATH=/sbin:/usr/sbin:/bin:/usr/bin:/sbin", "RUNLEVEL=5", "PREVLEVEL=N", "SHELL=/bin/sh", "previous=N", "PWD=/run/cips", "BCM_CONFIG_FILE=/run/cips/config-sand.bcm", "VERBOSE=no", "LAUREL_CHASSIS_TARGET=magnum", "LAUREL_CHASSIS_TYPE=1800", "LAUREL_BOARD_CATEGORY=fcp", "RCP_HOST=169.254.13.3", "LC_ALL=C", "DPP_DB_PATH=/run/cips/db/"]) = 0 <0.050199>
20224 15:10:27.817628 access("/etc/ld.so.preload", R_OK) = -1 ENOENT (No such file or directory) <0.000026>
20224 15:10:27.817786 open("/etc/ld.so.cache", O_RDONLY|O_CLOEXEC) = 8 <0.000030>
20224 15:10:27.817987 open("/lib/libm.so.6", O_RDONLY|O_CLOEXEC) = 8 <0.000027>
20224 15:10:27.818360 open("/lib/libc.so.6", O_RDONLY|O_CLOEXEC) = 8 <0.000030>
20224 15:10:27.820087 stat64("/run/cips", {st_dev=makedev(0, 20), st_ino=3571, st_mode=S_IFDIR|0755, st_nlink=4, st_uid=0, st_gid=0, st_blksize=4096, st_blocks=0, st_size=660, st_atime=2018/09/17-10:50:28, st_mtime=2018/09/18-11:30:43, st_ctime=2018/09/18-11:30:43}) = 0 <0.000024>
20224 15:10:27.820262 stat64(".", {st_dev=makedev(0, 20), st_ino=3571, st_mode=S_IFDIR|0755, st_nlink=4, st_uid=0, st_gid=0, st_blksize=4096, st_blocks=0, st_size=660, st_atime=2018/09/17-10:50:28, st_mtime=2018/09/18-11:30:43, st_ctime=2018/09/18-11:30:43}) = 0 <0.000019>
20224 15:10:27.821223 stat64("/sbin/grep", 0xffcb4ba8) = -1 ENOENT (No such file or directory) <0.000032>
20224 15:10:27.821356 stat64("/usr/sbin/grep", 0xffcb4ba8) = -1 ENOENT (No such file or directory) <0.000028>
20224 15:10:27.821452 stat64("/bin/grep", {st_dev=makedev(1, 0), st_ino=20090, st_mode=S_IFREG|0755, st_nlink=1, st_uid=0, st_gid=0, st_blksize=1024, st_blocks=2146, st_size=1091828, st_atime=2018/09/25-11:28:39, st_mtime=2017/06/14-06:20:59, st_ctime=2017/06/14-06:20:59}) = 0 <0.000033>
20226 15:10:27.822563 execve("/bin/grep", ["grep", "export TZ="], ["RCP_HOST=169.254.13.3", "CONSOLE=/dev/console", "HOME=/run/cips/", "OLDPWD=/home", "runlevel=5", "INIT_VERSION=sysvinit-2.88", "LAUREL_CHASSIS_TYPE=1800", "LAUREL_BOARD_CATEGORY=fcp", "TERM=linux", "PATH=/sbin:/usr/sbin:/bin:/usr/bin:/sbin", "RUNLEVEL=5", "PREVLEVEL=N", "SHELL=/bin/sh", "DPP_DB_PATH=/run/cips/db/", "LAUREL_CHASSIS_TARGET=magnum", "LC_ALL=C", "PWD=/run/cips", "previous=N", "BCM_CONFIG_FILE=/run/cips/config-sand.bcm", "VERBOSE=no"] <unfinished ...>
20225 15:10:27.822730 +++ exited with 0 +++
20224 15:10:27.822799 --- SIGCHLD {si_signo=SIGCHLD, si_code=CLD_EXITED, si_pid=20225, si_status=0, si_utime=0, si_stime=0} ---
20226 15:10:27.823185 <... execve resumed> ) = 0 <0.000464>
20226 15:10:27.823493 access("/etc/ld.so.preload", R_OK) = -1 ENOENT (No such file or directory) <0.000025>
20226 15:10:27.823619 open("/etc/ld.so.cache", O_RDONLY|O_CLOEXEC) = 8 <0.000029>
20226 15:10:27.823832 open("/lib/libm.so.6", O_RDONLY|O_CLOEXEC) = 8 <0.000028>
20226 15:10:27.824206 open("/lib/libc.so.6", O_RDONLY|O_CLOEXEC) = 8 <0.000029>
20226 15:10:27.826458 +++ exited with 1 +++
20224 15:10:27.826551 --- SIGCHLD {si_signo=SIGCHLD, si_code=CLD_EXITED, si_pid=20226, si_status=1, si_utime=0, si_stime=0} ---
20224 15:10:27.826879 +++ exited with 1 +++
27200 15:10:27.826949 --- SIGCHLD {si_signo=SIGCHLD, si_code=CLD_EXITED, si_pid=20224, si_status=1, si_utime=0, si_stime=5} ---
2396  15:10:27.985476 lstat64("/run/CIPS1T_Cfg.bin", {st_dev=makedev(0, 20), st_ino=811, st_mode=S_IFREG|0644, st_nlink=1, st_uid=0, st_gid=0, st_blksize=4096, st_blocks=8, st_size=1004, st_atime=2018/09/25-15:10:25, st_mtime=2018/09/18-11:28:36, st_ctime=2018/09/18-11:28:36}) = 0 <0.000105>
2396  15:10:27.985822 open("/run/CIPS1T_Cfg.bin", O_RDONLY) = 100 <0.000048>
3293  15:10:28.618191 stat64("/etc/localtime", {st_dev=makedev(1, 0), st_ino=30625, st_mode=S_IFREG|0755, st_nlink=1, st_uid=0, st_gid=0, st_blksize=1024, st_blocks=2, st_size=118, st_atime=2018/09/25-15:08:53, st_mtime=2018/06/02-04:57:29, st_ctime=2018/06/02-04:57:29}) = 0 <0.000028>
3226  15:10:29.275217 open("/var/log/proto.log", O_WRONLY|O_CREAT|O_APPEND, 0666) = 100 <0.000081>
3293  15:10:29.618552 stat64("/etc/localtime", {st_dev=makedev(1, 0), st_ino=30625, st_mode=S_IFREG|0755, st_nlink=1, st_uid=0, st_gid=0, st_blksize=1024, st_blocks=2, st_size=118, st_atime=2018/09/25-15:08:53, st_mtime=2018/06/02-04:57:29, st_ctime=2018/06/02-04:57:29}) = 0 <0.000029>
2396  15:10:30.244348 open("/dev/i2c_info", O_RDWR) = 100 <0.000122>
2390  15:10:30.266940 open("/dev/cpugpio", O_RDWR) = 100 <0.000055>
2392  15:10:30.448063 open("/dev/mdio_info", O_RDWR) = 100 <0.000059>
2396  15:10:30.540834 open("/dev/cpugpio", O_RDWR) = 100 <0.000056>
2396  15:10:30.541165 open("/dev/i2c_info", O_RDWR) = 100 <0.000047>
2396  15:10:30.605631 open("/var/run/maxTxL3vpn", O_RDONLY) = 100 <0.000060>
20227 15:10:30.648411 execve("/bin/sh", ["sh", "-c", "export | grep \"export TZ=\""], ["CONSOLE=/dev/console", "OLDPWD=/home", "HOME=/run/cips/", "runlevel=5", "INIT_VERSION=sysvinit-2.88", "TERM=linux", "PATH=/sbin:/usr/sbin:/bin:/usr/bin:/sbin", "RUNLEVEL=5", "PREVLEVEL=N", "SHELL=/bin/sh", "previous=N", "PWD=/run/cips", "BCM_CONFIG_FILE=/run/cips/config-sand.bcm", "VERBOSE=no", "LAUREL_CHASSIS_TARGET=magnum", "LAUREL_CHASSIS_TYPE=1800", "LAUREL_BOARD_CATEGORY=fcp", "RCP_HOST=169.254.13.3", "LC_ALL=C", "DPP_DB_PATH=/run/cips/db/"]) = 0 <0.051099>
20227 15:10:30.699940 access("/etc/ld.so.preload", R_OK) = -1 ENOENT (No such file or directory) <0.000026>
20227 15:10:30.700096 open("/etc/ld.so.cache", O_RDONLY|O_CLOEXEC) = 8 <0.000030>
20227 15:10:30.700297 open("/lib/libm.so.6", O_RDONLY|O_CLOEXEC) = 8 <0.000028>
20227 15:10:30.700672 open("/lib/libc.so.6", O_RDONLY|O_CLOEXEC) = 8 <0.000030>
20227 15:10:30.702458 stat64("/run/cips", {st_dev=makedev(0, 20), st_ino=3571, st_mode=S_IFDIR|0755, st_nlink=4, st_uid=0, st_gid=0, st_blksize=4096, st_blocks=0, st_size=660, st_atime=2018/09/17-10:50:28, st_mtime=2018/09/18-11:30:43, st_ctime=2018/09/18-11:30:43}) = 0 <0.000025>
20227 15:10:30.702640 stat64(".", {st_dev=makedev(0, 20), st_ino=3571, st_mode=S_IFDIR|0755, st_nlink=4, st_uid=0, st_gid=0, st_blksize=4096, st_blocks=0, st_size=660, st_atime=2018/09/17-10:50:28, st_mtime=2018/09/18-11:30:43, st_ctime=2018/09/18-11:30:43}) = 0 <0.000019>
20227 15:10:30.703501 stat64("/sbin/grep", 0xffc87938) = -1 ENOENT (No such file or directory) <0.000032>
20227 15:10:30.703638 stat64("/usr/sbin/grep", 0xffc87938) = -1 ENOENT (No such file or directory) <0.000020>
20227 15:10:30.703728 stat64("/bin/grep", {st_dev=makedev(1, 0), st_ino=20090, st_mode=S_IFREG|0755, st_nlink=1, st_uid=0, st_gid=0, st_blksize=1024, st_blocks=2146, st_size=1091828, st_atime=2018/09/25-11:28:39, st_mtime=2017/06/14-06:20:59, st_ctime=2017/06/14-06:20:59}) = 0 <0.000032>
20228 15:10:30.704768 +++ exited with 0 +++
20229 15:10:30.704846 execve("/bin/grep", ["grep", "export TZ="], ["RCP_HOST=169.254.13.3", "CONSOLE=/dev/console", "HOME=/run/cips/", "OLDPWD=/home", "runlevel=5", "INIT_VERSION=sysvinit-2.88", "LAUREL_CHASSIS_TYPE=1800", "LAUREL_BOARD_CATEGORY=fcp", "TERM=linux", "PATH=/sbin:/usr/sbin:/bin:/usr/bin:/sbin", "RUNLEVEL=5", "PREVLEVEL=N", "SHELL=/bin/sh", "DPP_DB_PATH=/run/cips/db/", "LAUREL_CHASSIS_TARGET=magnum", "LC_ALL=C", "PWD=/run/cips", "previous=N", "BCM_CONFIG_FILE=/run/cips/config-sand.bcm", "VERBOSE=no"] <unfinished ...>
20227 15:10:30.705095 --- SIGCHLD {si_signo=SIGCHLD, si_code=CLD_EXITED, si_pid=20228, si_status=0, si_utime=0, si_stime=0} ---
20229 15:10:30.705422 <... execve resumed> ) = 0 <0.000413>
20229 15:10:30.705681 access("/etc/ld.so.preload", R_OK) = -1 ENOENT (No such file or directory) <0.000048>
20229 15:10:30.705851 open("/etc/ld.so.cache", O_RDONLY|O_CLOEXEC) = 8 <0.000045>
20229 15:10:30.706162 open("/lib/libm.so.6", O_RDONLY|O_CLOEXEC) = 8 <0.000032>
20229 15:10:30.706563 open("/lib/libc.so.6", O_RDONLY|O_CLOEXEC) = 8 <0.000030>
20229 15:10:30.708865 +++ exited with 1 +++
20227 15:10:30.708949 --- SIGCHLD {si_signo=SIGCHLD, si_code=CLD_EXITED, si_pid=20229, si_status=1, si_utime=0, si_stime=0} ---
20227 15:10:30.709306 +++ exited with 1 +++
2463  15:10:30.709419 --- SIGCHLD {si_signo=SIGCHLD, si_code=CLD_EXITED, si_pid=20227, si_status=1, si_utime=0, si_stime=5} ---
3293  15:10:30.724669 stat64("/etc/localtime", {st_dev=makedev(1, 0), st_ino=30625, st_mode=S_IFREG|0755, st_nlink=1, st_uid=0, st_gid=0, st_blksize=1024, st_blocks=2, st_size=118, st_atime=2018/09/25-15:08:53, st_mtime=2018/06/02-04:57:29, st_ctime=2018/06/02-04:57:29}) = 0 <0.000062>
2396  15:10:31.067189 lstat64("/run/CIPS1T_Cfg.bin", {st_dev=makedev(0, 20), st_ino=811, st_mode=S_IFREG|0644, st_nlink=1, st_uid=0, st_gid=0, st_blksize=4096, st_blocks=8, st_size=1004, st_atime=2018/09/25-15:10:27, st_mtime=2018/09/18-11:28:36, st_ctime=2018/09/18-11:28:36}) = 0 <0.000047>
2396  15:10:31.067450 open("/run/CIPS1T_Cfg.bin", O_RDONLY) = 100 <0.000049>
2397  15:10:31.292299 access("/home/root/BindingDb.txt", F_OK) = 0 <0.000048>
2390  15:10:31.302521 open("/dev/cpugpio", O_RDWR <unfinished ...>
20230 15:10:31.329252 execve("/bin/sh", ["sh", "-c", "cp /home/root/BindingDb.txt /mnt"], ["CONSOLE=/dev/console", "OLDPWD=/home", "HOME=/run/cips/", "runlevel=5", "INIT_VERSION=sysvinit-2.88", "TERM=linux", "PATH=/sbin:/usr/sbin:/bin:/usr/bin:/sbin", "RUNLEVEL=5", "PREVLEVEL=N", "SHELL=/bin/sh", "previous=N", "PWD=/run/cips", "BCM_CONFIG_FILE=/run/cips/config-sand.bcm", "VERBOSE=no", "LAUREL_CHASSIS_TARGET=magnum", "LAUREL_CHASSIS_TYPE=1800", "LAUREL_BOARD_CATEGORY=fcp", "RCP_HOST=169.254.13.3", "LC_ALL=C", "DPP_DB_PATH=/run/cips/db/"]) = 0 <0.052349>
20230 15:10:31.382084 access("/etc/ld.so.preload", R_OK) = -1 ENOENT (No such file or directory) <0.000035>
20230 15:10:31.382320 open("/etc/ld.so.cache", O_RDONLY|O_CLOEXEC) = 8 <0.000030>
20230 15:10:31.382684 open("/lib/libm.so.6", O_RDONLY|O_CLOEXEC) = 8 <0.000044>
20230 15:10:31.383248 open("/lib/libc.so.6", O_RDONLY|O_CLOEXEC) = 8 <0.000040>
20230 15:10:31.385457 stat64("/run/cips", {st_dev=makedev(0, 20), st_ino=3571, st_mode=S_IFDIR|0755, st_nlink=4, st_uid=0, st_gid=0, st_blksize=4096, st_blocks=0, st_size=660, st_atime=2018/09/17-10:50:28, st_mtime=2018/09/18-11:30:43, st_ctime=2018/09/18-11:30:43}) = 0 <0.000046>
20230 15:10:31.385661 stat64(".", {st_dev=makedev(0, 20), st_ino=3571, st_mode=S_IFDIR|0755, st_nlink=4, st_uid=0, st_gid=0, st_blksize=4096, st_blocks=0, st_size=660, st_atime=2018/09/17-10:50:28, st_mtime=2018/09/18-11:30:43, st_ctime=2018/09/18-11:30:43}) = 0 <0.000046>
20230 15:10:31.386307 stat64("/sbin/cp", 0xffdab888) = -1 ENOENT (No such file or directory) <0.000027>
20230 15:10:31.386424 stat64("/usr/sbin/cp", 0xffdab888) = -1 ENOENT (No such file or directory) <0.000039>
20230 15:10:31.386546 stat64("/bin/cp", {st_dev=makedev(1, 0), st_ino=20090, st_mode=S_IFREG|0755, st_nlink=1, st_uid=0, st_gid=0, st_blksize=1024, st_blocks=2146, st_size=1091828, st_atime=2018/09/25-11:28:39, st_mtime=2017/06/14-06:20:59, st_ctime=2017/06/14-06:20:59}) = 0 <0.000038>
20231 15:10:31.387293 execve("/bin/cp", ["cp", "/home/root/BindingDb.txt", "/mnt"], ["RCP_HOST=169.254.13.3", "CONSOLE=/dev/console", "HOME=/run/cips/", "OLDPWD=/home", "runlevel=5", "INIT_VERSION=sysvinit-2.88", "LAUREL_CHASSIS_TYPE=1800", "LAUREL_BOARD_CATEGORY=fcp", "TERM=linux", "PATH=/sbin:/usr/sbin:/bin:/usr/bin:/sbin", "RUNLEVEL=5", "PREVLEVEL=N", "SHELL=/bin/sh", "DPP_DB_PATH=/run/cips/db/", "LAUREL_CHASSIS_TARGET=magnum", "LC_ALL=C", "PWD=/run/cips", "previous=N", "BCM_CONFIG_FILE=/run/cips/config-sand.bcm", "VERBOSE=no"]) = 0 <0.000429>
20231 15:10:31.388170 access("/etc/ld.so.preload", R_OK) = -1 ENOENT (No such file or directory) <0.000034>
20231 15:10:31.388321 open("/etc/ld.so.cache", O_RDONLY|O_CLOEXEC) = 8 <0.000096>
20231 15:10:31.388728 open("/lib/libm.so.6", O_RDONLY|O_CLOEXEC) = 8 <0.000034>
20231 15:10:31.389173 open("/lib/libc.so.6", O_RDONLY|O_CLOEXEC) = 8 <0.000031>
20231 15:10:31.390645 stat64("/home/root/BindingDb.txt", {st_dev=makedev(1, 0), st_ino=44005, st_mode=S_IFREG|0755, st_nlink=1, st_uid=0, st_gid=0, st_blksize=1024, st_blocks=0, st_size=0, st_atime=2018/09/24-16:38:19, st_mtime=2018/09/19-16:38:12, st_ctime=2018/09/19-16:38:12}) = 0 <0.000025>
20231 15:10:31.390821 stat64("/mnt", {st_dev=makedev(0, 22), st_ino=20482, st_mode=S_IFDIR|0777, st_nlink=3, st_uid=0, st_gid=0, st_blksize=1048576, st_blocks=8, st_size=4096, st_atime=2018/09/18-11:10:04, st_mtime=2018/09/25-15:10:23, st_ctime=2018/09/25-15:10:23}) = 0 <0.000023>
20231 15:10:31.391078 stat64("/home/root/BindingDb.txt", {st_dev=makedev(1, 0), st_ino=44005, st_mode=S_IFREG|0755, st_nlink=1, st_uid=0, st_gid=0, st_blksize=1024, st_blocks=0, st_size=0, st_atime=2018/09/24-16:38:19, st_mtime=2018/09/19-16:38:12, st_ctime=2018/09/19-16:38:12}) = 0 <0.000022>
20231 15:10:31.391233 lstat64("/mnt/BindingDb.txt", {st_dev=makedev(0, 22), st_ino=20484, st_mode=S_IFREG|0755, st_nlink=1, st_uid=0, st_gid=0, st_blksize=1048576, st_blocks=0, st_size=0, st_atime=2018/09/25-15:10:23, st_mtime=2018/09/25-15:10:23, st_ctime=2018/09/25-15:10:23}) = 0 <0.000551>
20231 15:10:31.392002 open("/home/root/BindingDb.txt", O_RDONLY|O_LARGEFILE) = 8 <0.000066>
20231 15:10:31.392148 open("/mnt/BindingDb.txt", O_WRONLY|O_CREAT|O_EXCL|O_LARGEFILE, 0100755) = -1 EEXIST (File exists) <0.000484>
20231 15:10:31.392738 unlink("/mnt/BindingDb.txt") = 0 <0.000516>
20231 15:10:31.393353 open("/mnt/BindingDb.txt", O_WRONLY|O_CREAT|O_EXCL|O_LARGEFILE, 0100755) = 9 <0.044083>
20231 15:10:31.437974 +++ exited with 0 +++
20230 15:10:31.438055 --- SIGCHLD {si_signo=SIGCHLD, si_code=CLD_EXITED, si_pid=20231, si_status=0, si_utime=0, si_stime=0} ---
20230 15:10:31.438415 +++ exited with 0 +++
3283  15:10:31.438539 --- SIGCHLD {si_signo=SIGCHLD, si_code=CLD_EXITED, si_pid=20230, si_status=0, si_utime=0, si_stime=5} ---
3293  15:10:31.725111 stat64("/etc/localtime", {st_dev=makedev(1, 0), st_ino=30625, st_mode=S_IFREG|0755, st_nlink=1, st_uid=0, st_gid=0, st_blksize=1024, st_blocks=2, st_size=118, st_atime=2018/09/25-15:08:53, st_mtime=2018/06/02-04:57:29, st_ctime=2018/06/02-04:57:29}) = 0 <0.000045>
3293  15:10:32.725798 stat64("/etc/localtime", {st_dev=makedev(1, 0), st_ino=30625, st_mode=S_IFREG|0755, st_nlink=1, st_uid=0, st_gid=0, st_blksize=1024, st_blocks=2, st_size=118, st_atime=2018/09/25-15:08:53, st_mtime=2018/06/02-04:57:29, st_ctime=2018/06/02-04:57:29}) = 0 <0.000042>
20232 15:10:32.779738 execve("/bin/sh", ["sh", "-c", "ftpput 169.254.6.5 -u root  -p root  /BindingDb.txt /home/root/BindingDb.txt"], ["CONSOLE=/dev/console", "OLDPWD=/home", "HOME=/run/cips/", "runlevel=5", "INIT_VERSION=sysvinit-2.88", "TERM=linux", "PATH=/sbin:/usr/sbin:/bin:/usr/bin:/sbin", "RUNLEVEL=5", "PREVLEVEL=N", "SHELL=/bin/sh", "previous=N", "PWD=/run/cips", "BCM_CONFIG_FILE=/run/cips/config-sand.bcm", "VERBOSE=no", "LAUREL_CHASSIS_TARGET=magnum", "LAUREL_CHASSIS_TYPE=1800", "LAUREL_BOARD_CATEGORY=fcp", "RCP_HOST=169.254.13.3", "LC_ALL=C", "DPP_DB_PATH=/run/cips/db/"]) = 0 <0.051436>
20232 15:10:32.831602 access("/etc/ld.so.preload", R_OK) = -1 ENOENT (No such file or directory) <0.000025>
20232 15:10:32.831758 open("/etc/ld.so.cache", O_RDONLY|O_CLOEXEC) = 8 <0.000030>
20232 15:10:32.831959 open("/lib/libm.so.6", O_RDONLY|O_CLOEXEC) = 8 <0.000026>
20232 15:10:32.832329 open("/lib/libc.so.6", O_RDONLY|O_CLOEXEC) = 8 <0.000029>
20232 15:10:32.834122 stat64("/run/cips", {st_dev=makedev(0, 20), st_ino=3571, st_mode=S_IFDIR|0755, st_nlink=4, st_uid=0, st_gid=0, st_blksize=4096, st_blocks=0, st_size=660, st_atime=2018/09/17-10:50:28, st_mtime=2018/09/18-11:30:43, st_ctime=2018/09/18-11:30:43}) = 0 <0.000024>
20232 15:10:32.834302 stat64(".", {st_dev=makedev(0, 20), st_ino=3571, st_mode=S_IFDIR|0755, st_nlink=4, st_uid=0, st_gid=0, st_blksize=4096, st_blocks=0, st_size=660, st_atime=2018/09/17-10:50:28, st_mtime=2018/09/18-11:30:43, st_ctime=2018/09/18-11:30:43}) = 0 <0.000020>
20232 15:10:32.834716 stat64("/sbin/ftpput", 0xfff5cfc8) = -1 ENOENT (No such file or directory) <0.000021>
20232 15:10:32.834808 stat64("/usr/sbin/ftpput", 0xfff5cfc8) = -1 ENOENT (No such file or directory) <0.000019>
20232 15:10:32.834884 stat64("/bin/ftpput", 0xfff5cfc8) = -1 ENOENT (No such file or directory) <0.000018>
20232 15:10:32.834960 stat64("/usr/bin/ftpput", {st_dev=makedev(1, 0), st_ino=20090, st_mode=S_IFREG|0755, st_nlink=1, st_uid=0, st_gid=0, st_blksize=1024, st_blocks=2146, st_size=1091828, st_atime=2018/09/25-11:28:39, st_mtime=2017/06/14-06:20:59, st_ctime=2017/06/14-06:20:59}) = 0 <0.000023>
20233 15:10:32.835851 execve("/usr/bin/ftpput", ["ftpput", "169.254.6.5", "-u", "root", "-p", "root", "/BindingDb.txt", "/home/root/BindingDb.txt"], ["RCP_HOST=169.254.13.3", "CONSOLE=/dev/console", "HOME=/run/cips/", "OLDPWD=/home", "runlevel=5", "INIT_VERSION=sysvinit-2.88", "LAUREL_CHASSIS_TYPE=1800", "LAUREL_BOARD_CATEGORY=fcp", "TERM=linux", "PATH=/sbin:/usr/sbin:/bin:/usr/bin:/sbin", "RUNLEVEL=5", "PREVLEVEL=N", "SHELL=/bin/sh", "DPP_DB_PATH=/run/cips/db/", "LAUREL_CHASSIS_TARGET=magnum", "LC_ALL=C", "PWD=/run/cips", "previous=N", "BCM_CONFIG_FILE=/run/cips/config-sand.bcm", "VERBOSE=no"]) = 0 <0.000336>
20233 15:10:32.836571 access("/etc/ld.so.preload", R_OK) = -1 ENOENT (No such file or directory) <0.000025>
20233 15:10:32.836705 open("/etc/ld.so.cache", O_RDONLY|O_CLOEXEC) = 8 <0.000028>
20233 15:10:32.836899 open("/lib/libm.so.6", O_RDONLY|O_CLOEXEC) = 8 <0.000026>
20233 15:10:32.837306 open("/lib/libc.so.6", O_RDONLY|O_CLOEXEC) = 8 <0.000030>
20233 15:10:32.839221 open("/etc/nsswitch.conf", O_RDONLY|O_CLOEXEC) = 8 <0.000029>
20233 15:10:32.839684 open("/etc/ld.so.cache", O_RDONLY|O_CLOEXEC) = 8 <0.000027>
20233 15:10:32.839883 open("/lib/tls/ppce5500/libnss_db.so.2", O_RDONLY|O_CLOEXEC) = -1 ENOENT (No such file or directory) <0.000022>
20233 15:10:32.839971 stat64("/lib/tls/ppce5500", 0xffa391c8) = -1 ENOENT (No such file or directory) <0.000018>
20233 15:10:32.840048 open("/lib/tls/libnss_db.so.2", O_RDONLY|O_CLOEXEC) = -1 ENOENT (No such file or directory) <0.000020>
20233 15:10:32.840123 stat64("/lib/tls", 0xffa391c8) = -1 ENOENT (No such file or directory) <0.000018>
20233 15:10:32.840197 open("/lib/ppce5500/libnss_db.so.2", O_RDONLY|O_CLOEXEC) = -1 ENOENT (No such file or directory) <0.000020>
20233 15:10:32.840272 stat64("/lib/ppce5500", 0xffa391c8) = -1 ENOENT (No such file or directory) <0.000018>
20233 15:10:32.840347 open("/lib/libnss_db.so.2", O_RDONLY|O_CLOEXEC) = -1 ENOENT (No such file or directory) <0.000020>
20233 15:10:32.840422 stat64("/lib", {st_dev=makedev(1, 0), st_ino=4001, st_mode=S_IFDIR|0755, st_nlink=5, st_uid=0, st_gid=0, st_blksize=1024, st_blocks=4, st_size=2048, st_atime=2018/06/02-04:55:39, st_mtime=2017/06/14-06:21:00, st_ctime=2017/06/14-06:21:00}) = 0 <0.000018>
20233 15:10:32.840547 open("/usr/lib/tls/ppce5500/libnss_db.so.2", O_RDONLY|O_CLOEXEC) = -1 ENOENT (No such file or directory) <0.000021>
20233 15:10:32.840625 stat64("/usr/lib/tls/ppce5500", 0xffa391c8) = -1 ENOENT (No such file or directory) <0.000018>
20233 15:10:32.840701 open("/usr/lib/tls/libnss_db.so.2", O_RDONLY|O_CLOEXEC) = -1 ENOENT (No such file or directory) <0.000038>
20233 15:10:32.840796 stat64("/usr/lib/tls", 0xffa391c8) = -1 ENOENT (No such file or directory) <0.000018>
20233 15:10:32.840871 open("/usr/lib/ppce5500/libnss_db.so.2", O_RDONLY|O_CLOEXEC) = -1 ENOENT (No such file or directory) <0.000020>
20233 15:10:32.840947 stat64("/usr/lib/ppce5500", 0xffa391c8) = -1 ENOENT (No such file or directory) <0.000019>
20233 15:10:32.841074 open("/usr/lib/libnss_db.so.2", O_RDONLY|O_CLOEXEC) = -1 ENOENT (No such file or directory) <0.000023>
20233 15:10:32.841161 stat64("/usr/lib", {st_dev=makedev(1, 0), st_ino=28304, st_mode=S_IFDIR|0755, st_nlink=7, st_uid=0, st_gid=0, st_blksize=1024, st_blocks=2, st_size=1024, st_atime=2017/06/14-06:21:02, st_mtime=2018/09/18-11:28:47, st_ctime=2018/09/18-11:28:47}) = 0 <0.000020>
20233 15:10:32.841369 open("/etc/ld.so.cache", O_RDONLY|O_CLOEXEC) = 8 <0.000025>
20233 15:10:32.841564 open("/lib/libnss_files.so.2", O_RDONLY|O_CLOEXEC) = 8 <0.000027>
20233 15:10:32.842088 open("/etc/services", O_RDONLY|O_CLOEXEC) = 8 <0.000026>
20233 15:10:32.847936 open("/home/root/BindingDb.txt", O_RDONLY|O_LARGEFILE) = 10 <0.000033>
20233 15:10:32.851000 +++ exited with 0 +++
20232 15:10:32.851085 --- SIGCHLD {si_signo=SIGCHLD, si_code=CLD_EXITED, si_pid=20233, si_status=0, si_utime=0, si_stime=0} ---
20232 15:10:32.851433 +++ exited with 0 +++
3296  15:10:32.851563 --- SIGCHLD {si_signo=SIGCHLD, si_code=CLD_EXITED, si_pid=20232, si_status=0, si_utime=0, si_stime=5} ---
2396  15:10:33.143388 open("/dev/i2c_info", O_RDWR) = 103 <0.000068>
2390  15:10:33.143744 <... open resumed> ) = 100 <1.814833>
3226  15:10:33.441418 open("/var/log/proto.log", O_WRONLY|O_CREAT|O_APPEND, 0666) = 100 <0.000054>
3293  15:10:33.726188 stat64("/etc/localtime", {st_dev=makedev(1, 0), st_ino=30625, st_mode=S_IFREG|0755, st_nlink=1, st_uid=0, st_gid=0, st_blksize=1024, st_blocks=2, st_size=118, st_atime=2018/09/25-15:08:53, st_mtime=2018/06/02-04:57:29, st_ctime=2018/06/02-04:57:29}) = 0 <0.000030>
2396  15:10:33.758831 open("/dev/cpugpio", O_RDWR) = 100 <0.000097>
2396  15:10:33.759333 open("/dev/i2c_info", O_RDWR) = 100 <0.002302>
3293  15:10:34.726499 stat64("/etc/localtime", {st_dev=makedev(1, 0), st_ino=30625, st_mode=S_IFREG|0755, st_nlink=1, st_uid=0, st_gid=0, st_blksize=1024, st_blocks=2, st_size=118, st_atime=2018/09/25-15:08:53, st_mtime=2018/06/02-04:57:29, st_ctime=2018/06/02-04:57:29}) = 0 <0.000029>
2390  15:10:35.268911 open("/dev/cpugpio", O_RDWR) = 103 <0.000365>
2396  15:10:35.280929 open("/dev/i2c_info", O_RDWR) = 100 <0.000105>
3293  15:10:35.729322 stat64("/etc/localtime", {st_dev=makedev(1, 0), st_ino=30625, st_mode=S_IFREG|0755, st_nlink=1, st_uid=0, st_gid=0, st_blksize=1024, st_blocks=2, st_size=118, st_atime=2018/09/25-15:08:53, st_mtime=2018/06/02-04:57:29, st_ctime=2018/06/02-04:57:29}) = 0 <0.000029>
2396  15:10:35.994494 open("/var/run/maxTxL3vpn", O_RDONLY) = 100 <0.000051>
20234 15:10:36.041056 execve("/bin/sh", ["sh", "-c", "export | grep \"export TZ=\""], ["CONSOLE=/dev/console", "OLDPWD=/home", "HOME=/run/cips/", "runlevel=5", "INIT_VERSION=sysvinit-2.88", "TERM=linux", "PATH=/sbin:/usr/sbin:/bin:/usr/bin:/sbin", "RUNLEVEL=5", "PREVLEVEL=N", "SHELL=/bin/sh", "previous=N", "PWD=/run/cips", "BCM_CONFIG_FILE=/run/cips/config-sand.bcm", "VERBOSE=no", "LAUREL_CHASSIS_TARGET=magnum", "LAUREL_CHASSIS_TYPE=1800", "LAUREL_BOARD_CATEGORY=fcp", "RCP_HOST=169.254.13.3", "LC_ALL=C", "DPP_DB_PATH=/run/cips/db/"]) = 0 <0.050008>
20234 15:10:36.091502 access("/etc/ld.so.preload", R_OK) = -1 ENOENT (No such file or directory) <0.000026>
20234 15:10:36.091657 open("/etc/ld.so.cache", O_RDONLY|O_CLOEXEC) = 8 <0.000027>
20234 15:10:36.091853 open("/lib/libm.so.6", O_RDONLY|O_CLOEXEC) = 8 <0.000028>
20234 15:10:36.092227 open("/lib/libc.so.6", O_RDONLY|O_CLOEXEC) = 8 <0.000029>
20234 15:10:36.093999 stat64("/run/cips", {st_dev=makedev(0, 20), st_ino=3571, st_mode=S_IFDIR|0755, st_nlink=4, st_uid=0, st_gid=0, st_blksize=4096, st_blocks=0, st_size=660, st_atime=2018/09/17-10:50:28, st_mtime=2018/09/18-11:30:43, st_ctime=2018/09/18-11:30:43}) = 0 <0.000025>
20234 15:10:36.094180 stat64(".", {st_dev=makedev(0, 20), st_ino=3571, st_mode=S_IFDIR|0755, st_nlink=4, st_uid=0, st_gid=0, st_blksize=4096, st_blocks=0, st_size=660, st_atime=2018/09/17-10:50:28, st_mtime=2018/09/18-11:30:43, st_ctime=2018/09/18-11:30:43}) = 0 <0.000020>
20234 15:10:36.095127 stat64("/sbin/grep", 0xffc5b4e8) = -1 ENOENT (No such file or directory) <0.000032>
20234 15:10:36.095280 stat64("/usr/sbin/grep", 0xffc5b4e8) = -1 ENOENT (No such file or directory) <0.000028>
20234 15:10:36.095376 stat64("/bin/grep", {st_dev=makedev(1, 0), st_ino=20090, st_mode=S_IFREG|0755, st_nlink=1, st_uid=0, st_gid=0, st_blksize=1024, st_blocks=2146, st_size=1091828, st_atime=2018/09/25-11:28:39, st_mtime=2017/06/14-06:20:59, st_ctime=2017/06/14-06:20:59}) = 0 <0.000031>
20235 15:10:36.096460 +++ exited with 0 +++
20234 15:10:36.096569 --- SIGCHLD {si_signo=SIGCHLD, si_code=CLD_EXITED, si_pid=20235, si_status=0, si_utime=0, si_stime=0} ---
20236 15:10:36.096661 execve("/bin/grep", ["grep", "export TZ="], ["RCP_HOST=169.254.13.3", "CONSOLE=/dev/console", "HOME=/run/cips/", "OLDPWD=/home", "runlevel=5", "INIT_VERSION=sysvinit-2.88", "LAUREL_CHASSIS_TYPE=1800", "LAUREL_BOARD_CATEGORY=fcp", "TERM=linux", "PATH=/sbin:/usr/sbin:/bin:/usr/bin:/sbin", "RUNLEVEL=5", "PREVLEVEL=N", "SHELL=/bin/sh", "DPP_DB_PATH=/run/cips/db/", "LAUREL_CHASSIS_TARGET=magnum", "LC_ALL=C", "PWD=/run/cips", "previous=N", "BCM_CONFIG_FILE=/run/cips/config-sand.bcm", "VERBOSE=no"]) = 0 <0.000377>
20236 15:10:36.097368 access("/etc/ld.so.preload", R_OK) = -1 ENOENT (No such file or directory) <0.000024>
20236 15:10:36.097504 open("/etc/ld.so.cache", O_RDONLY|O_CLOEXEC) = 8 <0.000029>
20236 15:10:36.097697 open("/lib/libm.so.6", O_RDONLY|O_CLOEXEC) = 8 <0.000027>
20236 15:10:36.098059 open("/lib/libc.so.6", O_RDONLY|O_CLOEXEC) = 8 <0.000029>
20236 15:10:36.100154 +++ exited with 1 +++
20234 15:10:36.100267 --- SIGCHLD {si_signo=SIGCHLD, si_code=CLD_EXITED, si_pid=20236, si_status=1, si_utime=0, si_stime=0} ---
20234 15:10:36.100706 +++ exited with 1 +++
3321  15:10:36.100814 --- SIGCHLD {si_signo=SIGCHLD, si_code=CLD_EXITED, si_pid=20234, si_status=1, si_utime=0, si_stime=5} ---
3293  15:10:36.729650 stat64("/etc/localtime", {st_dev=makedev(1, 0), st_ino=30625, st_mode=S_IFREG|0755, st_nlink=1, st_uid=0, st_gid=0, st_blksize=1024, st_blocks=2, st_size=118, st_atime=2018/09/25-15:08:53, st_mtime=2018/06/02-04:57:29, st_ctime=2018/06/02-04:57:29}) = 0 <0.000029>
2396  15:10:37.543548 lstat64("/run/CIPS1T_Cfg.bin", {st_dev=makedev(0, 20), st_ino=811, st_mode=S_IFREG|0644, st_nlink=1, st_uid=0, st_gid=0, st_blksize=4096, st_blocks=8, st_size=1004, st_atime=2018/09/25-15:10:31, st_mtime=2018/09/18-11:28:36, st_ctime=2018/09/18-11:28:36}) = 0 <0.001868>
2396  15:10:37.545679 open("/run/CIPS1T_Cfg.bin", O_RDONLY) = 100 <0.000075>
2390  15:10:37.547617 open("/dev/cpugpio", O_RDWR) = 100 <0.000054>
2392  15:10:37.550283 open("/dev/mdio_info", O_RDWR) = 100 <0.001698>
3226  15:10:37.595811 open("/var/log/proto.log", O_WRONLY|O_CREAT|O_APPEND, 0666) = 103 <0.000058>
2396  15:10:37.694914 open("/dev/i2c_info", O_RDWR) = 100 <0.000491>
3293  15:10:37.729967 stat64("/etc/localtime", {st_dev=makedev(1, 0), st_ino=30625, st_mode=S_IFREG|0755, st_nlink=1, st_uid=0, st_gid=0, st_blksize=1024, st_blocks=2, st_size=118, st_atime=2018/09/25-15:08:53, st_mtime=2018/06/02-04:57:29, st_ctime=2018/06/02-04:57:29}) = 0 <0.000032>
2390  15:10:38.586484 open("/dev/cpugpio", O_RDWR <unfinished ...>
3293  15:10:38.730305 stat64("/etc/localtime", {st_dev=makedev(1, 0), st_ino=30625, st_mode=S_IFREG|0755, st_nlink=1, st_uid=0, st_gid=0, st_blksize=1024, st_blocks=2, st_size=118, st_atime=2018/09/25-15:08:53, st_mtime=2018/06/02-04:57:29, st_ctime=2018/06/02-04:57:29}) = 0 <0.000031>
3293  15:10:39.730650 stat64("/etc/localtime", {st_dev=makedev(1, 0), st_ino=30625, st_mode=S_IFREG|0755, st_nlink=1, st_uid=0, st_gid=0, st_blksize=1024, st_blocks=2, st_size=118, st_atime=2018/09/25-15:08:53, st_mtime=2018/06/02-04:57:29, st_ctime=2018/06/02-04:57:29}) = 0 <0.000068>
2396  15:10:39.931620 open("/dev/cpugpio", O_RDWR) = 103 <0.000041>
2396  15:10:39.932193 open("/dev/i2c_info", O_RDWR) = 103 <0.000025>
2390  15:10:39.932540 <... open resumed> ) = 100 <1.345972>
2396  15:10:39.953973 open("/dev/i2c_info", O_RDWR) = 100 <0.000067>
2396  15:10:40.261439 open("/var/run/maxTxL3vpn", O_RDONLY) = 100 <0.000063>
20237 15:10:40.303718 execve("/bin/sh", ["sh", "-c", "export | grep \"export TZ=\""], ["CONSOLE=/dev/console", "OLDPWD=/home", "HOME=/run/cips/", "runlevel=5", "INIT_VERSION=sysvinit-2.88", "TERM=linux", "PATH=/sbin:/usr/sbin:/bin:/usr/bin:/sbin", "RUNLEVEL=5", "PREVLEVEL=N", "SHELL=/bin/sh", "previous=N", "PWD=/run/cips", "BCM_CONFIG_FILE=/run/cips/config-sand.bcm", "VERBOSE=no", "LAUREL_CHASSIS_TARGET=magnum", "LAUREL_CHASSIS_TYPE=1800", "LAUREL_BOARD_CATEGORY=fcp", "RCP_HOST=169.254.13.3", "LC_ALL=C", "DPP_DB_PATH=/run/cips/db/"]) = 0 <0.050774>
20237 15:10:40.354924 access("/etc/ld.so.preload", R_OK) = -1 ENOENT (No such file or directory) <0.000025>
20237 15:10:40.355079 open("/etc/ld.so.cache", O_RDONLY|O_CLOEXEC) = 8 <0.000030>
20237 15:10:40.355278 open("/lib/libm.so.6", O_RDONLY|O_CLOEXEC) = 8 <0.000028>
20237 15:10:40.355685 open("/lib/libc.so.6", O_RDONLY|O_CLOEXEC) = 8 <0.000031>
20237 15:10:40.357470 stat64("/run/cips", {st_dev=makedev(0, 20), st_ino=3571, st_mode=S_IFDIR|0755, st_nlink=4, st_uid=0, st_gid=0, st_blksize=4096, st_blocks=0, st_size=660, st_atime=2018/09/17-10:50:28, st_mtime=2018/09/18-11:30:43, st_ctime=2018/09/18-11:30:43}) = 0 <0.000025>
20237 15:10:40.357651 stat64(".", {st_dev=makedev(0, 20), st_ino=3571, st_mode=S_IFDIR|0755, st_nlink=4, st_uid=0, st_gid=0, st_blksize=4096, st_blocks=0, st_size=660, st_atime=2018/09/17-10:50:28, st_mtime=2018/09/18-11:30:43, st_ctime=2018/09/18-11:30:43}) = 0 <0.000019>
20237 15:10:40.358597 stat64("/sbin/grep", 0xff9ab7e8) = -1 ENOENT (No such file or directory) <0.000035>
20237 15:10:40.358785 stat64("/usr/sbin/grep", 0xff9ab7e8) = -1 ENOENT (No such file or directory) <0.000030>
20237 15:10:40.358892 stat64("/bin/grep", {st_dev=makedev(1, 0), st_ino=20090, st_mode=S_IFREG|0755, st_nlink=1, st_uid=0, st_gid=0, st_blksize=1024, st_blocks=2146, st_size=1091828, st_atime=2018/09/25-11:28:39, st_mtime=2017/06/14-06:20:59, st_ctime=2017/06/14-06:20:59}) = 0 <0.000033>
20239 15:10:40.360006 execve("/bin/grep", ["grep", "export TZ="], ["RCP_HOST=169.254.13.3", "CONSOLE=/dev/console", "HOME=/run/cips/", "OLDPWD=/home", "runlevel=5", "INIT_VERSION=sysvinit-2.88", "LAUREL_CHASSIS_TYPE=1800", "LAUREL_BOARD_CATEGORY=fcp", "TERM=linux", "PATH=/sbin:/usr/sbin:/bin:/usr/bin:/sbin", "RUNLEVEL=5", "PREVLEVEL=N", "SHELL=/bin/sh", "DPP_DB_PATH=/run/cips/db/", "LAUREL_CHASSIS_TARGET=magnum", "LC_ALL=C", "PWD=/run/cips", "previous=N", "BCM_CONFIG_FILE=/run/cips/config-sand.bcm", "VERBOSE=no"] <unfinished ...>
20238 15:10:40.360175 +++ exited with 0 +++
20237 15:10:40.360244 --- SIGCHLD {si_signo=SIGCHLD, si_code=CLD_EXITED, si_pid=20238, si_status=0, si_utime=0, si_stime=0} ---
20239 15:10:40.360560 <... execve resumed> ) = 0 <0.000397>
20239 15:10:40.360889 access("/etc/ld.so.preload", R_OK) = -1 ENOENT (No such file or directory) <0.000025>
20239 15:10:40.361061 open("/etc/ld.so.cache", O_RDONLY|O_CLOEXEC) = 8 <0.000037>
20239 15:10:40.361306 open("/lib/libm.so.6", O_RDONLY|O_CLOEXEC) = 8 <0.000028>
20239 15:10:40.361682 open("/lib/libc.so.6", O_RDONLY|O_CLOEXEC) = 8 <0.000029>
20239 15:10:40.363894 +++ exited with 1 +++
20237 15:10:40.363977 --- SIGCHLD {si_signo=SIGCHLD, si_code=CLD_EXITED, si_pid=20239, si_status=1, si_utime=0, si_stime=0} ---
20237 15:10:40.364294 +++ exited with 1 +++
3298  15:10:40.364374 --- SIGCHLD {si_signo=SIGCHLD, si_code=CLD_EXITED, si_pid=20237, si_status=1, si_utime=0, si_stime=5} ---
