2390  15:09:10.465953 open("/dev/cpugpio", O_RDWR) = 100 <0.000107>
2396  15:09:10.804574 open("/dev/cpugpio", O_RDWR) = 100 <0.000054>
2396  15:09:10.804877 open("/dev/i2c_info", O_RDWR) = 100 <0.000044>
3293  15:09:11.013143 stat64("/etc/localtime", {st_dev=makedev(1, 0), st_ino=30625, st_mode=S_IFREG|0755, st_nlink=1, st_uid=0, st_gid=0, st_blksize=1024, st_blocks=2, st_size=118, st_atime=2018/09/25-15:08:53, st_mtime=2018/06/02-04:57:29, st_ctime=2018/06/02-04:57:29}) = 0 <0.000034>
3226  15:09:11.265232 open("/var/log/proto.log", O_WRONLY|O_CREAT|O_APPEND, 0666) = 100 <0.015376>
3293  15:09:12.013513 stat64("/etc/localtime", {st_dev=makedev(1, 0), st_ino=30625, st_mode=S_IFREG|0755, st_nlink=1, st_uid=0, st_gid=0, st_blksize=1024, st_blocks=2, st_size=118, st_atime=2018/09/25-15:08:53, st_mtime=2018/06/02-04:57:29, st_ctime=2018/06/02-04:57:29}) = 0 <0.000032>
2397  15:09:12.957756 access("/home/root/BindingDb.txt", F_OK <unfinished ...>
3293  15:09:13.013908 stat64("/etc/localtime", {st_dev=makedev(1, 0), st_ino=30625, st_mode=S_IFREG|0755, st_nlink=1, st_uid=0, st_gid=0, st_blksize=1024, st_blocks=2, st_size=118, st_atime=2018/09/25-15:08:53, st_mtime=2018/06/02-04:57:29, st_ctime=2018/06/02-04:57:29}) = 0 <0.000076>
2397  15:09:13.156241 <... access resumed> ) = 0 <0.198374>
20122 15:09:13.193054 execve("/bin/sh", ["sh", "-c", "cp /home/root/BindingDb.txt /mnt"], ["CONSOLE=/dev/console", "OLDPWD=/home", "HOME=/run/cips/", "runlevel=5", "INIT_VERSION=sysvinit-2.88", "TERM=linux", "PATH=/sbin:/usr/sbin:/bin:/usr/bin:/sbin", "RUNLEVEL=5", "PREVLEVEL=N", "SHELL=/bin/sh", "previous=N", "PWD=/run/cips", "BCM_CONFIG_FILE=/run/cips/config-sand.bcm", "VERBOSE=no", "LAUREL_CHASSIS_TARGET=magnum", "LAUREL_CHASSIS_TYPE=1800", "LAUREL_BOARD_CATEGORY=fcp", "RCP_HOST=169.254.13.3", "LC_ALL=C", "DPP_DB_PATH=/run/cips/db/"]) = 0 <0.052251>
20122 15:09:13.245833 access("/etc/ld.so.preload", R_OK) = -1 ENOENT (No such file or directory) <0.000049>
20122 15:09:13.246046 open("/etc/ld.so.cache", O_RDONLY|O_CLOEXEC) = 8 <0.000042>
20122 15:09:13.246377 open("/lib/libm.so.6", O_RDONLY|O_CLOEXEC) = 8 <0.000030>
20122 15:09:13.246796 open("/lib/libc.so.6", O_RDONLY|O_CLOEXEC) = 8 <0.000033>
20122 15:09:13.248528 stat64("/run/cips", {st_dev=makedev(0, 20), st_ino=3571, st_mode=S_IFDIR|0755, st_nlink=4, st_uid=0, st_gid=0, st_blksize=4096, st_blocks=0, st_size=660, st_atime=2018/09/17-10:50:28, st_mtime=2018/09/18-11:30:43, st_ctime=2018/09/18-11:30:43}) = 0 <0.000025>
20122 15:09:13.248706 stat64(".", {st_dev=makedev(0, 20), st_ino=3571, st_mode=S_IFDIR|0755, st_nlink=4, st_uid=0, st_gid=0, st_blksize=4096, st_blocks=0, st_size=660, st_atime=2018/09/17-10:50:28, st_mtime=2018/09/18-11:30:43, st_ctime=2018/09/18-11:30:43}) = 0 <0.000019>
20122 15:09:13.249154 stat64("/sbin/cp", 0xffd9b368) = -1 ENOENT (No such file or directory) <0.000021>
20122 15:09:13.249259 stat64("/usr/sbin/cp", 0xffd9b368) = -1 ENOENT (No such file or directory) <0.000019>
20122 15:09:13.249337 stat64("/bin/cp", {st_dev=makedev(1, 0), st_ino=20090, st_mode=S_IFREG|0755, st_nlink=1, st_uid=0, st_gid=0, st_blksize=1024, st_blocks=2146, st_size=1091828, st_atime=2018/09/25-11:28:39, st_mtime=2017/06/14-06:20:59, st_ctime=2017/06/14-06:20:59}) = 0 <0.000024>
20123 15:09:13.250152 execve("/bin/cp", ["cp", "/home/root/BindingDb.txt", "/mnt"], ["RCP_HOST=169.254.13.3", "CONSOLE=/dev/console", "HOME=/run/cips/", "OLDPWD=/home", "runlevel=5", "INIT_VERSION=sysvinit-2.88", "LAUREL_CHASSIS_TYPE=1800", "LAUREL_BOARD_CATEGORY=fcp", "TERM=linux", "PATH=/sbin:/usr/sbin:/bin:/usr/bin:/sbin", "RUNLEVEL=5", "PREVLEVEL=N", "SHELL=/bin/sh", "DPP_DB_PATH=/run/cips/db/", "LAUREL_CHASSIS_TARGET=magnum", "LC_ALL=C", "PWD=/run/cips", "previous=N", "BCM_CONFIG_FILE=/run/cips/config-sand.bcm", "VERBOSE=no"]) = 0 <0.000335>
20123 15:09:13.250864 access("/etc/ld.so.preload", R_OK) = -1 ENOENT (No such file or directory) <0.000025>
20123 15:09:13.251005 open("/etc/ld.so.cache", O_RDONLY|O_CLOEXEC) = 8 <0.000029>
20123 15:09:13.251203 open("/lib/libm.so.6", O_RDONLY|O_CLOEXEC) = 8 <0.000028>
20123 15:09:13.251673 open("/lib/libc.so.6", O_RDONLY|O_CLOEXEC) = 8 <0.000033>
20123 15:09:13.253214 stat64("/home/root/BindingDb.txt", {st_dev=makedev(1, 0), st_ino=44005, st_mode=S_IFREG|0755, st_nlink=1, st_uid=0, st_gid=0, st_blksize=1024, st_blocks=0, st_size=0, st_atime=2018/09/24-16:38:19, st_mtime=2018/09/19-16:38:12, st_ctime=2018/09/19-16:38:12}) = 0 <0.000024>
20123 15:09:13.253392 stat64("/mnt", {st_dev=makedev(0, 22), st_ino=20482, st_mode=S_IFDIR|0777, st_nlink=3, st_uid=0, st_gid=0, st_blksize=1048576, st_blocks=8, st_size=4096, st_atime=2018/09/18-11:10:04, st_mtime=2018/09/25-15:09:07, st_ctime=2018/09/25-15:09:07}) = 0 <0.000023>
20123 15:09:13.253648 stat64("/home/root/BindingDb.txt", {st_dev=makedev(1, 0), st_ino=44005, st_mode=S_IFREG|0755, st_nlink=1, st_uid=0, st_gid=0, st_blksize=1024, st_blocks=0, st_size=0, st_atime=2018/09/24-16:38:19, st_mtime=2018/09/19-16:38:12, st_ctime=2018/09/19-16:38:12}) = 0 <0.000022>
20123 15:09:13.253786 lstat64("/mnt/BindingDb.txt", {st_dev=makedev(0, 22), st_ino=20484, st_mode=S_IFREG|0755, st_nlink=1, st_uid=0, st_gid=0, st_blksize=1048576, st_blocks=0, st_size=0, st_atime=2018/09/25-15:09:07, st_mtime=2018/09/25-15:09:07, st_ctime=2018/09/25-15:09:07}) = 0 <0.000626>
20123 15:09:13.254590 open("/home/root/BindingDb.txt", O_RDONLY|O_LARGEFILE) = 8 <0.000032>
20123 15:09:13.254707 open("/mnt/BindingDb.txt", O_WRONLY|O_CREAT|O_EXCL|O_LARGEFILE, 0100755) = -1 EEXIST (File exists) <0.000524>
20123 15:09:13.255341 unlink("/mnt/BindingDb.txt") = 0 <0.000542>
20123 15:09:13.256014 open("/mnt/BindingDb.txt", O_WRONLY|O_CREAT|O_EXCL|O_LARGEFILE, 0100755 <unfinished ...>
2390  15:09:13.276096 open("/dev/cpugpio", O_RDWR) = 103 <0.000096>
2392  15:09:13.284447 open("/dev/mdio_info", O_RDWR) = 100 <0.000077>
2396  15:09:13.339169 open("/dev/i2c_info", O_RDWR) = 100 <0.003420>
20123 15:09:13.397245 <... open resumed> ) = 9 <0.141173>
20123 15:09:13.397802 +++ exited with 0 +++
20122 15:09:13.397877 --- SIGCHLD {si_signo=SIGCHLD, si_code=CLD_EXITED, si_pid=20123, si_status=0, si_utime=0, si_stime=0} ---
20122 15:09:13.398275 +++ exited with 0 +++
27200 15:09:13.398360 --- SIGCHLD {si_signo=SIGCHLD, si_code=CLD_EXITED, si_pid=20122, si_status=0, si_utime=0, si_stime=5} ---
20124 15:09:13.438998 execve("/bin/sh", ["sh", "-c", "ftpput 169.254.6.5 -u root  -p root  /BindingDb.txt /home/root/BindingDb.txt"], ["CONSOLE=/dev/console", "OLDPWD=/home", "HOME=/run/cips/", "runlevel=5", "INIT_VERSION=sysvinit-2.88", "TERM=linux", "PATH=/sbin:/usr/sbin:/bin:/usr/bin:/sbin", "RUNLEVEL=5", "PREVLEVEL=N", "SHELL=/bin/sh", "previous=N", "PWD=/run/cips", "BCM_CONFIG_FILE=/run/cips/config-sand.bcm", "VERBOSE=no", "LAUREL_CHASSIS_TARGET=magnum", "LAUREL_CHASSIS_TYPE=1800", "LAUREL_BOARD_CATEGORY=fcp", "RCP_HOST=169.254.13.3", "LC_ALL=C", "DPP_DB_PATH=/run/cips/db/"]) = 0 <0.050154>
20124 15:09:13.489607 access("/etc/ld.so.preload", R_OK) = -1 ENOENT (No such file or directory) <0.000025>
20124 15:09:13.489762 open("/etc/ld.so.cache", O_RDONLY|O_CLOEXEC) = 8 <0.000030>
20124 15:09:13.489962 open("/lib/libm.so.6", O_RDONLY|O_CLOEXEC) = 8 <0.000029>
20124 15:09:13.490336 open("/lib/libc.so.6", O_RDONLY|O_CLOEXEC) = 8 <0.000030>
20124 15:09:13.492062 stat64("/run/cips", {st_dev=makedev(0, 20), st_ino=3571, st_mode=S_IFDIR|0755, st_nlink=4, st_uid=0, st_gid=0, st_blksize=4096, st_blocks=0, st_size=660, st_atime=2018/09/17-10:50:28, st_mtime=2018/09/18-11:30:43, st_ctime=2018/09/18-11:30:43}) = 0 <0.000026>
20124 15:09:13.492240 stat64(".", {st_dev=makedev(0, 20), st_ino=3571, st_mode=S_IFDIR|0755, st_nlink=4, st_uid=0, st_gid=0, st_blksize=4096, st_blocks=0, st_size=660, st_atime=2018/09/17-10:50:28, st_mtime=2018/09/18-11:30:43, st_ctime=2018/09/18-11:30:43}) = 0 <0.000019>
20124 15:09:13.492656 stat64("/sbin/ftpput", 0xffda4898) = -1 ENOENT (No such file or directory) <0.000021>
20124 15:09:13.492747 stat64("/usr/sbin/ftpput", 0xffda4898) = -1 ENOENT (No such file or directory) <0.000020>
20124 15:09:13.492824 stat64("/bin/ftpput", 0xffda4898) = -1 ENOENT (No such file or directory) <0.000018>
20124 15:09:13.492898 stat64("/usr/bin/ftpput", {st_dev=makedev(1, 0), st_ino=20090, st_mode=S_IFREG|0755, st_nlink=1, st_uid=0, st_gid=0, st_blksize=1024, st_blocks=2146, st_size=1091828, st_atime=2018/09/25-11:28:39, st_mtime=2017/06/14-06:20:59, st_ctime=2017/06/14-06:20:59}) = 0 <0.000026>
20125 15:09:13.493816 execve("/usr/bin/ftpput", ["ftpput", "169.254.6.5", "-u", "root", "-p", "root", "/BindingDb.txt", "/home/root/BindingDb.txt"], ["RCP_HOST=169.254.13.3", "CONSOLE=/dev/console", "HOME=/run/cips/", "OLDPWD=/home", "runlevel=5", "INIT_VERSION=sysvinit-2.88", "LAUREL_CHASSIS_TYPE=1800", "LAUREL_BOARD_CATEGORY=fcp", "TERM=linux", "PATH=/sbin:/usr/sbin:/bin:/usr/bin:/sbin", "RUNLEVEL=5", "PREVLEVEL=N", "SHELL=/bin/sh", "DPP_DB_PATH=/run/cips/db/", "LAUREL_CHASSIS_TARGET=magnum", "LC_ALL=C", "PWD=/run/cips", "previous=N", "BCM_CONFIG_FILE=/run/cips/config-sand.bcm", "VERBOSE=no"]) = 0 <0.000498>
20125 15:09:13.494741 access("/etc/ld.so.preload", R_OK) = -1 ENOENT (No such file or directory) <0.000025>
20125 15:09:13.494932 open("/etc/ld.so.cache", O_RDONLY|O_CLOEXEC) = 8 <0.000049>
20125 15:09:13.495347 open("/lib/libm.so.6", O_RDONLY|O_CLOEXEC) = 8 <0.000046>
20125 15:09:13.495793 open("/lib/libc.so.6", O_RDONLY|O_CLOEXEC) = 8 <0.000034>
20125 15:09:13.497817 open("/etc/nsswitch.conf", O_RDONLY|O_CLOEXEC) = 8 <0.000029>
20125 15:09:13.498295 open("/etc/ld.so.cache", O_RDONLY|O_CLOEXEC) = 8 <0.000025>
20125 15:09:13.498496 open("/lib/tls/ppce5500/libnss_db.so.2", O_RDONLY|O_CLOEXEC) = -1 ENOENT (No such file or directory) <0.000022>
20125 15:09:13.498585 stat64("/lib/tls/ppce5500", 0xffca5458) = -1 ENOENT (No such file or directory) <0.000018>
20125 15:09:13.498662 open("/lib/tls/libnss_db.so.2", O_RDONLY|O_CLOEXEC) = -1 ENOENT (No such file or directory) <0.000020>
20125 15:09:13.498739 stat64("/lib/tls", 0xffca5458) = -1 ENOENT (No such file or directory) <0.000018>
20125 15:09:13.498813 open("/lib/ppce5500/libnss_db.so.2", O_RDONLY|O_CLOEXEC) = -1 ENOENT (No such file or directory) <0.000021>
20125 15:09:13.498890 stat64("/lib/ppce5500", 0xffca5458) = -1 ENOENT (No such file or directory) <0.000018>
20125 15:09:13.498965 open("/lib/libnss_db.so.2", O_RDONLY|O_CLOEXEC) = -1 ENOENT (No such file or directory) <0.000020>
20125 15:09:13.499042 stat64("/lib", {st_dev=makedev(1, 0), st_ino=4001, st_mode=S_IFDIR|0755, st_nlink=5, st_uid=0, st_gid=0, st_blksize=1024, st_blocks=4, st_size=2048, st_atime=2018/06/02-04:55:39, st_mtime=2017/06/14-06:21:00, st_ctime=2017/06/14-06:21:00}) = 0 <0.000019>
20125 15:09:13.499169 open("/usr/lib/tls/ppce5500/libnss_db.so.2", O_RDONLY|O_CLOEXEC) = -1 ENOENT (No such file or directory) <0.000021>
20125 15:09:13.499249 stat64("/usr/lib/tls/ppce5500", 0xffca5458) = -1 ENOENT (No such file or directory) <0.000019>
20125 15:09:13.499326 open("/usr/lib/tls/libnss_db.so.2", O_RDONLY|O_CLOEXEC) = -1 ENOENT (No such file or directory) <0.000020>
20125 15:09:13.499402 stat64("/usr/lib/tls", 0xffca5458) = -1 ENOENT (No such file or directory) <0.000018>
20125 15:09:13.499477 open("/usr/lib/ppce5500/libnss_db.so.2", O_RDONLY|O_CLOEXEC) = -1 ENOENT (No such file or directory) <0.000020>
20125 15:09:13.499552 stat64("/usr/lib/ppce5500", 0xffca5458) = -1 ENOENT (No such file or directory) <0.000018>
20125 15:09:13.499628 open("/usr/lib/libnss_db.so.2", O_RDONLY|O_CLOEXEC) = -1 ENOENT (No such file or directory) <0.000020>
20125 15:09:13.499704 stat64("/usr/lib", {st_dev=makedev(1, 0), st_ino=28304, st_mode=S_IFDIR|0755, st_nlink=7, st_uid=0, st_gid=0, st_blksize=1024, st_blocks=2, st_size=1024, st_atime=2017/06/14-06:21:02, st_mtime=2018/09/18-11:28:47, st_ctime=2018/09/18-11:28:47}) = 0 <0.000019>
20125 15:09:13.499898 open("/etc/ld.so.cache", O_RDONLY|O_CLOEXEC) = 8 <0.000024>
20125 15:09:13.500085 open("/lib/libnss_files.so.2", O_RDONLY|O_CLOEXEC) = 8 <0.000026>
20125 15:09:13.500626 open("/etc/services", O_RDONLY|O_CLOEXEC) = 8 <0.000026>
20125 15:09:13.507862 open("/home/root/BindingDb.txt", O_RDONLY|O_LARGEFILE) = 10 <0.000037>
20125 15:09:13.513407 +++ exited with 0 +++
20124 15:09:13.513503 --- SIGCHLD {si_signo=SIGCHLD, si_code=CLD_EXITED, si_pid=20125, si_status=0, si_utime=0, si_stime=0} ---
20124 15:09:13.514009 +++ exited with 0 +++
27200 15:09:13.514098 --- SIGCHLD {si_signo=SIGCHLD, si_code=CLD_EXITED, si_pid=20124, si_status=0, si_utime=0, si_stime=5} ---
2396  15:09:13.819836 open("/var/run/maxTxL3vpn", O_RDONLY) = 100 <0.000144>
20126 15:09:13.860439 execve("/bin/sh", ["sh", "-c", "export | grep \"export TZ=\""], ["CONSOLE=/dev/console", "OLDPWD=/home", "HOME=/run/cips/", "runlevel=5", "INIT_VERSION=sysvinit-2.88", "TERM=linux", "PATH=/sbin:/usr/sbin:/bin:/usr/bin:/sbin", "RUNLEVEL=5", "PREVLEVEL=N", "SHELL=/bin/sh", "previous=N", "PWD=/run/cips", "BCM_CONFIG_FILE=/run/cips/config-sand.bcm", "VERBOSE=no", "LAUREL_CHASSIS_TARGET=magnum", "LAUREL_CHASSIS_TYPE=1800", "LAUREL_BOARD_CATEGORY=fcp", "RCP_HOST=169.254.13.3", "LC_ALL=C", "DPP_DB_PATH=/run/cips/db/"]) = 0 <0.051801>
20126 15:09:13.912684 access("/etc/ld.so.preload", R_OK) = -1 ENOENT (No such file or directory) <0.000026>
20126 15:09:13.912840 open("/etc/ld.so.cache", O_RDONLY|O_CLOEXEC) = 8 <0.000031>
20126 15:09:13.917746 open("/lib/libm.so.6", O_RDONLY|O_CLOEXEC) = 8 <0.000035>
20126 15:09:13.918168 open("/lib/libc.so.6", O_RDONLY|O_CLOEXEC) = 8 <0.000030>
20126 15:09:13.920249 stat64("/run/cips", {st_dev=makedev(0, 20), st_ino=3571, st_mode=S_IFDIR|0755, st_nlink=4, st_uid=0, st_gid=0, st_blksize=4096, st_blocks=0, st_size=660, st_atime=2018/09/17-10:50:28, st_mtime=2018/09/18-11:30:43, st_ctime=2018/09/18-11:30:43}) = 0 <0.000026>
20126 15:09:13.920460 stat64(".", {st_dev=makedev(0, 20), st_ino=3571, st_mode=S_IFDIR|0755, st_nlink=4, st_uid=0, st_gid=0, st_blksize=4096, st_blocks=0, st_size=660, st_atime=2018/09/17-10:50:28, st_mtime=2018/09/18-11:30:43, st_ctime=2018/09/18-11:30:43}) = 0 <0.000020>
20126 15:09:13.921365 stat64("/sbin/grep", 0xffee6358) = -1 ENOENT (No such file or directory) <0.000033>
20126 15:09:13.921504 stat64("/usr/sbin/grep", 0xffee6358) = -1 ENOENT (No such file or directory) <0.000029>
20126 15:09:13.921603 stat64("/bin/grep", {st_dev=makedev(1, 0), st_ino=20090, st_mode=S_IFREG|0755, st_nlink=1, st_uid=0, st_gid=0, st_blksize=1024, st_blocks=2146, st_size=1091828, st_atime=2018/09/25-11:28:39, st_mtime=2017/06/14-06:20:59, st_ctime=2017/06/14-06:20:59}) = 0 <0.000033>
20128 15:09:13.922645 execve("/bin/grep", ["grep", "export TZ="], ["RCP_HOST=169.254.13.3", "CONSOLE=/dev/console", "HOME=/run/cips/", "OLDPWD=/home", "runlevel=5", "INIT_VERSION=sysvinit-2.88", "LAUREL_CHASSIS_TYPE=1800", "LAUREL_BOARD_CATEGORY=fcp", "TERM=linux", "PATH=/sbin:/usr/sbin:/bin:/usr/bin:/sbin", "RUNLEVEL=5", "PREVLEVEL=N", "SHELL=/bin/sh", "DPP_DB_PATH=/run/cips/db/", "LAUREL_CHASSIS_TARGET=magnum", "LC_ALL=C", "PWD=/run/cips", "previous=N", "BCM_CONFIG_FILE=/run/cips/config-sand.bcm", "VERBOSE=no"] <unfinished ...>
20127 15:09:13.922813 +++ exited with 0 +++
20126 15:09:13.922883 --- SIGCHLD {si_signo=SIGCHLD, si_code=CLD_EXITED, si_pid=20127, si_status=0, si_utime=0, si_stime=0} ---
20128 15:09:13.923192 <... execve resumed> ) = 0 <0.000388>
20128 15:09:13.923440 access("/etc/ld.so.preload", R_OK) = -1 ENOENT (No such file or directory) <0.000024>
20128 15:09:13.923565 open("/etc/ld.so.cache", O_RDONLY|O_CLOEXEC) = 8 <0.000029>
20128 15:09:13.923761 open("/lib/libm.so.6", O_RDONLY|O_CLOEXEC) = 8 <0.000027>
20128 15:09:13.924156 open("/lib/libc.so.6", O_RDONLY|O_CLOEXEC) = 8 <0.000029>
20128 15:09:13.926442 +++ exited with 1 +++
20126 15:09:13.926526 --- SIGCHLD {si_signo=SIGCHLD, si_code=CLD_EXITED, si_pid=20128, si_status=1, si_utime=0, si_stime=0} ---
20126 15:09:13.926858 +++ exited with 1 +++
3245  15:09:13.926957 --- SIGCHLD {si_signo=SIGCHLD, si_code=CLD_EXITED, si_pid=20126, si_status=1, si_utime=0, si_stime=5} ---
3293  15:09:14.017286 stat64("/etc/localtime", {st_dev=makedev(1, 0), st_ino=30625, st_mode=S_IFREG|0755, st_nlink=1, st_uid=0, st_gid=0, st_blksize=1024, st_blocks=2, st_size=118, st_atime=2018/09/25-15:08:53, st_mtime=2018/06/02-04:57:29, st_ctime=2018/06/02-04:57:29}) = 0 <0.000028>
3293  15:09:15.020740 stat64("/etc/localtime", {st_dev=makedev(1, 0), st_ino=30625, st_mode=S_IFREG|0755, st_nlink=1, st_uid=0, st_gid=0, st_blksize=1024, st_blocks=2, st_size=118, st_atime=2018/09/25-15:08:53, st_mtime=2018/06/02-04:57:29, st_ctime=2018/06/02-04:57:29}) = 0 <0.000030>
3226  15:09:15.309221 open("/var/log/proto.log", O_WRONLY|O_CREAT|O_APPEND, 0666) = 103 <0.000295>
2390  15:09:15.480748 open("/dev/cpugpio", O_RDWR <unfinished ...>
2396  15:09:15.480906 lstat64("/run/CIPS1T_Cfg.bin", {st_dev=makedev(0, 20), st_ino=811, st_mode=S_IFREG|0644, st_nlink=1, st_uid=0, st_gid=0, st_blksize=4096, st_blocks=8, st_size=1004, st_atime=2018/09/25-15:09:09, st_mtime=2018/09/18-11:28:36, st_ctime=2018/09/18-11:28:36}) = 0 <0.000026>
2396  15:09:15.481253 open("/run/CIPS1T_Cfg.bin", O_RDONLY) = 103 <0.000024>
2390  15:09:15.481565 <... open resumed> ) = 100 <0.000717>
2396  15:09:15.505458 open("/dev/i2c_info", O_RDWR) = 100 <0.000103>
3293  15:09:16.021153 stat64("/etc/localtime", {st_dev=makedev(1, 0), st_ino=30625, st_mode=S_IFREG|0755, st_nlink=1, st_uid=0, st_gid=0, st_blksize=1024, st_blocks=2, st_size=118, st_atime=2018/09/25-15:08:53, st_mtime=2018/06/02-04:57:29, st_ctime=2018/06/02-04:57:29}) = 0 <0.000029>
2390  15:09:16.563281 open("/dev/cpugpio", O_RDWR) = 100 <0.000154>
2396  15:09:16.563769 open("/dev/cpugpio", O_RDWR) = 103 <0.000058>
2396  15:09:16.564176 open("/dev/i2c_info", O_RDWR) = 103 <0.000024>
2396  15:09:16.639613 open("/var/run/maxTxL3vpn", O_RDONLY) = 100 <0.000063>
20129 15:09:16.683739 execve("/bin/sh", ["sh", "-c", "export | grep \"export TZ=\""], ["CONSOLE=/dev/console", "OLDPWD=/home", "HOME=/run/cips/", "runlevel=5", "INIT_VERSION=sysvinit-2.88", "TERM=linux", "PATH=/sbin:/usr/sbin:/bin:/usr/bin:/sbin", "RUNLEVEL=5", "PREVLEVEL=N", "SHELL=/bin/sh", "previous=N", "PWD=/run/cips", "BCM_CONFIG_FILE=/run/cips/config-sand.bcm", "VERBOSE=no", "LAUREL_CHASSIS_TARGET=magnum", "LAUREL_CHASSIS_TYPE=1800", "LAUREL_BOARD_CATEGORY=fcp", "RCP_HOST=169.254.13.3", "LC_ALL=C", "DPP_DB_PATH=/run/cips/db/"]) = 0 <0.059727>
20129 15:09:16.743908 access("/etc/ld.so.preload", R_OK) = -1 ENOENT (No such file or directory) <0.000030>
20129 15:09:16.744074 open("/etc/ld.so.cache", O_RDONLY|O_CLOEXEC) = 8 <0.000030>
20129 15:09:16.744276 open("/lib/libm.so.6", O_RDONLY|O_CLOEXEC) = 8 <0.000028>
20129 15:09:16.744650 open("/lib/libc.so.6", O_RDONLY|O_CLOEXEC) = 8 <0.000030>
20129 15:09:16.750432 stat64("/run/cips", {st_dev=makedev(0, 20), st_ino=3571, st_mode=S_IFDIR|0755, st_nlink=4, st_uid=0, st_gid=0, st_blksize=4096, st_blocks=0, st_size=660, st_atime=2018/09/17-10:50:28, st_mtime=2018/09/18-11:30:43, st_ctime=2018/09/18-11:30:43}) = 0 <0.000024>
20129 15:09:16.750616 stat64(".", {st_dev=makedev(0, 20), st_ino=3571, st_mode=S_IFDIR|0755, st_nlink=4, st_uid=0, st_gid=0, st_blksize=4096, st_blocks=0, st_size=660, st_atime=2018/09/17-10:50:28, st_mtime=2018/09/18-11:30:43, st_ctime=2018/09/18-11:30:43}) = 0 <0.000019>
20129 15:09:16.751515 stat64("/sbin/grep", 0xfff980c8) = -1 ENOENT (No such file or directory) <0.000030>
20129 15:09:16.751642 stat64("/usr/sbin/grep", 0xfff980c8) = -1 ENOENT (No such file or directory) <0.000028>
20129 15:09:16.751738 stat64("/bin/grep", {st_dev=makedev(1, 0), st_ino=20090, st_mode=S_IFREG|0755, st_nlink=1, st_uid=0, st_gid=0, st_blksize=1024, st_blocks=2146, st_size=1091828, st_atime=2018/09/25-11:28:39, st_mtime=2017/06/14-06:20:59, st_ctime=2017/06/14-06:20:59}) = 0 <0.000034>
20130 15:09:16.752726 +++ exited with 0 +++
20131 15:09:16.752800 execve("/bin/grep", ["grep", "export TZ="], ["RCP_HOST=169.254.13.3", "CONSOLE=/dev/console", "HOME=/run/cips/", "OLDPWD=/home", "runlevel=5", "INIT_VERSION=sysvinit-2.88", "LAUREL_CHASSIS_TYPE=1800", "LAUREL_BOARD_CATEGORY=fcp", "TERM=linux", "PATH=/sbin:/usr/sbin:/bin:/usr/bin:/sbin", "RUNLEVEL=5", "PREVLEVEL=N", "SHELL=/bin/sh", "DPP_DB_PATH=/run/cips/db/", "LAUREL_CHASSIS_TARGET=magnum", "LC_ALL=C", "PWD=/run/cips", "previous=N", "BCM_CONFIG_FILE=/run/cips/config-sand.bcm", "VERBOSE=no"] <unfinished ...>
20129 15:09:16.752964 --- SIGCHLD {si_signo=SIGCHLD, si_code=CLD_EXITED, si_pid=20130, si_status=0, si_utime=0, si_stime=0} ---
20131 15:09:16.753334 <... execve resumed> ) = 0 <0.000397>
20131 15:09:16.753564 access("/etc/ld.so.preload", R_OK) = -1 ENOENT (No such file or directory) <0.000023>
20131 15:09:16.753693 open("/etc/ld.so.cache", O_RDONLY|O_CLOEXEC) = 8 <0.000028>
20131 15:09:16.753890 open("/lib/libm.so.6", O_RDONLY|O_CLOEXEC) = 8 <0.000026>
20131 15:09:16.754269 open("/lib/libc.so.6", O_RDONLY|O_CLOEXEC) = 8 <0.000030>
20131 15:09:16.756446 +++ exited with 1 +++
20129 15:09:16.756527 --- SIGCHLD {si_signo=SIGCHLD, si_code=CLD_EXITED, si_pid=20131, si_status=1, si_utime=0, si_stime=0} ---
20129 15:09:16.756854 +++ exited with 1 +++
3212  15:09:16.769113 --- SIGCHLD {si_signo=SIGCHLD, si_code=CLD_EXITED, si_pid=20129, si_status=1, si_utime=0, si_stime=5} ---
3293  15:09:17.327272 stat64("/etc/localtime", {st_dev=makedev(1, 0), st_ino=30625, st_mode=S_IFREG|0755, st_nlink=1, st_uid=0, st_gid=0, st_blksize=1024, st_blocks=2, st_size=118, st_atime=2018/09/25-15:08:53, st_mtime=2018/06/02-04:57:29, st_ctime=2018/06/02-04:57:29}) = 0 <0.000029>
2390  15:09:17.670425 open("/dev/cpugpio", O_RDWR <unfinished ...>
2396  15:09:17.670589 lstat64("/run/CIPS1T_Cfg.bin", {st_dev=makedev(0, 20), st_ino=811, st_mode=S_IFREG|0644, st_nlink=1, st_uid=0, st_gid=0, st_blksize=4096, st_blocks=8, st_size=1004, st_atime=2018/09/25-15:09:15, st_mtime=2018/09/18-11:28:36, st_ctime=2018/09/18-11:28:36}) = 0 <0.000039>
2396  15:09:17.670764 open("/run/CIPS1T_Cfg.bin", O_RDONLY) = 103 <0.000039>
2390  15:09:17.670978 <... open resumed> ) = 100 <0.000468>
2396  15:09:17.780493 open("/dev/i2c_info", O_RDWR) = 100 <0.000626>
3293  15:09:18.333403 stat64("/etc/localtime", {st_dev=makedev(1, 0), st_ino=30625, st_mode=S_IFREG|0755, st_nlink=1, st_uid=0, st_gid=0, st_blksize=1024, st_blocks=2, st_size=118, st_atime=2018/09/25-15:08:53, st_mtime=2018/06/02-04:57:29, st_ctime=2018/06/02-04:57:29}) = 0 <0.000030>
2390  15:09:18.686462 open("/dev/cpugpio", O_RDWR) = 100 <0.000075>
2392  15:09:18.696540 open("/dev/mdio_info", O_RDWR) = 100 <0.000090>
2396  15:09:18.814274 open("/dev/cpugpio", O_RDWR) = 100 <0.000057>
2396  15:09:18.814759 open("/dev/i2c_info", O_RDWR) = 100 <0.000077>
3293  15:09:19.334227 stat64("/etc/localtime", {st_dev=makedev(1, 0), st_ino=30625, st_mode=S_IFREG|0755, st_nlink=1, st_uid=0, st_gid=0, st_blksize=1024, st_blocks=2, st_size=118, st_atime=2018/09/25-15:08:53, st_mtime=2018/06/02-04:57:29, st_ctime=2018/06/02-04:57:29}) = 0 <0.000155>
3226  15:09:19.441799 open("/var/log/proto.log", O_WRONLY|O_CREAT|O_APPEND, 0666) = 100 <0.000185>
2397  15:09:20.135282 access("/home/root/BindingDb.txt", F_OK) = 0 <0.000059>
20132 15:09:20.175101 execve("/bin/sh", ["sh", "-c", "cp /home/root/BindingDb.txt /mnt"], ["CONSOLE=/dev/console", "OLDPWD=/home", "HOME=/run/cips/", "runlevel=5", "INIT_VERSION=sysvinit-2.88", "TERM=linux", "PATH=/sbin:/usr/sbin:/bin:/usr/bin:/sbin", "RUNLEVEL=5", "PREVLEVEL=N", "SHELL=/bin/sh", "previous=N", "PWD=/run/cips", "BCM_CONFIG_FILE=/run/cips/config-sand.bcm", "VERBOSE=no", "LAUREL_CHASSIS_TARGET=magnum", "LAUREL_CHASSIS_TYPE=1800", "LAUREL_BOARD_CATEGORY=fcp", "RCP_HOST=169.254.13.3", "LC_ALL=C", "DPP_DB_PATH=/run/cips/db/"]) = 0 <0.051488>
20132 15:09:20.227170 access("/etc/ld.so.preload", R_OK) = -1 ENOENT (No such file or directory) <0.000055>
20132 15:09:20.227381 open("/etc/ld.so.cache", O_RDONLY|O_CLOEXEC) = 8 <0.000052>
20132 15:09:20.227753 open("/lib/libm.so.6", O_RDONLY|O_CLOEXEC) = 8 <0.000036>
20132 15:09:20.228299 open("/lib/libc.so.6", O_RDONLY|O_CLOEXEC) = 8 <0.000028>
20132 15:09:20.230595 stat64("/run/cips", {st_dev=makedev(0, 20), st_ino=3571, st_mode=S_IFDIR|0755, st_nlink=4, st_uid=0, st_gid=0, st_blksize=4096, st_blocks=0, st_size=660, st_atime=2018/09/17-10:50:28, st_mtime=2018/09/18-11:30:43, st_ctime=2018/09/18-11:30:43}) = 0 <0.000121>
20132 15:09:20.230899 stat64(".", {st_dev=makedev(0, 20), st_ino=3571, st_mode=S_IFDIR|0755, st_nlink=4, st_uid=0, st_gid=0, st_blksize=4096, st_blocks=0, st_size=660, st_atime=2018/09/17-10:50:28, st_mtime=2018/09/18-11:30:43, st_ctime=2018/09/18-11:30:43}) = 0 <0.000028>
20132 15:09:20.231487 stat64("/sbin/cp", 0xffcc1088) = -1 ENOENT (No such file or directory) <0.000022>
20132 15:09:20.231594 stat64("/usr/sbin/cp", 0xffcc1088) = -1 ENOENT (No such file or directory) <0.000019>
20132 15:09:20.231673 stat64("/bin/cp", {st_dev=makedev(1, 0), st_ino=20090, st_mode=S_IFREG|0755, st_nlink=1, st_uid=0, st_gid=0, st_blksize=1024, st_blocks=2146, st_size=1091828, st_atime=2018/09/25-11:28:39, st_mtime=2017/06/14-06:20:59, st_ctime=2017/06/14-06:20:59}) = 0 <0.000023>
20133 15:09:20.232487 execve("/bin/cp", ["cp", "/home/root/BindingDb.txt", "/mnt"], ["RCP_HOST=169.254.13.3", "CONSOLE=/dev/console", "HOME=/run/cips/", "OLDPWD=/home", "runlevel=5", "INIT_VERSION=sysvinit-2.88", "LAUREL_CHASSIS_TYPE=1800", "LAUREL_BOARD_CATEGORY=fcp", "TERM=linux", "PATH=/sbin:/usr/sbin:/bin:/usr/bin:/sbin", "RUNLEVEL=5", "PREVLEVEL=N", "SHELL=/bin/sh", "DPP_DB_PATH=/run/cips/db/", "LAUREL_CHASSIS_TARGET=magnum", "LC_ALL=C", "PWD=/run/cips", "previous=N", "BCM_CONFIG_FILE=/run/cips/config-sand.bcm", "VERBOSE=no"]) = 0 <0.000421>
20133 15:09:20.233366 access("/etc/ld.so.preload", R_OK) = -1 ENOENT (No such file or directory) <0.000031>
20133 15:09:20.233509 open("/etc/ld.so.cache", O_RDONLY|O_CLOEXEC) = 8 <0.000037>
20133 15:09:20.233873 open("/lib/libm.so.6", O_RDONLY|O_CLOEXEC) = 8 <0.000034>
20133 15:09:20.234278 open("/lib/libc.so.6", O_RDONLY|O_CLOEXEC) = 8 <0.000030>
20133 15:09:20.235960 stat64("/home/root/BindingDb.txt", {st_dev=makedev(1, 0), st_ino=44005, st_mode=S_IFREG|0755, st_nlink=1, st_uid=0, st_gid=0, st_blksize=1024, st_blocks=0, st_size=0, st_atime=2018/09/24-16:38:19, st_mtime=2018/09/19-16:38:12, st_ctime=2018/09/19-16:38:12}) = 0 <0.000026>
20133 15:09:20.236141 stat64("/mnt", {st_dev=makedev(0, 22), st_ino=20482, st_mode=S_IFDIR|0777, st_nlink=3, st_uid=0, st_gid=0, st_blksize=1048576, st_blocks=8, st_size=4096, st_atime=2018/09/18-11:10:04, st_mtime=2018/09/25-15:09:14, st_ctime=2018/09/25-15:09:14}) = 0 <0.000023>
20133 15:09:20.236395 stat64("/home/root/BindingDb.txt", {st_dev=makedev(1, 0), st_ino=44005, st_mode=S_IFREG|0755, st_nlink=1, st_uid=0, st_gid=0, st_blksize=1024, st_blocks=0, st_size=0, st_atime=2018/09/24-16:38:19, st_mtime=2018/09/19-16:38:12, st_ctime=2018/09/19-16:38:12}) = 0 <0.000020>
20133 15:09:20.236529 lstat64("/mnt/BindingDb.txt", {st_dev=makedev(0, 22), st_ino=20484, st_mode=S_IFREG|0755, st_nlink=1, st_uid=0, st_gid=0, st_blksize=1048576, st_blocks=0, st_size=0, st_atime=2018/09/25-15:09:14, st_mtime=2018/09/25-15:09:14, st_ctime=2018/09/25-15:09:14}) = 0 <0.000568>
20133 15:09:20.237268 open("/home/root/BindingDb.txt", O_RDONLY|O_LARGEFILE) = 8 <0.000041>
20133 15:09:20.237402 open("/mnt/BindingDb.txt", O_WRONLY|O_CREAT|O_EXCL|O_LARGEFILE, 0100755) = -1 EEXIST (File exists) <0.000430>
20133 15:09:20.237919 unlink("/mnt/BindingDb.txt") = 0 <0.000541>
20133 15:09:20.238569 open("/mnt/BindingDb.txt", O_WRONLY|O_CREAT|O_EXCL|O_LARGEFILE, 0100755) = 9 <0.035717>
20133 15:09:20.274811 +++ exited with 0 +++
20132 15:09:20.274921 --- SIGCHLD {si_signo=SIGCHLD, si_code=CLD_EXITED, si_pid=20133, si_status=0, si_utime=0, si_stime=0} ---
20132 15:09:20.275290 +++ exited with 0 +++
2460  15:09:20.275350 --- SIGCHLD {si_signo=SIGCHLD, si_code=CLD_EXITED, si_pid=20132, si_status=0, si_utime=0, si_stime=5} ---
3293  15:09:20.334754 stat64("/etc/localtime", {st_dev=makedev(1, 0), st_ino=30625, st_mode=S_IFREG|0755, st_nlink=1, st_uid=0, st_gid=0, st_blksize=1024, st_blocks=2, st_size=118, st_atime=2018/09/25-15:08:53, st_mtime=2018/06/02-04:57:29, st_ctime=2018/06/02-04:57:29}) = 0 <0.000031>
20134 15:09:20.373894 execve("/bin/sh", ["sh", "-c", "ftpput 169.254.6.5 -u root  -p root  /BindingDb.txt /home/root/BindingDb.txt"], ["CONSOLE=/dev/console", "OLDPWD=/home", "HOME=/run/cips/", "runlevel=5", "INIT_VERSION=sysvinit-2.88", "TERM=linux", "PATH=/sbin:/usr/sbin:/bin:/usr/bin:/sbin", "RUNLEVEL=5", "PREVLEVEL=N", "SHELL=/bin/sh", "previous=N", "PWD=/run/cips", "BCM_CONFIG_FILE=/run/cips/config-sand.bcm", "VERBOSE=no", "LAUREL_CHASSIS_TARGET=magnum", "LAUREL_CHASSIS_TYPE=1800", "LAUREL_BOARD_CATEGORY=fcp", "RCP_HOST=169.254.13.3", "LC_ALL=C", "DPP_DB_PATH=/run/cips/db/"]) = 0 <0.052300>
20134 15:09:20.426628 access("/etc/ld.so.preload", R_OK) = -1 ENOENT (No such file or directory) <0.000033>
20134 15:09:20.426791 open("/etc/ld.so.cache", O_RDONLY|O_CLOEXEC) = 8 <0.000030>
20134 15:09:20.427026 open("/lib/libm.so.6", O_RDONLY|O_CLOEXEC) = 8 <0.000028>
20134 15:09:20.427409 open("/lib/libc.so.6", O_RDONLY|O_CLOEXEC) = 8 <0.000030>
20134 15:09:20.429259 stat64("/run/cips", {st_dev=makedev(0, 20), st_ino=3571, st_mode=S_IFDIR|0755, st_nlink=4, st_uid=0, st_gid=0, st_blksize=4096, st_blocks=0, st_size=660, st_atime=2018/09/17-10:50:28, st_mtime=2018/09/18-11:30:43, st_ctime=2018/09/18-11:30:43}) = 0 <0.000025>
20134 15:09:20.429441 stat64(".", {st_dev=makedev(0, 20), st_ino=3571, st_mode=S_IFDIR|0755, st_nlink=4, st_uid=0, st_gid=0, st_blksize=4096, st_blocks=0, st_size=660, st_atime=2018/09/17-10:50:28, st_mtime=2018/09/18-11:30:43, st_ctime=2018/09/18-11:30:43}) = 0 <0.000020>
20134 15:09:20.429857 stat64("/sbin/ftpput", 0xffbcaa08) = -1 ENOENT (No such file or directory) <0.000022>
20134 15:09:20.429951 stat64("/usr/sbin/ftpput", 0xffbcaa08) = -1 ENOENT (No such file or directory) <0.000019>
20134 15:09:20.430028 stat64("/bin/ftpput", 0xffbcaa08) = -1 ENOENT (No such file or directory) <0.000018>
20134 15:09:20.430104 stat64("/usr/bin/ftpput", {st_dev=makedev(1, 0), st_ino=20090, st_mode=S_IFREG|0755, st_nlink=1, st_uid=0, st_gid=0, st_blksize=1024, st_blocks=2146, st_size=1091828, st_atime=2018/09/25-11:28:39, st_mtime=2017/06/14-06:20:59, st_ctime=2017/06/14-06:20:59}) = 0 <0.000024>
20135 15:09:20.430911 execve("/usr/bin/ftpput", ["ftpput", "169.254.6.5", "-u", "root", "-p", "root", "/BindingDb.txt", "/home/root/BindingDb.txt"], ["RCP_HOST=169.254.13.3", "CONSOLE=/dev/console", "HOME=/run/cips/", "OLDPWD=/home", "runlevel=5", "INIT_VERSION=sysvinit-2.88", "LAUREL_CHASSIS_TYPE=1800", "LAUREL_BOARD_CATEGORY=fcp", "TERM=linux", "PATH=/sbin:/usr/sbin:/bin:/usr/bin:/sbin", "RUNLEVEL=5", "PREVLEVEL=N", "SHELL=/bin/sh", "DPP_DB_PATH=/run/cips/db/", "LAUREL_CHASSIS_TARGET=magnum", "LC_ALL=C", "PWD=/run/cips", "previous=N", "BCM_CONFIG_FILE=/run/cips/config-sand.bcm", "VERBOSE=no"]) = 0 <0.000366>
20135 15:09:20.431663 access("/etc/ld.so.preload", R_OK) = -1 ENOENT (No such file or directory) <0.000025>
20135 15:09:20.431804 open("/etc/ld.so.cache", O_RDONLY|O_CLOEXEC) = 8 <0.000028>
20135 15:09:20.432002 open("/lib/libm.so.6", O_RDONLY|O_CLOEXEC) = 8 <0.000027>
20135 15:09:20.432363 open("/lib/libc.so.6", O_RDONLY|O_CLOEXEC) = 8 <0.000030>
20135 15:09:20.434309 open("/etc/nsswitch.conf", O_RDONLY|O_CLOEXEC) = 8 <0.000030>
20135 15:09:20.434782 open("/etc/ld.so.cache", O_RDONLY|O_CLOEXEC) = 8 <0.000027>
20135 15:09:20.434984 open("/lib/tls/ppce5500/libnss_db.so.2", O_RDONLY|O_CLOEXEC) = -1 ENOENT (No such file or directory) <0.000022>
20135 15:09:20.435075 stat64("/lib/tls/ppce5500", 0xffb85c18) = -1 ENOENT (No such file or directory) <0.000019>
20135 15:09:20.435153 open("/lib/tls/libnss_db.so.2", O_RDONLY|O_CLOEXEC) = -1 ENOENT (No such file or directory) <0.000019>
20135 15:09:20.435229 stat64("/lib/tls", 0xffb85c18) = -1 ENOENT (No such file or directory) <0.000018>
20135 15:09:20.435304 open("/lib/ppce5500/libnss_db.so.2", O_RDONLY|O_CLOEXEC) = -1 ENOENT (No such file or directory) <0.000020>
20135 15:09:20.435380 stat64("/lib/ppce5500", 0xffb85c18) = -1 ENOENT (No such file or directory) <0.000018>
20135 15:09:20.435454 open("/lib/libnss_db.so.2", O_RDONLY|O_CLOEXEC) = -1 ENOENT (No such file or directory) <0.000020>
20135 15:09:20.435531 stat64("/lib", {st_dev=makedev(1, 0), st_ino=4001, st_mode=S_IFDIR|0755, st_nlink=5, st_uid=0, st_gid=0, st_blksize=1024, st_blocks=4, st_size=2048, st_atime=2018/06/02-04:55:39, st_mtime=2017/06/14-06:21:00, st_ctime=2017/06/14-06:21:00}) = 0 <0.000018>
20135 15:09:20.435658 open("/usr/lib/tls/ppce5500/libnss_db.so.2", O_RDONLY|O_CLOEXEC) = -1 ENOENT (No such file or directory) <0.000022>
20135 15:09:20.435737 stat64("/usr/lib/tls/ppce5500", 0xffb85c18) = -1 ENOENT (No such file or directory) <0.000020>
20135 15:09:20.435824 open("/usr/lib/tls/libnss_db.so.2", O_RDONLY|O_CLOEXEC) = -1 ENOENT (No such file or directory) <0.000020>
20135 15:09:20.435901 stat64("/usr/lib/tls", 0xffb85c18) = -1 ENOENT (No such file or directory) <0.000018>
20135 15:09:20.435976 open("/usr/lib/ppce5500/libnss_db.so.2", O_RDONLY|O_CLOEXEC) = -1 ENOENT (No such file or directory) <0.000020>
20135 15:09:20.436051 stat64("/usr/lib/ppce5500", 0xffb85c18) = -1 ENOENT (No such file or directory) <0.000018>
20135 15:09:20.436127 open("/usr/lib/libnss_db.so.2", O_RDONLY|O_CLOEXEC) = -1 ENOENT (No such file or directory) <0.000020>
20135 15:09:20.436203 stat64("/usr/lib", {st_dev=makedev(1, 0), st_ino=28304, st_mode=S_IFDIR|0755, st_nlink=7, st_uid=0, st_gid=0, st_blksize=1024, st_blocks=2, st_size=1024, st_atime=2017/06/14-06:21:02, st_mtime=2018/09/18-11:28:47, st_ctime=2018/09/18-11:28:47}) = 0 <0.000019>
20135 15:09:20.436396 open("/etc/ld.so.cache", O_RDONLY|O_CLOEXEC) = 8 <0.000025>
20135 15:09:20.436582 open("/lib/libnss_files.so.2", O_RDONLY|O_CLOEXEC) = 8 <0.000027>
20135 15:09:20.437139 open("/etc/services", O_RDONLY|O_CLOEXEC) = 8 <0.000027>
20135 15:09:20.443164 open("/home/root/BindingDb.txt", O_RDONLY|O_LARGEFILE) = 10 <0.000032>
20135 15:09:20.445859 +++ exited with 0 +++
20134 15:09:20.445950 --- SIGCHLD {si_signo=SIGCHLD, si_code=CLD_EXITED, si_pid=20135, si_status=0, si_utime=0, si_stime=0} ---
20134 15:09:20.446427 +++ exited with 0 +++
3277  15:09:20.446539 --- SIGCHLD {si_signo=SIGCHLD, si_code=CLD_EXITED, si_pid=20134, si_status=0, si_utime=0, si_stime=5} ---
2390  15:09:20.828320 open("/dev/cpugpio", O_RDWR) = 103 <0.000084>
2396  15:09:20.830529 open("/dev/i2c_info", O_RDWR) = 100 <0.000054>
3293  15:09:21.335082 stat64("/etc/localtime", {st_dev=makedev(1, 0), st_ino=30625, st_mode=S_IFREG|0755, st_nlink=1, st_uid=0, st_gid=0, st_blksize=1024, st_blocks=2, st_size=118, st_atime=2018/09/25-15:08:53, st_mtime=2018/06/02-04:57:29, st_ctime=2018/06/02-04:57:29}) = 0 <0.000029>
3293  15:09:22.335540 stat64("/etc/localtime", {st_dev=makedev(1, 0), st_ino=30625, st_mode=S_IFREG|0755, st_nlink=1, st_uid=0, st_gid=0, st_blksize=1024, st_blocks=2, st_size=118, st_atime=2018/09/25-15:08:53, st_mtime=2018/06/02-04:57:29, st_ctime=2018/06/02-04:57:29}) = 0 <0.000030>
2390  15:09:22.479940 open("/dev/cpugpio", O_RDWR) = 100 <0.000052>
2396  15:09:22.541784 open("/var/run/maxTxL3vpn", O_RDONLY) = 100 <0.000063>
20136 15:09:22.583411 execve("/bin/sh", ["sh", "-c", "export | grep \"export TZ=\""], ["CONSOLE=/dev/console", "OLDPWD=/home", "HOME=/run/cips/", "runlevel=5", "INIT_VERSION=sysvinit-2.88", "TERM=linux", "PATH=/sbin:/usr/sbin:/bin:/usr/bin:/sbin", "RUNLEVEL=5", "PREVLEVEL=N", "SHELL=/bin/sh", "previous=N", "PWD=/run/cips", "BCM_CONFIG_FILE=/run/cips/config-sand.bcm", "VERBOSE=no", "LAUREL_CHASSIS_TARGET=magnum", "LAUREL_CHASSIS_TYPE=1800", "LAUREL_BOARD_CATEGORY=fcp", "RCP_HOST=169.254.13.3", "LC_ALL=C", "DPP_DB_PATH=/run/cips/db/"]) = 0 <0.050775>
20136 15:09:22.634639 access("/etc/ld.so.preload", R_OK) = -1 ENOENT (No such file or directory) <0.000034>
20136 15:09:22.634799 open("/etc/ld.so.cache", O_RDONLY|O_CLOEXEC) = 8 <0.000038>
20136 15:09:22.635081 open("/lib/libm.so.6", O_RDONLY|O_CLOEXEC) = 8 <0.000033>
20136 15:09:22.635490 open("/lib/libc.so.6", O_RDONLY|O_CLOEXEC) = 8 <0.000031>
20136 15:09:22.637256 stat64("/run/cips", {st_dev=makedev(0, 20), st_ino=3571, st_mode=S_IFDIR|0755, st_nlink=4, st_uid=0, st_gid=0, st_blksize=4096, st_blocks=0, st_size=660, st_atime=2018/09/17-10:50:28, st_mtime=2018/09/18-11:30:43, st_ctime=2018/09/18-11:30:43}) = 0 <0.000025>
20136 15:09:22.637435 stat64(".", {st_dev=makedev(0, 20), st_ino=3571, st_mode=S_IFDIR|0755, st_nlink=4, st_uid=0, st_gid=0, st_blksize=4096, st_blocks=0, st_size=660, st_atime=2018/09/17-10:50:28, st_mtime=2018/09/18-11:30:43, st_ctime=2018/09/18-11:30:43}) = 0 <0.000020>
20136 15:09:22.638286 stat64("/sbin/grep", 0xffb653a8) = -1 ENOENT (No such file or directory) <0.000053>
20136 15:09:22.638453 stat64("/usr/sbin/grep", 0xffb653a8) = -1 ENOENT (No such file or directory) <0.000028>
20136 15:09:22.638546 stat64("/bin/grep", {st_dev=makedev(1, 0), st_ino=20090, st_mode=S_IFREG|0755, st_nlink=1, st_uid=0, st_gid=0, st_blksize=1024, st_blocks=2146, st_size=1091828, st_atime=2018/09/25-11:28:39, st_mtime=2017/06/14-06:20:59, st_ctime=2017/06/14-06:20:59}) = 0 <0.000031>
20138 15:09:22.639564 execve("/bin/grep", ["grep", "export TZ="], ["RCP_HOST=169.254.13.3", "CONSOLE=/dev/console", "HOME=/run/cips/", "OLDPWD=/home", "runlevel=5", "INIT_VERSION=sysvinit-2.88", "LAUREL_CHASSIS_TYPE=1800", "LAUREL_BOARD_CATEGORY=fcp", "TERM=linux", "PATH=/sbin:/usr/sbin:/bin:/usr/bin:/sbin", "RUNLEVEL=5", "PREVLEVEL=N", "SHELL=/bin/sh", "DPP_DB_PATH=/run/cips/db/", "LAUREL_CHASSIS_TARGET=magnum", "LC_ALL=C", "PWD=/run/cips", "previous=N", "BCM_CONFIG_FILE=/run/cips/config-sand.bcm", "VERBOSE=no"] <unfinished ...>
20137 15:09:22.639731 +++ exited with 0 +++
20136 15:09:22.639801 --- SIGCHLD {si_signo=SIGCHLD, si_code=CLD_EXITED, si_pid=20137, si_status=0, si_utime=0, si_stime=0} ---
20138 15:09:22.640094 <... execve resumed> ) = 0 <0.000374>
20138 15:09:22.640362 access("/etc/ld.so.preload", R_OK) = -1 ENOENT (No such file or directory) <0.000024>
20138 15:09:22.640489 open("/etc/ld.so.cache", O_RDONLY|O_CLOEXEC) = 8 <0.000029>
20138 15:09:22.640685 open("/lib/libm.so.6", O_RDONLY|O_CLOEXEC) = 8 <0.000028>
20138 15:09:22.641106 open("/lib/libc.so.6", O_RDONLY|O_CLOEXEC) = 8 <0.000030>
20138 15:09:22.643321 +++ exited with 1 +++
20136 15:09:22.643405 --- SIGCHLD {si_signo=SIGCHLD, si_code=CLD_EXITED, si_pid=20138, si_status=1, si_utime=0, si_stime=0} ---
20136 15:09:22.643736 +++ exited with 1 +++
3303  15:09:22.643843 --- SIGCHLD {si_signo=SIGCHLD, si_code=CLD_EXITED, si_pid=20136, si_status=1, si_utime=0, si_stime=5} ---
2396  15:09:22.644596 lstat64("/run/CIPS1T_Cfg.bin", {st_dev=makedev(0, 20), st_ino=811, st_mode=S_IFREG|0644, st_nlink=1, st_uid=0, st_gid=0, st_blksize=4096, st_blocks=8, st_size=1004, st_atime=2018/09/25-15:09:17, st_mtime=2018/09/18-11:28:36, st_ctime=2018/09/18-11:28:36}) = 0 <0.000047>
2396  15:09:22.645106 open("/run/CIPS1T_Cfg.bin", O_RDONLY) = 100 <0.000050>
3293  15:09:23.337319 stat64("/etc/localtime", {st_dev=makedev(1, 0), st_ino=30625, st_mode=S_IFREG|0755, st_nlink=1, st_uid=0, st_gid=0, st_blksize=1024, st_blocks=2, st_size=118, st_atime=2018/09/25-15:08:53, st_mtime=2018/06/02-04:57:29, st_ctime=2018/06/02-04:57:29}) = 0 <0.000042>
2390  15:09:23.488042 open("/dev/cpugpio", O_RDWR) = 100 <0.014159>
3226  15:09:23.553857 open("/var/log/proto.log", O_WRONLY|O_CREAT|O_APPEND, 0666) = 100 <0.000052>
2396  15:09:23.575130 open("/dev/i2c_info", O_RDWR) = 100 <0.000214>
3293  15:09:24.337651 stat64("/etc/localtime", {st_dev=makedev(1, 0), st_ino=30625, st_mode=S_IFREG|0755, st_nlink=1, st_uid=0, st_gid=0, st_blksize=1024, st_blocks=2, st_size=118, st_atime=2018/09/25-15:08:53, st_mtime=2018/06/02-04:57:29, st_ctime=2018/06/02-04:57:29}) = 0 <0.000030>
2390  15:09:24.793146 open("/dev/cpugpio", O_RDWR) = 100 <0.000055>
2392  15:09:24.911884 open("/dev/mdio_info", O_RDWR) = 100 <0.000056>
2396  15:09:24.922192 open("/dev/cpugpio", O_RDWR) = 100 <0.000183>
2396  15:09:24.922570 open("/dev/i2c_info", O_RDWR) = 100 <0.000024>
2396  15:09:25.195731 open("/var/run/maxTxL3vpn", O_RDONLY) = 100 <0.000048>
20139 15:09:25.236113 execve("/bin/sh", ["sh", "-c", "export | grep \"export TZ=\""], ["CONSOLE=/dev/console", "OLDPWD=/home", "HOME=/run/cips/", "runlevel=5", "INIT_VERSION=sysvinit-2.88", "TERM=linux", "PATH=/sbin:/usr/sbin:/bin:/usr/bin:/sbin", "RUNLEVEL=5", "PREVLEVEL=N", "SHELL=/bin/sh", "previous=N", "PWD=/run/cips", "BCM_CONFIG_FILE=/run/cips/config-sand.bcm", "VERBOSE=no", "LAUREL_CHASSIS_TARGET=magnum", "LAUREL_CHASSIS_TYPE=1800", "LAUREL_BOARD_CATEGORY=fcp", "RCP_HOST=169.254.13.3", "LC_ALL=C", "DPP_DB_PATH=/run/cips/db/"]) = 0 <0.052235>
20139 15:09:25.291070 access("/etc/ld.so.preload", R_OK) = -1 ENOENT (No such file or directory) <0.000027>
20139 15:09:25.291230 open("/etc/ld.so.cache", O_RDONLY|O_CLOEXEC) = 8 <0.000033>
20139 15:09:25.291446 open("/lib/libm.so.6", O_RDONLY|O_CLOEXEC) = 8 <0.000029>
20139 15:09:25.291833 open("/lib/libc.so.6", O_RDONLY|O_CLOEXEC) = 8 <0.000031>
20139 15:09:25.293634 stat64("/run/cips", {st_dev=makedev(0, 20), st_ino=3571, st_mode=S_IFDIR|0755, st_nlink=4, st_uid=0, st_gid=0, st_blksize=4096, st_blocks=0, st_size=660, st_atime=2018/09/17-10:50:28, st_mtime=2018/09/18-11:30:43, st_ctime=2018/09/18-11:30:43}) = 0 <0.000024>
20139 15:09:25.293814 stat64(".", {st_dev=makedev(0, 20), st_ino=3571, st_mode=S_IFDIR|0755, st_nlink=4, st_uid=0, st_gid=0, st_blksize=4096, st_blocks=0, st_size=660, st_atime=2018/09/17-10:50:28, st_mtime=2018/09/18-11:30:43, st_ctime=2018/09/18-11:30:43}) = 0 <0.000019>
20139 15:09:25.294694 stat64("/sbin/grep", 0xffd84988) = -1 ENOENT (No such file or directory) <0.000034>
20139 15:09:25.294831 stat64("/usr/sbin/grep", 0xffd84988) = -1 ENOENT (No such file or directory) <0.000027>
20139 15:09:25.294968 stat64("/bin/grep", {st_dev=makedev(1, 0), st_ino=20090, st_mode=S_IFREG|0755, st_nlink=1, st_uid=0, st_gid=0, st_blksize=1024, st_blocks=2146, st_size=1091828, st_atime=2018/09/25-11:28:39, st_mtime=2017/06/14-06:20:59, st_ctime=2017/06/14-06:20:59}) = 0 <0.000037>
20141 15:09:25.295963 execve("/bin/grep", ["grep", "export TZ="], ["RCP_HOST=169.254.13.3", "CONSOLE=/dev/console", "HOME=/run/cips/", "OLDPWD=/home", "runlevel=5", "INIT_VERSION=sysvinit-2.88", "LAUREL_CHASSIS_TYPE=1800", "LAUREL_BOARD_CATEGORY=fcp", "TERM=linux", "PATH=/sbin:/usr/sbin:/bin:/usr/bin:/sbin", "RUNLEVEL=5", "PREVLEVEL=N", "SHELL=/bin/sh", "DPP_DB_PATH=/run/cips/db/", "LAUREL_CHASSIS_TARGET=magnum", "LC_ALL=C", "PWD=/run/cips", "previous=N", "BCM_CONFIG_FILE=/run/cips/config-sand.bcm", "VERBOSE=no"]) = 0 <0.000342>
20141 15:09:25.296647 access("/etc/ld.so.preload", R_OK) = -1 ENOENT (No such file or directory) <0.000025>
20141 15:09:25.296783 open("/etc/ld.so.cache", O_RDONLY|O_CLOEXEC) = 8 <0.000028>
20141 15:09:25.296977 open("/lib/libm.so.6", O_RDONLY|O_CLOEXEC) = 8 <0.000078>
20141 15:09:25.297404 open("/lib/libc.so.6", O_RDONLY|O_CLOEXEC) = 8 <0.000030>
20141 15:09:25.299516 +++ exited with 1 +++
20140 15:09:25.299575 +++ exited with 0 +++
20139 15:09:25.299638 --- SIGCHLD {si_signo=SIGCHLD, si_code=CLD_EXITED, si_pid=20141, si_status=1, si_utime=0, si_stime=0} ---
20139 15:09:25.300165 +++ exited with 1 +++
3320  15:09:25.300285 --- SIGCHLD {si_signo=SIGCHLD, si_code=CLD_EXITED, si_pid=20139, si_status=1, si_utime=0, si_stime=5} ---
3293  15:09:25.338951 stat64("/etc/localtime", {st_dev=makedev(1, 0), st_ino=30625, st_mode=S_IFREG|0755, st_nlink=1, st_uid=0, st_gid=0, st_blksize=1024, st_blocks=2, st_size=118, st_atime=2018/09/25-15:08:53, st_mtime=2018/06/02-04:57:29, st_ctime=2018/06/02-04:57:29}) = 0 <0.000049>
2396  15:09:25.598987 lstat64("/run/CIPS1T_Cfg.bin", {st_dev=makedev(0, 20), st_ino=811, st_mode=S_IFREG|0644, st_nlink=1, st_uid=0, st_gid=0, st_blksize=4096, st_blocks=8, st_size=1004, st_atime=2018/09/25-15:09:22, st_mtime=2018/09/18-11:28:36, st_ctime=2018/09/18-11:28:36}) = 0 <0.000064>
2396  15:09:25.599271 open("/run/CIPS1T_Cfg.bin", O_RDONLY) = 100 <0.000055>
3293  15:09:26.341133 stat64("/etc/localtime", {st_dev=makedev(1, 0), st_ino=30625, st_mode=S_IFREG|0755, st_nlink=1, st_uid=0, st_gid=0, st_blksize=1024, st_blocks=2, st_size=118, st_atime=2018/09/25-15:08:53, st_mtime=2018/06/02-04:57:29, st_ctime=2018/06/02-04:57:29}) = 0 <0.000029>
2390  15:09:26.554386 open("/dev/cpugpio", O_RDWR) = 100 <0.000073>
2396  15:09:26.570132 open("/dev/i2c_info", O_RDWR) = 103 <0.000057>
3293  15:09:27.341488 stat64("/etc/localtime", {st_dev=makedev(1, 0), st_ino=30625, st_mode=S_IFREG|0755, st_nlink=1, st_uid=0, st_gid=0, st_blksize=1024, st_blocks=2, st_size=118, st_atime=2018/09/25-15:08:53, st_mtime=2018/06/02-04:57:29, st_ctime=2018/06/02-04:57:29}) = 0 <0.000663>
2397  15:09:27.600452 access("/home/root/BindingDb.txt", F_OK) = 0 <0.000076>
2390  15:09:27.633530 open("/dev/cpugpio", O_RDWR <unfinished ...>
20142 15:09:27.645582 execve("/bin/sh", ["sh", "-c", "cp /home/root/BindingDb.txt /mnt"], ["CONSOLE=/dev/console", "OLDPWD=/home", "HOME=/run/cips/", "runlevel=5", "INIT_VERSION=sysvinit-2.88", "TERM=linux", "PATH=/sbin:/usr/sbin:/bin:/usr/bin:/sbin", "RUNLEVEL=5", "PREVLEVEL=N", "SHELL=/bin/sh", "previous=N", "PWD=/run/cips", "BCM_CONFIG_FILE=/run/cips/config-sand.bcm", "VERBOSE=no", "LAUREL_CHASSIS_TARGET=magnum", "LAUREL_CHASSIS_TYPE=1800", "LAUREL_BOARD_CATEGORY=fcp", "RCP_HOST=169.254.13.3", "LC_ALL=C", "DPP_DB_PATH=/run/cips/db/"] <unfinished ...>
3226  15:09:27.675060 open("/var/log/proto.log", O_WRONLY|O_CREAT|O_APPEND, 0666) = 103 <0.000208>
20142 15:09:27.706006 <... execve resumed> ) = 0 <0.060222>
20142 15:09:27.707507 access("/etc/ld.so.preload", R_OK) = -1 ENOENT (No such file or directory) <0.000032>
20142 15:09:27.707686 open("/etc/ld.so.cache", O_RDONLY|O_CLOEXEC) = 8 <0.000029>
20142 15:09:27.707904 open("/lib/libm.so.6", O_RDONLY|O_CLOEXEC) = 8 <0.000029>
20142 15:09:27.708292 open("/lib/libc.so.6", O_RDONLY|O_CLOEXEC) = 8 <0.000029>
20142 15:09:27.710073 stat64("/run/cips", {st_dev=makedev(0, 20), st_ino=3571, st_mode=S_IFDIR|0755, st_nlink=4, st_uid=0, st_gid=0, st_blksize=4096, st_blocks=0, st_size=660, st_atime=2018/09/17-10:50:28, st_mtime=2018/09/18-11:30:43, st_ctime=2018/09/18-11:30:43}) = 0 <0.000024>
20142 15:09:27.710253 stat64(".", {st_dev=makedev(0, 20), st_ino=3571, st_mode=S_IFDIR|0755, st_nlink=4, st_uid=0, st_gid=0, st_blksize=4096, st_blocks=0, st_size=660, st_atime=2018/09/17-10:50:28, st_mtime=2018/09/18-11:30:43, st_ctime=2018/09/18-11:30:43}) = 0 <0.000019>
20142 15:09:27.710658 stat64("/sbin/cp", 0xff977ff8) = -1 ENOENT (No such file or directory) <0.000021>
20142 15:09:27.710775 stat64("/usr/sbin/cp", 0xff977ff8) = -1 ENOENT (No such file or directory) <0.000019>
20142 15:09:27.710857 stat64("/bin/cp", {st_dev=makedev(1, 0), st_ino=20090, st_mode=S_IFREG|0755, st_nlink=1, st_uid=0, st_gid=0, st_blksize=1024, st_blocks=2146, st_size=1091828, st_atime=2018/09/25-11:28:39, st_mtime=2017/06/14-06:20:59, st_ctime=2017/06/14-06:20:59}) = 0 <0.000024>
20143 15:09:27.711729 execve("/bin/cp", ["cp", "/home/root/BindingDb.txt", "/mnt"], ["RCP_HOST=169.254.13.3", "CONSOLE=/dev/console", "HOME=/run/cips/", "OLDPWD=/home", "runlevel=5", "INIT_VERSION=sysvinit-2.88", "LAUREL_CHASSIS_TYPE=1800", "LAUREL_BOARD_CATEGORY=fcp", "TERM=linux", "PATH=/sbin:/usr/sbin:/bin:/usr/bin:/sbin", "RUNLEVEL=5", "PREVLEVEL=N", "SHELL=/bin/sh", "DPP_DB_PATH=/run/cips/db/", "LAUREL_CHASSIS_TARGET=magnum", "LC_ALL=C", "PWD=/run/cips", "previous=N", "BCM_CONFIG_FILE=/run/cips/config-sand.bcm", "VERBOSE=no"]) = 0 <0.000447>
20143 15:09:27.712591 access("/etc/ld.so.preload", R_OK) = -1 ENOENT (No such file or directory) <0.000024>
20143 15:09:27.712733 open("/etc/ld.so.cache", O_RDONLY|O_CLOEXEC) = 8 <0.000029>
20143 15:09:27.712984 open("/lib/libm.so.6", O_RDONLY|O_CLOEXEC) = 8 <0.000033>
20143 15:09:27.713425 open("/lib/libc.so.6", O_RDONLY|O_CLOEXEC) = 8 <0.000030>
20143 15:09:27.714896 stat64("/home/root/BindingDb.txt", {st_dev=makedev(1, 0), st_ino=44005, st_mode=S_IFREG|0755, st_nlink=1, st_uid=0, st_gid=0, st_blksize=1024, st_blocks=0, st_size=0, st_atime=2018/09/24-16:38:19, st_mtime=2018/09/19-16:38:12, st_ctime=2018/09/19-16:38:12}) = 0 <0.000025>
20143 15:09:27.715073 stat64("/mnt", {st_dev=makedev(0, 22), st_ino=20482, st_mode=S_IFDIR|0777, st_nlink=3, st_uid=0, st_gid=0, st_blksize=1048576, st_blocks=8, st_size=4096, st_atime=2018/09/18-11:10:04, st_mtime=2018/09/25-15:09:21, st_ctime=2018/09/25-15:09:21}) = 0 <0.000023>
20143 15:09:27.715332 stat64("/home/root/BindingDb.txt", {st_dev=makedev(1, 0), st_ino=44005, st_mode=S_IFREG|0755, st_nlink=1, st_uid=0, st_gid=0, st_blksize=1024, st_blocks=0, st_size=0, st_atime=2018/09/24-16:38:19, st_mtime=2018/09/19-16:38:12, st_ctime=2018/09/19-16:38:12}) = 0 <0.000023>
20143 15:09:27.715470 lstat64("/mnt/BindingDb.txt", {st_dev=makedev(0, 22), st_ino=20484, st_mode=S_IFREG|0755, st_nlink=1, st_uid=0, st_gid=0, st_blksize=1048576, st_blocks=0, st_size=0, st_atime=2018/09/25-15:09:21, st_mtime=2018/09/25-15:09:21, st_ctime=2018/09/25-15:09:21}) = 0 <0.001594>
20143 15:09:27.717283 open("/home/root/BindingDb.txt", O_RDONLY|O_LARGEFILE) = 8 <0.000064>
20143 15:09:27.717431 open("/mnt/BindingDb.txt", O_WRONLY|O_CREAT|O_EXCL|O_LARGEFILE, 0100755) = -1 EEXIST (File exists) <0.000548>
20143 15:09:27.718123 unlink("/mnt/BindingDb.txt") = 0 <0.000823>
20143 15:09:27.719054 open("/mnt/BindingDb.txt", O_WRONLY|O_CREAT|O_EXCL|O_LARGEFILE, 0100755 <unfinished ...>
2390  15:09:28.280864 <... open resumed> ) = 100 <0.635544>
2396  15:09:28.301426 open("/dev/cpugpio", O_RDWR) = 100 <0.000091>
2396  15:09:28.303226 open("/dev/i2c_info", O_RDWR) = 100 <0.000052>
